Archive member included to satisfy reference by file (symbol)

c:/st/stm32cubeide_1.12.1/stm32cubeide/plugins/com.st.stm32cube.ide.mcu.externaltools.gnu-tools-for-stm32.10.3-2021.10.win32_1.0.200.202301161003/tools/bin/../lib/gcc/arm-none-eabi/10.3.1/../../../../arm-none-eabi/lib/thumb/v7-m/nofp\libc_nano.a(lib_a-errno.o)
                              ./src/bsp/syscalls.o (__errno)
c:/st/stm32cubeide_1.12.1/stm32cubeide/plugins/com.st.stm32cube.ide.mcu.externaltools.gnu-tools-for-stm32.10.3-2021.10.win32_1.0.200.202301161003/tools/bin/../lib/gcc/arm-none-eabi/10.3.1/../../../../arm-none-eabi/lib/thumb/v7-m/nofp\libc_nano.a(lib_a-exit.o)
                              c:/st/stm32cubeide_1.12.1/stm32cubeide/plugins/com.st.stm32cube.ide.mcu.externaltools.gnu-tools-for-stm32.10.3-2021.10.win32_1.0.200.202301161003/tools/bin/../lib/gcc/arm-none-eabi/10.3.1/../../../../arm-none-eabi/lib/thumb/v7-m/nofp/crt0.o (exit)
c:/st/stm32cubeide_1.12.1/stm32cubeide/plugins/com.st.stm32cube.ide.mcu.externaltools.gnu-tools-for-stm32.10.3-2021.10.win32_1.0.200.202301161003/tools/bin/../lib/gcc/arm-none-eabi/10.3.1/../../../../arm-none-eabi/lib/thumb/v7-m/nofp\libc_nano.a(lib_a-impure.o)
                              c:/st/stm32cubeide_1.12.1/stm32cubeide/plugins/com.st.stm32cube.ide.mcu.externaltools.gnu-tools-for-stm32.10.3-2021.10.win32_1.0.200.202301161003/tools/bin/../lib/gcc/arm-none-eabi/10.3.1/../../../../arm-none-eabi/lib/thumb/v7-m/nofp\libc_nano.a(lib_a-exit.o) (_global_impure_ptr)
c:/st/stm32cubeide_1.12.1/stm32cubeide/plugins/com.st.stm32cube.ide.mcu.externaltools.gnu-tools-for-stm32.10.3-2021.10.win32_1.0.200.202301161003/tools/bin/../lib/gcc/arm-none-eabi/10.3.1/../../../../arm-none-eabi/lib/thumb/v7-m/nofp\libc_nano.a(lib_a-init.o)
                              c:/st/stm32cubeide_1.12.1/stm32cubeide/plugins/com.st.stm32cube.ide.mcu.externaltools.gnu-tools-for-stm32.10.3-2021.10.win32_1.0.200.202301161003/tools/bin/../lib/gcc/arm-none-eabi/10.3.1/../../../../arm-none-eabi/lib/thumb/v7-m/nofp/crt0.o (__libc_init_array)
c:/st/stm32cubeide_1.12.1/stm32cubeide/plugins/com.st.stm32cube.ide.mcu.externaltools.gnu-tools-for-stm32.10.3-2021.10.win32_1.0.200.202301161003/tools/bin/../lib/gcc/arm-none-eabi/10.3.1/../../../../arm-none-eabi/lib/thumb/v7-m/nofp\libc_nano.a(lib_a-memset.o)
                              c:/st/stm32cubeide_1.12.1/stm32cubeide/plugins/com.st.stm32cube.ide.mcu.externaltools.gnu-tools-for-stm32.10.3-2021.10.win32_1.0.200.202301161003/tools/bin/../lib/gcc/arm-none-eabi/10.3.1/../../../../arm-none-eabi/lib/thumb/v7-m/nofp/crt0.o (memset)
c:/st/stm32cubeide_1.12.1/stm32cubeide/plugins/com.st.stm32cube.ide.mcu.externaltools.gnu-tools-for-stm32.10.3-2021.10.win32_1.0.200.202301161003/tools/bin/../lib/gcc/arm-none-eabi/10.3.1/../../../../arm-none-eabi/lib/thumb/v7-m/nofp\libc_nano.a(lib_a-vsnprintf.o)
                              ./src/hw/driver/uart.o (vsnprintf)
c:/st/stm32cubeide_1.12.1/stm32cubeide/plugins/com.st.stm32cube.ide.mcu.externaltools.gnu-tools-for-stm32.10.3-2021.10.win32_1.0.200.202301161003/tools/bin/../lib/gcc/arm-none-eabi/10.3.1/../../../../arm-none-eabi/lib/thumb/v7-m/nofp\libc_nano.a(lib_a-nano-svfprintf.o)
                              c:/st/stm32cubeide_1.12.1/stm32cubeide/plugins/com.st.stm32cube.ide.mcu.externaltools.gnu-tools-for-stm32.10.3-2021.10.win32_1.0.200.202301161003/tools/bin/../lib/gcc/arm-none-eabi/10.3.1/../../../../arm-none-eabi/lib/thumb/v7-m/nofp\libc_nano.a(lib_a-vsnprintf.o) (_svfprintf_r)
c:/st/stm32cubeide_1.12.1/stm32cubeide/plugins/com.st.stm32cube.ide.mcu.externaltools.gnu-tools-for-stm32.10.3-2021.10.win32_1.0.200.202301161003/tools/bin/../lib/gcc/arm-none-eabi/10.3.1/../../../../arm-none-eabi/lib/thumb/v7-m/nofp\libc_nano.a(lib_a-nano-vfprintf_i.o)
                              c:/st/stm32cubeide_1.12.1/stm32cubeide/plugins/com.st.stm32cube.ide.mcu.externaltools.gnu-tools-for-stm32.10.3-2021.10.win32_1.0.200.202301161003/tools/bin/../lib/gcc/arm-none-eabi/10.3.1/../../../../arm-none-eabi/lib/thumb/v7-m/nofp\libc_nano.a(lib_a-nano-svfprintf.o) (_printf_i)
c:/st/stm32cubeide_1.12.1/stm32cubeide/plugins/com.st.stm32cube.ide.mcu.externaltools.gnu-tools-for-stm32.10.3-2021.10.win32_1.0.200.202301161003/tools/bin/../lib/gcc/arm-none-eabi/10.3.1/../../../../arm-none-eabi/lib/thumb/v7-m/nofp\libc_nano.a(lib_a-memchr-stub.o)
                              c:/st/stm32cubeide_1.12.1/stm32cubeide/plugins/com.st.stm32cube.ide.mcu.externaltools.gnu-tools-for-stm32.10.3-2021.10.win32_1.0.200.202301161003/tools/bin/../lib/gcc/arm-none-eabi/10.3.1/../../../../arm-none-eabi/lib/thumb/v7-m/nofp\libc_nano.a(lib_a-nano-svfprintf.o) (memchr)
c:/st/stm32cubeide_1.12.1/stm32cubeide/plugins/com.st.stm32cube.ide.mcu.externaltools.gnu-tools-for-stm32.10.3-2021.10.win32_1.0.200.202301161003/tools/bin/../lib/gcc/arm-none-eabi/10.3.1/../../../../arm-none-eabi/lib/thumb/v7-m/nofp\libc_nano.a(lib_a-memcpy-stub.o)
[...]
Memory Configuration

Name             Origin             Length             Attributes
RAM              0x0000000020000000 0x0000000000005000 xrw
FLASH            0x0000000008000000 0x0000000000010000 xr
*default*        0x0000000000000000 0xffffffffffffffff

Linker script and memory map

LOAD c:/st/stm32cubeide_1.12.1/stm32cubeide/plugins/com.st.stm32cube.ide.mcu.externaltools.gnu-tools-for-stm32.10.3-2021.10.win32_1.0.200.202301161003/tools/bin/../lib/gcc/arm-none-eabi/10.3.1/thumb/v7-m/nofp/crti.o
LOAD c:/st/stm32cubeide_1.12.1/stm32cubeide/plugins/com.st.stm32cube.ide.mcu.externaltools.gnu-tools-for-stm32.10.3-2021.10.win32_1.0.200.202301161003/tools/bin/../lib/gcc/arm-none-eabi/10.3.1/thumb/v7-m/nofp/crtbegin.o
LOAD c:/st/stm32cubeide_1.12.1/stm32cubeide/plugins/com.st.stm32cube.ide.mcu.externaltools.gnu-tools-for-stm32.10.3-2021.10.win32_1.0.200.202301161003/tools/bin/../lib/gcc/arm-none-eabi/10.3.1/../../../../arm-none-eabi/lib/thumb/v7-m/nofp/crt0.o
LOAD ./src/ap/ap.o
LOAD ./src/bsp/bsp.o
LOAD ./src/bsp/stm32f1xx_hal_msp.o
LOAD ./src/bsp/stm32f1xx_it.o
LOAD ./src/bsp/syscalls.o
LOAD ./src/bsp/sysmem.o
LOAD ./src/bsp/system_stm32f1xx.o
LOAD ./src/bsp/startup/startup_stm32f103c8tx.o
LOAD ./src/hw/driver/led.o
LOAD ./src/hw/driver/uart.o
LOAD ./src/hw/hw.o
LOAD ./src/lib/cube_f103/Drivers/STM32F1xx_HAL_Driver/Src/stm32f1xx_hal.o
LOAD ./src/lib/cube_f103/Drivers/STM32F1xx_HAL_Driver/Src/stm32f1xx_hal_cortex.o
LOAD ./src/lib/cube_f103/Drivers/STM32F1xx_HAL_Driver/Src/stm32f1xx_hal_dma.o
LOAD ./src/lib/cube_f103/Drivers/STM32F1xx_HAL_Driver/Src/stm32f1xx_hal_exti.o
LOAD ./src/lib/cube_f103/Drivers/STM32F1xx_HAL_Driver/Src/stm32f1xx_hal_flash.o
LOAD ./src/lib/cube_f103/Drivers/STM32F1xx_HAL_Driver/Src/stm32f1xx_hal_flash_ex.o
LOAD ./src/lib/cube_f103/Drivers/STM32F1xx_HAL_Driver/Src/stm32f1xx_hal_gpio.o
LOAD ./src/lib/cube_f103/Drivers/STM32F1xx_HAL_Driver/Src/stm32f1xx_hal_gpio_ex.o
LOAD ./src/lib/cube_f103/Drivers/STM32F1xx_HAL_Driver/Src/stm32f1xx_hal_pcd.o
LOAD ./src/lib/cube_f103/Drivers/STM32F1xx_HAL_Driver/Src/stm32f1xx_hal_pcd_ex.o
LOAD ./src/lib/cube_f103/Drivers/STM32F1xx_HAL_Driver/Src/stm32f1xx_hal_pwr.o
LOAD ./src/lib/cube_f103/Drivers/STM32F1xx_HAL_Driver/Src/stm32f1xx_hal_rcc.o
LOAD ./src/lib/cube_f103/Drivers/STM32F1xx_HAL_Driver/Src/stm32f1xx_hal_rcc_ex.o
LOAD ./src/lib/cube_f103/Drivers/STM32F1xx_HAL_Driver/Src/stm32f1xx_hal_tim.o
LOAD ./src/lib/cube_f103/Drivers/STM32F1xx_HAL_Driver/Src/stm32f1xx_hal_tim_ex.o
LOAD ./src/lib/cube_f103/Drivers/STM32F1xx_HAL_Driver/Src/stm32f1xx_ll_usb.o
LOAD ./src/lib/cube_f103/Middlewares/ST/STM32_USB_Device_Library/Class/CDC/Src/usbd_cdc.o
LOAD ./src/lib/cube_f103/Middlewares/ST/STM32_USB_Device_Library/Core/Src/usbd_core.o
LOAD ./src/lib/cube_f103/Middlewares/ST/STM32_USB_Device_Library/Core/Src/usbd_ctlreq.o
LOAD ./src/lib/cube_f103/Middlewares/ST/STM32_USB_Device_Library/Core/Src/usbd_ioreq.o
LOAD ./src/lib/cube_f103/USB_DEVICE/App/usb_device.o
LOAD ./src/lib/cube_f103/USB_DEVICE/App/usbd_cdc_if.o
LOAD ./src/lib/cube_f103/USB_DEVICE/App/usbd_desc.o
LOAD ./src/lib/cube_f103/USB_DEVICE/Target/usbd_conf.o
LOAD ./src/main.o
START GROUP
LOAD c:/st/stm32cubeide_1.12.1/stm32cubeide/plugins/com.st.stm32cube.ide.mcu.externaltools.gnu-tools-for-stm32.10.3-2021.10.win32_1.0.200.202301161003/tools/bin/../lib/gcc/arm-none-eabi/10.3.1/../../../../arm-none-eabi/lib/thumb/v7-m/nofp\libc_nano.a
LOAD c:/st/stm32cubeide_1.12.1/stm32cubeide/plugins/com.st.stm32cube.ide.mcu.externaltools.gnu-tools-for-stm32.10.3-2021.10.win32_1.0.200.202301161003/tools/bin/../lib/gcc/arm-none-eabi/10.3.1/../../../../arm-none-eabi/lib/thumb/v7-m/nofp\libm.a
END GROUP
START GROUP
LOAD c:/st/stm32cubeide_1.12.1/stm32cubeide/plugins/com.st.stm32cube.ide.mcu.externaltools.gnu-tools-for-stm32.10.3-2021.10.win32_1.0.200.202301161003/tools/bin/../lib/gcc/arm-none-eabi/10.3.1/thumb/v7-m/nofp\libgcc.a
LOAD c:/st/stm32cubeide_1.12.1/stm32cubeide/plugins/com.st.stm32cube.ide.mcu.externaltools.gnu-tools-for-stm32.10.3-2021.10.win32_1.0.200.202301161003/tools/bin/../lib/gcc/arm-none-eabi/10.3.1/../../../../arm-none-eabi/lib/thumb/v7-m/nofp\libc_nano.a
END GROUP
START GROUP
LOAD c:/st/stm32cubeide_1.12.1/stm32cubeide/plugins/com.st.stm32cube.ide.mcu.externaltools.gnu-tools-for-stm32.10.3-2021.10.win32_1.0.200.202301161003/tools/bin/../lib/gcc/arm-none-eabi/10.3.1/thumb/v7-m/nofp\libgcc.a
LOAD c:/st/stm32cubeide_1.12.1/stm32cubeide/plugins/com.st.stm32cube.ide.mcu.externaltools.gnu-tools-for-stm32.10.3-2021.10.win32_1.0.200.202301161003/tools/bin/../lib/gcc/arm-none-eabi/10.3.1/../../../../arm-none-eabi/lib/thumb/v7-m/nofp\libc_nano.a
LOAD c:/st/stm32cubeide_1.12.1/stm32cubeide/plugins/com.st.stm32cube.ide.mcu.externaltools.gnu-tools-for-stm32.10.3-2021.10.win32_1.0.200.202301161003/tools/bin/../lib/gcc/arm-none-eabi/10.3.1/../../../../arm-none-eabi/lib/thumb/v7-m/nofp\libnosys.a
END GROUP
START GROUP
LOAD c:/st/stm32cubeide_1.12.1/stm32cubeide/plugins/com.st.stm32cube.ide.mcu.externaltools.gnu-tools-for-stm32.10.3-2021.10.win32_1.0.200.202301161003/tools/bin/../lib/gcc/arm-none-eabi/10.3.1/thumb/v7-m/nofp\libgcc.a
LOAD c:/st/stm32cubeide_1.12.1/stm32cubeide/plugins/com.st.stm32cube.ide.mcu.externaltools.gnu-tools-for-stm32.10.3-2021.10.win32_1.0.200.202301161003/tools/bin/../lib/gcc/arm-none-eabi/10.3.1/../../../../arm-none-eabi/lib/thumb/v7-m/nofp\libc_nano.a
LOAD c:/st/stm32cubeide_1.12.1/stm32cubeide/plugins/com.st.stm32cube.ide.mcu.externaltools.gnu-tools-for-stm32.10.3-2021.10.win32_1.0.200.202301161003/tools/bin/../lib/gcc/arm-none-eabi/10.3.1/../../../../arm-none-eabi/lib/thumb/v7-m/nofp\libnosys.a
END GROUP
LOAD c:/st/stm32cubeide_1.12.1/stm32cubeide/plugins/com.st.stm32cube.ide.mcu.externaltools.gnu-tools-for-stm32.10.3-2021.10.win32_1.0.200.202301161003/tools/bin/../lib/gcc/arm-none-eabi/10.3.1/thumb/v7-m/nofp/crtend.o
LOAD c:/st/stm32cubeide_1.12.1/stm32cubeide/plugins/com.st.stm32cube.ide.mcu.externaltools.gnu-tools-for-stm32.10.3-2021.10.win32_1.0.200.202301161003/tools/bin/../lib/gcc/arm-none-eabi/10.3.1/thumb/v7-m/nofp/crtn.o
                0x0000000020005000                _estack = (ORIGIN (RAM) + LENGTH (RAM))
                0x0000000000000200                _Min_Heap_Size = 0x200
                0x0000000000000400                _Min_Stack_Size = 0x400

.isr_vector     0x0000000008000000      0x10c
                0x0000000008000000                . = ALIGN (0x4)
 *(.isr_vector)
 .isr_vector    0x0000000008000000      0x10c ./src/bsp/startup/startup_stm32f103c8tx.o
                0x0000000008000000                g_pfnVectors
                0x000000000800010c                . = ALIGN (0x4)

.text           0x000000000800010c     0x83e4
                0x000000000800010c                . = ALIGN (0x4)
 *(.text)
 .text          0x000000000800010c       0x40 c:/st/stm32cubeide_1.12.1/stm32cubeide/plugins/com.st.stm32cube.ide.mcu.externaltools.gnu-tools-for-stm32.10.3-2021.10.win32_1.0.200.202301161003/tools/bin/../lib/gcc/arm-none-eabi/10.3.1/thumb/v7-m/nofp/crtbegin.o
 *(.text*)
 .text.apInit   0x000000000800014c       0x12 ./src/ap/ap.o
                0x000000000800014c                apInit
 *fill*         0x000000000800015e        0x2 
 .text.apMain   0x0000000008000160       0x84 ./src/ap/ap.o
                0x0000000008000160                apMain
 .text.bspInit  0x00000000080001e4       0xac ./src/bsp/bsp.o
                0x00000000080001e4                bspInit
 .text.delay    0x0000000008000290       0x16 ./src/bsp/bsp.o
                0x0000000008000290                delay
 .text.millis   0x00000000080002a6        0xe ./src/bsp/bsp.o
                0x00000000080002a6                millis
 .text.SystemClock_Config
                0x00000000080002b4       0xb4 ./src/bsp/bsp.o
                0x00000000080002b4                SystemClock_Config
 .text.Error_Handler
                0x0000000008000368        0xa ./src/bsp/bsp.o
                0x0000000008000368                Error_Handler
 *fill*         0x0000000008000372        0x2 
 .text.HAL_MspInit
                0x0000000008000374       0x64 ./src/bsp/stm32f1xx_hal_msp.o
                0x0000000008000374                HAL_MspInit
 .text.NMI_Handler
                0x00000000080003d8        0x6 ./src/bsp/stm32f1xx_it.o
                0x00000000080003d8                NMI_Handler
 .text.HardFault_Handler
                0x00000000080003de        0x6 ./src/bsp/stm32f1xx_it.o
                0x00000000080003de                HardFault_Handler
 .text.MemManage_Handler
                0x00000000080003e4        0x6 ./src/bsp/stm32f1xx_it.o
                0x00000000080003e4                MemManage_Handler
 .text.BusFault_Handler
                0x00000000080003ea        0x6 ./src/bsp/stm32f1xx_it.o
                0x00000000080003ea                BusFault_Handler
 .text.UsageFault_Handler
                0x00000000080003f0        0x6 ./src/bsp/stm32f1xx_it.o
                0x00000000080003f0                UsageFault_Handler
 .text.SVC_Handler
                0x00000000080003f6        0xc ./src/bsp/stm32f1xx_it.o
                0x00000000080003f6                SVC_Handler
 .text.DebugMon_Handler
                0x0000000008000402        0xc ./src/bsp/stm32f1xx_it.o
                0x0000000008000402                DebugMon_Handler
 .text.PendSV_Handler
                0x000000000800040e        0xc ./src/bsp/stm32f1xx_it.o
                0x000000000800040e                PendSV_Handler
 .text.SysTick_Handler
                0x000000000800041a        0xc ./src/bsp/stm32f1xx_it.o
                0x000000000800041a                SysTick_Handler
 *fill*         0x0000000008000426        0x2 
 .text.USB_LP_CAN1_RX0_IRQHandler
                0x0000000008000428       0x14 ./src/bsp/stm32f1xx_it.o
                0x0000000008000428                USB_LP_CAN1_RX0_IRQHandler
 .text._sbrk    0x000000000800043c       0x6c ./src/bsp/sysmem.o
                0x000000000800043c                _sbrk
 .text.SystemInit
                0x00000000080004a8        0xc ./src/bsp/system_stm32f1xx.o
                0x00000000080004a8                SystemInit
 .text.Reset_Handler
                0x00000000080004b4       0x48 ./src/bsp/startup/startup_stm32f103c8tx.o
                0x00000000080004b4                Reset_Handler
 .text.Default_Handler
                0x00000000080004fc        0x2 ./src/bsp/startup/startup_stm32f103c8tx.o
                0x00000000080004fc                RTC_Alarm_IRQHandler
                0x00000000080004fc                EXTI2_IRQHandler
                0x00000000080004fc                TIM1_CC_IRQHandler
                0x00000000080004fc                PVD_IRQHandler
                0x00000000080004fc                EXTI3_IRQHandler
                0x00000000080004fc                EXTI0_IRQHandler
                0x00000000080004fc                I2C2_EV_IRQHandler
                0x00000000080004fc                ADC1_2_IRQHandler
                0x00000000080004fc                SPI1_IRQHandler
                0x00000000080004fc                TAMPER_IRQHandler
                0x00000000080004fc                DMA1_Channel4_IRQHandler
                0x00000000080004fc                USART3_IRQHandler
                0x00000000080004fc                RTC_IRQHandler
                0x00000000080004fc                DMA1_Channel7_IRQHandler
                0x00000000080004fc                CAN1_RX1_IRQHandler
                0x00000000080004fc                TIM4_IRQHandler
                0x00000000080004fc                I2C1_EV_IRQHandler
                0x00000000080004fc                DMA1_Channel6_IRQHandler
                0x00000000080004fc                TIM3_IRQHandler
                0x00000000080004fc                RCC_IRQHandler
                0x00000000080004fc                TIM1_TRG_COM_IRQHandler
                0x00000000080004fc                DMA1_Channel1_IRQHandler
                0x00000000080004fc                Default_Handler
                0x00000000080004fc                EXTI15_10_IRQHandler
                0x00000000080004fc                EXTI9_5_IRQHandler
                0x00000000080004fc                SPI2_IRQHandler
                0x00000000080004fc                DMA1_Channel5_IRQHandler
                0x00000000080004fc                EXTI4_IRQHandler
                0x00000000080004fc                USB_HP_CAN1_TX_IRQHandler
                0x00000000080004fc                DMA1_Channel3_IRQHandler
                0x00000000080004fc                TIM1_UP_IRQHandler
                0x00000000080004fc                WWDG_IRQHandler
                0x00000000080004fc                TIM2_IRQHandler
                0x00000000080004fc                TIM1_BRK_IRQHandler
                0x00000000080004fc                EXTI1_IRQHandler
                0x00000000080004fc                USART2_IRQHandler
                0x00000000080004fc                I2C2_ER_IRQHandler
                0x00000000080004fc                DMA1_Channel2_IRQHandler
                0x00000000080004fc                CAN1_SCE_IRQHandler
                0x00000000080004fc                FLASH_IRQHandler
                0x00000000080004fc                USART1_IRQHandler
                0x00000000080004fc                I2C1_ER_IRQHandler
                0x00000000080004fc                USBWakeUp_IRQHandler
 *fill*         0x00000000080004fe        0x2 
 .text.ledInit  0x0000000008000500       0x8c ./src/hw/driver/led.o
                0x0000000008000500                ledInit
 .text.ledOff   0x000000000800058c       0x40 ./src/hw/driver/led.o
                0x000000000800058c                ledOff
 .text.ledToggle
                0x00000000080005cc       0x38 ./src/hw/driver/led.o
                0x00000000080005cc                ledToggle
 .text.uartOpen
                0x0000000008000604       0x34 ./src/hw/driver/uart.o
                0x0000000008000604                uartOpen
 .text.uartAvailable
                0x0000000008000638       0x26 ./src/hw/driver/uart.o
                0x0000000008000638                uartAvailable
 .text.uartRead
                0x000000000800065e       0x24 ./src/hw/driver/uart.o
                0x000000000800065e                uartRead
 .text.uartWrite
                0x0000000008000682       0x2e ./src/hw/driver/uart.o
                0x0000000008000682                uartWrite
 .text.uartPrintf
                0x00000000080006b0       0x70 ./src/hw/driver/uart.o
                0x00000000080006b0                uartPrintf
 .text.uartGetBaud
                0x0000000008000720       0x26 ./src/hw/driver/uart.o
                0x0000000008000720                uartGetBaud
 .text.hwInit   0x0000000008000746       0x10 ./src/hw/hw.o
                0x0000000008000746                hwInit
 *fill*         0x0000000008000756        0x2 
 .text.HAL_Init
                0x0000000008000758       0x2c ./src/lib/cube_f103/Drivers/STM32F1xx_HAL_Driver/Src/stm32f1xx_hal.o
                0x0000000008000758                HAL_Init
 .text.HAL_InitTick
                0x0000000008000784       0x60 ./src/lib/cube_f103/Drivers/STM32F1xx_HAL_Driver/Src/stm32f1xx_hal.o
                0x0000000008000784                HAL_InitTick
 .text.HAL_IncTick
                0x00000000080007e4       0x24 ./src/lib/cube_f103/Drivers/STM32F1xx_HAL_Driver/Src/stm32f1xx_hal.o
                0x00000000080007e4                HAL_IncTick
 .text.HAL_GetTick
                0x0000000008000808       0x14 ./src/lib/cube_f103/Drivers/STM32F1xx_HAL_Driver/Src/stm32f1xx_hal.o
                0x0000000008000808                HAL_GetTick
 .text.HAL_Delay
                0x000000000800081c       0x48 ./src/lib/cube_f103/Drivers/STM32F1xx_HAL_Driver/Src/stm32f1xx_hal.o
                0x000000000800081c                HAL_Delay
 .text.__NVIC_SetPriorityGrouping
                0x0000000008000864       0x48 ./src/lib/cube_f103/Drivers/STM32F1xx_HAL_Driver/Src/stm32f1xx_hal_cortex.o
 .text.__NVIC_GetPriorityGrouping
                0x00000000080008ac       0x1c ./src/lib/cube_f103/Drivers/STM32F1xx_HAL_Driver/Src/stm32f1xx_hal_cortex.o
 .text.__NVIC_EnableIRQ
                0x00000000080008c8       0x38 ./src/lib/cube_f103/Drivers/STM32F1xx_HAL_Driver/Src/stm32f1xx_hal_cortex.o
 .text.__NVIC_SetPriority
                0x0000000008000900       0x54 ./src/lib/cube_f103/Drivers/STM32F1xx_HAL_Driver/Src/stm32f1xx_hal_cortex.o
 .text.NVIC_EncodePriority
                0x0000000008000954       0x64 ./src/lib/cube_f103/Drivers/STM32F1xx_HAL_Driver/Src/stm32f1xx_hal_cortex.o
 .text.SysTick_Config
                0x00000000080009b8       0x44 ./src/lib/cube_f103/Drivers/STM32F1xx_HAL_Driver/Src/stm32f1xx_hal_cortex.o
 .text.HAL_NVIC_SetPriorityGrouping
                0x00000000080009fc       0x16 ./src/lib/cube_f103/Drivers/STM32F1xx_HAL_Driver/Src/stm32f1xx_hal_cortex.o
                0x00000000080009fc                HAL_NVIC_SetPriorityGrouping
 .text.HAL_NVIC_SetPriority
                0x0000000008000a12       0x38 ./src/lib/cube_f103/Drivers/STM32F1xx_HAL_Driver/Src/stm32f1xx_hal_cortex.o
                0x0000000008000a12                HAL_NVIC_SetPriority
 .text.HAL_NVIC_EnableIRQ
                0x0000000008000a4a       0x1c ./src/lib/cube_f103/Drivers/STM32F1xx_HAL_Driver/Src/stm32f1xx_hal_cortex.o
                0x0000000008000a4a                HAL_NVIC_EnableIRQ
 .text.HAL_SYSTICK_Config
                0x0000000008000a66       0x18 ./src/lib/cube_f103/Drivers/STM32F1xx_HAL_Driver/Src/stm32f1xx_hal_cortex.o
                0x0000000008000a66                HAL_SYSTICK_Config
 *fill*         0x0000000008000a7e        0x2 
 .text.HAL_GPIO_Init
                0x0000000008000a80      0x308 ./src/lib/cube_f103/Drivers/STM32F1xx_HAL_Driver/Src/stm32f1xx_hal_gpio.o
                0x0000000008000a80                HAL_GPIO_Init
 .text.HAL_GPIO_WritePin
                0x0000000008000d88       0x30 ./src/lib/cube_f103/Drivers/STM32F1xx_HAL_Driver/Src/stm32f1xx_hal_gpio.o
                0x0000000008000d88                HAL_GPIO_WritePin
 .text.HAL_GPIO_TogglePin
                0x0000000008000db8       0x32 ./src/lib/cube_f103/Drivers/STM32F1xx_HAL_Driver/Src/stm32f1xx_hal_gpio.o
                0x0000000008000db8                HAL_GPIO_TogglePin
 .text.HAL_PCD_Init
                0x0000000008000dea      0x1fe ./src/lib/cube_f103/Drivers/STM32F1xx_HAL_Driver/Src/stm32f1xx_hal_pcd.o
                0x0000000008000dea                HAL_PCD_Init
 .text.HAL_PCD_Start
                0x0000000008000fe8       0x4c ./src/lib/cube_f103/Drivers/STM32F1xx_HAL_Driver/Src/stm32f1xx_hal_pcd.o
                0x0000000008000fe8                HAL_PCD_Start
 .text.HAL_PCD_IRQHandler
                0x0000000008001034      0x260 ./src/lib/cube_f103/Drivers/STM32F1xx_HAL_Driver/Src/stm32f1xx_hal_pcd.o
                0x0000000008001034                HAL_PCD_IRQHandler
 .text.HAL_PCD_SetAddress
                0x0000000008001294       0x4a ./src/lib/cube_f103/Drivers/STM32F1xx_HAL_Driver/Src/stm32f1xx_hal_pcd.o
                0x0000000008001294                HAL_PCD_SetAddress
 .text.HAL_PCD_EP_Open
                0x00000000080012de       0xba ./src/lib/cube_f103/Drivers/STM32F1xx_HAL_Driver/Src/stm32f1xx_hal_pcd.o
                0x00000000080012de                HAL_PCD_EP_Open
 .text.HAL_PCD_EP_Close
                0x0000000008001398       0x90 ./src/lib/cube_f103/Drivers/STM32F1xx_HAL_Driver/Src/stm32f1xx_hal_pcd.o
                0x0000000008001398                HAL_PCD_EP_Close
 .text.HAL_PCD_EP_Receive
                0x0000000008001428       0x62 ./src/lib/cube_f103/Drivers/STM32F1xx_HAL_Driver/Src/stm32f1xx_hal_pcd.o
                0x0000000008001428                HAL_PCD_EP_Receive
 .text.HAL_PCD_EP_GetRxCount
                0x000000000800148a       0x2e ./src/lib/cube_f103/Drivers/STM32F1xx_HAL_Driver/Src/stm32f1xx_hal_pcd.o
                0x000000000800148a                HAL_PCD_EP_GetRxCount
 .text.HAL_PCD_EP_Transmit
                0x00000000080014b8       0x6e ./src/lib/cube_f103/Drivers/STM32F1xx_HAL_Driver/Src/stm32f1xx_hal_pcd.o
                0x00000000080014b8                HAL_PCD_EP_Transmit
 .text.HAL_PCD_EP_SetStall
                0x0000000008001526       0xc0 ./src/lib/cube_f103/Drivers/STM32F1xx_HAL_Driver/Src/stm32f1xx_hal_pcd.o
                0x0000000008001526                HAL_PCD_EP_SetStall
 .text.HAL_PCD_EP_ClrStall
                0x00000000080015e6       0xa8 ./src/lib/cube_f103/Drivers/STM32F1xx_HAL_Driver/Src/stm32f1xx_hal_pcd.o
                0x00000000080015e6                HAL_PCD_EP_ClrStall
 .text.PCD_EP_ISR_Handler
                0x000000000800168e      0x7a6 ./src/lib/cube_f103/Drivers/STM32F1xx_HAL_Driver/Src/stm32f1xx_hal_pcd.o
 .text.HAL_PCD_EP_DB_Receive
                0x0000000008001e34      0x21a ./src/lib/cube_f103/Drivers/STM32F1xx_HAL_Driver/Src/stm32f1xx_hal_pcd.o
 .text.HAL_PCD_EP_DB_Transmit
                0x000000000800204e      0x7f4 ./src/lib/cube_f103/Drivers/STM32F1xx_HAL_Driver/Src/stm32f1xx_hal_pcd.o
 .text.HAL_PCDEx_PMAConfig
                0x0000000008002842       0x84 ./src/lib/cube_f103/Drivers/STM32F1xx_HAL_Driver/Src/stm32f1xx_hal_pcd_ex.o
                0x0000000008002842                HAL_PCDEx_PMAConfig
 *fill*         0x00000000080028c6        0x2 
 .text.HAL_RCC_OscConfig
                0x00000000080028c8      0x504 ./src/lib/cube_f103/Drivers/STM32F1xx_HAL_Driver/Src/stm32f1xx_hal_rcc.o
                0x00000000080028c8                HAL_RCC_OscConfig
 .text.HAL_RCC_ClockConfig
                0x0000000008002dcc      0x1d4 ./src/lib/cube_f103/Drivers/STM32F1xx_HAL_Driver/Src/stm32f1xx_hal_rcc.o
                0x0000000008002dcc                HAL_RCC_ClockConfig
 .text.HAL_RCC_GetSysClockFreq
                0x0000000008002fa0       0xa8 ./src/lib/cube_f103/Drivers/STM32F1xx_HAL_Driver/Src/stm32f1xx_hal_rcc.o
                0x0000000008002fa0                HAL_RCC_GetSysClockFreq
 .text.RCC_Delay
                0x0000000008003048       0x3c ./src/lib/cube_f103/Drivers/STM32F1xx_HAL_Driver/Src/stm32f1xx_hal_rcc.o
 .text.HAL_RCCEx_PeriphCLKConfig
                0x0000000008003084      0x16c ./src/lib/cube_f103/Drivers/STM32F1xx_HAL_Driver/Src/stm32f1xx_hal_rcc_ex.o
                0x0000000008003084                HAL_RCCEx_PeriphCLKConfig
 .text.USB_CoreInit
                0x00000000080031f0       0x20 ./src/lib/cube_f103/Drivers/STM32F1xx_HAL_Driver/Src/stm32f1xx_ll_usb.o
                0x00000000080031f0                USB_CoreInit
 .text.USB_EnableGlobalInt
                0x0000000008003210       0x2c ./src/lib/cube_f103/Drivers/STM32F1xx_HAL_Driver/Src/stm32f1xx_ll_usb.o
                0x0000000008003210                USB_EnableGlobalInt
 .text.USB_DisableGlobalInt
                0x000000000800323c       0x34 ./src/lib/cube_f103/Drivers/STM32F1xx_HAL_Driver/Src/stm32f1xx_ll_usb.o
                0x000000000800323c                USB_DisableGlobalInt
 .text.USB_SetCurrentMode
                0x0000000008003270       0x18 ./src/lib/cube_f103/Drivers/STM32F1xx_HAL_Driver/Src/stm32f1xx_ll_usb.o
                0x0000000008003270                USB_SetCurrentMode
 .text.USB_DevInit
                0x0000000008003288       0x40 ./src/lib/cube_f103/Drivers/STM32F1xx_HAL_Driver/Src/stm32f1xx_ll_usb.o
                0x0000000008003288                USB_DevInit
 .text.USB_ActivateEndpoint
                0x00000000080032c8      0x780 ./src/lib/cube_f103/Drivers/STM32F1xx_HAL_Driver/Src/stm32f1xx_ll_usb.o
                0x00000000080032c8                USB_ActivateEndpoint
 .text.USB_DeactivateEndpoint
                0x0000000008003a48      0x3d8 ./src/lib/cube_f103/Drivers/STM32F1xx_HAL_Driver/Src/stm32f1xx_ll_usb.o
                0x0000000008003a48                USB_DeactivateEndpoint
 .text.USB_EPStartXfer
                0x0000000008003e20     0x1762 ./src/lib/cube_f103/Drivers/STM32F1xx_HAL_Driver/Src/stm32f1xx_ll_usb.o
                0x0000000008003e20                USB_EPStartXfer
 .text.USB_EPSetStall
                0x0000000008005582       0xa0 ./src/lib/cube_f103/Drivers/STM32F1xx_HAL_Driver/Src/stm32f1xx_ll_usb.o
                0x0000000008005582                USB_EPSetStall
 .text.USB_EPClearStall
                0x0000000008005622      0x15a ./src/lib/cube_f103/Drivers/STM32F1xx_HAL_Driver/Src/stm32f1xx_ll_usb.o
                0x0000000008005622                USB_EPClearStall
 .text.USB_SetDevAddress
                0x000000000800577c       0x26 ./src/lib/cube_f103/Drivers/STM32F1xx_HAL_Driver/Src/stm32f1xx_ll_usb.o
                0x000000000800577c                USB_SetDevAddress
 .text.USB_DevConnect
                0x00000000080057a2       0x14 ./src/lib/cube_f103/Drivers/STM32F1xx_HAL_Driver/Src/stm32f1xx_ll_usb.o
                0x00000000080057a2                USB_DevConnect
 .text.USB_DevDisconnect
                0x00000000080057b6       0x14 ./src/lib/cube_f103/Drivers/STM32F1xx_HAL_Driver/Src/stm32f1xx_ll_usb.o
                0x00000000080057b6                USB_DevDisconnect
 .text.USB_ReadInterrupts
                0x00000000080057ca       0x1e ./src/lib/cube_f103/Drivers/STM32F1xx_HAL_Driver/Src/stm32f1xx_ll_usb.o
                0x00000000080057ca                USB_ReadInterrupts
 .text.USB_EP0_OutStart
                0x00000000080057e8       0x16 ./src/lib/cube_f103/Drivers/STM32F1xx_HAL_Driver/Src/stm32f1xx_ll_usb.o
                0x00000000080057e8                USB_EP0_OutStart
 .text.USB_WritePMA
                0x00000000080057fe       0x8a ./src/lib/cube_f103/Drivers/STM32F1xx_HAL_Driver/Src/stm32f1xx_ll_usb.o
                0x00000000080057fe                USB_WritePMA
 .text.USB_ReadPMA
                0x0000000008005888       0x9e ./src/lib/cube_f103/Drivers/STM32F1xx_HAL_Driver/Src/stm32f1xx_ll_usb.o
                0x0000000008005888                USB_ReadPMA
 .text.USBD_CDC_Init
                0x0000000008005926       0xf4 ./src/lib/cube_f103/Middlewares/ST/STM32_USB_Device_Library/Class/CDC/Src/usbd_cdc.o
 .text.USBD_CDC_DeInit
                0x0000000008005a1a       0x6e ./src/lib/cube_f103/Middlewares/ST/STM32_USB_Device_Library/Class/CDC/Src/usbd_cdc.o
 .text.USBD_CDC_Setup
                0x0000000008005a88      0x146 ./src/lib/cube_f103/Middlewares/ST/STM32_USB_Device_Library/Class/CDC/Src/usbd_cdc.o
 .text.USBD_CDC_DataIn
                0x0000000008005bce       0xa6 ./src/lib/cube_f103/Middlewares/ST/STM32_USB_Device_Library/Class/CDC/Src/usbd_cdc.o
 .text.USBD_CDC_DataOut
                0x0000000008005c74       0x56 ./src/lib/cube_f103/Middlewares/ST/STM32_USB_Device_Library/Class/CDC/Src/usbd_cdc.o
 .text.USBD_CDC_EP0_RxReady
                0x0000000008005cca       0x50 ./src/lib/cube_f103/Middlewares/ST/STM32_USB_Device_Library/Class/CDC/Src/usbd_cdc.o
 *fill*         0x0000000008005d1a        0x2 
 .text.USBD_CDC_GetFSCfgDesc
                0x0000000008005d1c       0x20 ./src/lib/cube_f103/Middlewares/ST/STM32_USB_Device_Library/Class/CDC/Src/usbd_cdc.o
 .text.USBD_CDC_GetHSCfgDesc
                0x0000000008005d3c       0x20 ./src/lib/cube_f103/Middlewares/ST/STM32_USB_Device_Library/Class/CDC/Src/usbd_cdc.o
 .text.USBD_CDC_GetOtherSpeedCfgDesc
                0x0000000008005d5c       0x20 ./src/lib/cube_f103/Middlewares/ST/STM32_USB_Device_Library/Class/CDC/Src/usbd_cdc.o
 .text.USBD_CDC_GetDeviceQualifierDescriptor
                0x0000000008005d7c       0x20 ./src/lib/cube_f103/Middlewares/ST/STM32_USB_Device_Library/Class/CDC/Src/usbd_cdc.o
                0x0000000008005d7c                USBD_CDC_GetDeviceQualifierDescriptor
 .text.USBD_CDC_RegisterInterface
                0x0000000008005d9c       0x2c ./src/lib/cube_f103/Middlewares/ST/STM32_USB_Device_Library/Class/CDC/Src/usbd_cdc.o
                0x0000000008005d9c                USBD_CDC_RegisterInterface
 .text.USBD_CDC_SetTxBuffer
                0x0000000008005dc8       0x32 ./src/lib/cube_f103/Middlewares/ST/STM32_USB_Device_Library/Class/CDC/Src/usbd_cdc.o
                0x0000000008005dc8                USBD_CDC_SetTxBuffer
 .text.USBD_CDC_SetRxBuffer
                0x0000000008005dfa       0x26 ./src/lib/cube_f103/Middlewares/ST/STM32_USB_Device_Library/Class/CDC/Src/usbd_cdc.o
                0x0000000008005dfa                USBD_CDC_SetRxBuffer
 .text.USBD_CDC_TransmitPacket
                0x0000000008005e20       0x5e ./src/lib/cube_f103/Middlewares/ST/STM32_USB_Device_Library/Class/CDC/Src/usbd_cdc.o
                0x0000000008005e20                USBD_CDC_TransmitPacket
 .text.USBD_CDC_ReceivePacket
                0x0000000008005e7e       0x54 ./src/lib/cube_f103/Middlewares/ST/STM32_USB_Device_Library/Class/CDC/Src/usbd_cdc.o
                0x0000000008005e7e                USBD_CDC_ReceivePacket
 .text.USBD_Init
                0x0000000008005ed2       0x56 ./src/lib/cube_f103/Middlewares/ST/STM32_USB_Device_Library/Core/Src/usbd_core.o
                0x0000000008005ed2                USBD_Init
 .text.USBD_RegisterClass
                0x0000000008005f28       0x32 ./src/lib/cube_f103/Middlewares/ST/STM32_USB_Device_Library/Core/Src/usbd_core.o
                0x0000000008005f28                USBD_RegisterClass
 .text.USBD_Start
                0x0000000008005f5a       0x18 ./src/lib/cube_f103/Middlewares/ST/STM32_USB_Device_Library/Core/Src/usbd_core.o
                0x0000000008005f5a                USBD_Start
 .text.USBD_RunTestMode
                0x0000000008005f72       0x14 ./src/lib/cube_f103/Middlewares/ST/STM32_USB_Device_Library/Core/Src/usbd_core.o
                0x0000000008005f72                USBD_RunTestMode
 .text.USBD_SetClassConfig
                0x0000000008005f86       0x3e ./src/lib/cube_f103/Middlewares/ST/STM32_USB_Device_Library/Core/Src/usbd_core.o
                0x0000000008005f86                USBD_SetClassConfig
 .text.USBD_ClrClassConfig
                0x0000000008005fc4       0x26 ./src/lib/cube_f103/Middlewares/ST/STM32_USB_Device_Library/Core/Src/usbd_core.o
                0x0000000008005fc4                USBD_ClrClassConfig
 .text.USBD_LL_SetupStage
                0x0000000008005fea       0x9a ./src/lib/cube_f103/Middlewares/ST/STM32_USB_Device_Library/Core/Src/usbd_core.o
                0x0000000008005fea                USBD_LL_SetupStage
 .text.USBD_LL_DataOutStage
                0x0000000008006084       0xe2 ./src/lib/cube_f103/Middlewares/ST/STM32_USB_Device_Library/Core/Src/usbd_core.o
                0x0000000008006084                USBD_LL_DataOutStage
 .text.USBD_LL_DataInStage
                0x0000000008006166      0x14a ./src/lib/cube_f103/Middlewares/ST/STM32_USB_Device_Library/Core/Src/usbd_core.o
                0x0000000008006166                USBD_LL_DataInStage
 .text.USBD_LL_Reset
                0x00000000080062b0       0x82 ./src/lib/cube_f103/Middlewares/ST/STM32_USB_Device_Library/Core/Src/usbd_core.o
                0x00000000080062b0                USBD_LL_Reset
 .text.USBD_LL_SetSpeed
                0x0000000008006332       0x1e ./src/lib/cube_f103/Middlewares/ST/STM32_USB_Device_Library/Core/Src/usbd_core.o
                0x0000000008006332                USBD_LL_SetSpeed
 .text.USBD_LL_Suspend
                0x0000000008006350       0x28 ./src/lib/cube_f103/Middlewares/ST/STM32_USB_Device_Library/Core/Src/usbd_core.o
                0x0000000008006350                USBD_LL_Suspend
 .text.USBD_LL_Resume
                0x0000000008006378       0x2a ./src/lib/cube_f103/Middlewares/ST/STM32_USB_Device_Library/Core/Src/usbd_core.o
                0x0000000008006378                USBD_LL_Resume
 .text.USBD_LL_SOF
                0x00000000080063a2       0x34 ./src/lib/cube_f103/Middlewares/ST/STM32_USB_Device_Library/Core/Src/usbd_core.o
                0x00000000080063a2                USBD_LL_SOF
 *fill*         0x00000000080063d6        0x2 
 .text.USBD_StdDevReq
                0x00000000080063d8       0xd4 ./src/lib/cube_f103/Middlewares/ST/STM32_USB_Device_Library/Core/Src/usbd_ctlreq.o
                0x00000000080063d8                USBD_StdDevReq
 .text.USBD_StdItfReq
                0x00000000080064ac       0x90 ./src/lib/cube_f103/Middlewares/ST/STM32_USB_Device_Library/Core/Src/usbd_ctlreq.o
                0x00000000080064ac                USBD_StdItfReq
 .text.USBD_StdEPReq
                0x000000000800653c      0x2c6 ./src/lib/cube_f103/Middlewares/ST/STM32_USB_Device_Library/Core/Src/usbd_ctlreq.o
                0x000000000800653c                USBD_StdEPReq
 *fill*         0x0000000008006802        0x2 
 .text.USBD_GetDescriptor
                0x0000000008006804      0x2d0 ./src/lib/cube_f103/Middlewares/ST/STM32_USB_Device_Library/Core/Src/usbd_ctlreq.o
 .text.USBD_SetAddress
                0x0000000008006ad4       0x86 ./src/lib/cube_f103/Middlewares/ST/STM32_USB_Device_Library/Core/Src/usbd_ctlreq.o
 *fill*         0x0000000008006b5a        0x2 
 .text.USBD_SetConfig
                0x0000000008006b5c      0x11c ./src/lib/cube_f103/Middlewares/ST/STM32_USB_Device_Library/Core/Src/usbd_ctlreq.o
 .text.USBD_GetConfig
                0x0000000008006c78       0x6a ./src/lib/cube_f103/Middlewares/ST/STM32_USB_Device_Library/Core/Src/usbd_ctlreq.o
 .text.USBD_GetStatus
                0x0000000008006ce2       0x66 ./src/lib/cube_f103/Middlewares/ST/STM32_USB_Device_Library/Core/Src/usbd_ctlreq.o
 .text.USBD_SetFeature
                0x0000000008006d48       0x28 ./src/lib/cube_f103/Middlewares/ST/STM32_USB_Device_Library/Core/Src/usbd_ctlreq.o
 .text.USBD_ClrFeature
                0x0000000008006d70       0x42 ./src/lib/cube_f103/Middlewares/ST/STM32_USB_Device_Library/Core/Src/usbd_ctlreq.o
 .text.USBD_ParseSetupRequest
                0x0000000008006db2       0x78 ./src/lib/cube_f103/Middlewares/ST/STM32_USB_Device_Library/Core/Src/usbd_ctlreq.o
                0x0000000008006db2                USBD_ParseSetupRequest
 .text.USBD_CtlError
                0x0000000008006e2a       0x22 ./src/lib/cube_f103/Middlewares/ST/STM32_USB_Device_Library/Core/Src/usbd_ctlreq.o
                0x0000000008006e2a                USBD_CtlError
 .text.USBD_GetString
                0x0000000008006e4c       0x84 ./src/lib/cube_f103/Middlewares/ST/STM32_USB_Device_Library/Core/Src/usbd_ctlreq.o
                0x0000000008006e4c                USBD_GetString
 .text.USBD_GetLen
                0x0000000008006ed0       0x2e ./src/lib/cube_f103/Middlewares/ST/STM32_USB_Device_Library/Core/Src/usbd_ctlreq.o
 .text.USBD_CtlSendData
                0x0000000008006efe       0x38 ./src/lib/cube_f103/Middlewares/ST/STM32_USB_Device_Library/Core/Src/usbd_ioreq.o
                0x0000000008006efe                USBD_CtlSendData
 .text.USBD_CtlContinueSendData
                0x0000000008006f36       0x24 ./src/lib/cube_f103/Middlewares/ST/STM32_USB_Device_Library/Core/Src/usbd_ioreq.o
                0x0000000008006f36                USBD_CtlContinueSendData
 .text.USBD_CtlPrepareRx
                0x0000000008006f5a       0x3c ./src/lib/cube_f103/Middlewares/ST/STM32_USB_Device_Library/Core/Src/usbd_ioreq.o
                0x0000000008006f5a                USBD_CtlPrepareRx
 .text.USBD_CtlContinueRx
                0x0000000008006f96       0x24 ./src/lib/cube_f103/Middlewares/ST/STM32_USB_Device_Library/Core/Src/usbd_ioreq.o
                0x0000000008006f96                USBD_CtlContinueRx
 .text.USBD_CtlSendStatus
                0x0000000008006fba       0x26 ./src/lib/cube_f103/Middlewares/ST/STM32_USB_Device_Library/Core/Src/usbd_ioreq.o
                0x0000000008006fba                USBD_CtlSendStatus
 .text.USBD_CtlReceiveStatus
                0x0000000008006fe0       0x26 ./src/lib/cube_f103/Middlewares/ST/STM32_USB_Device_Library/Core/Src/usbd_ioreq.o
                0x0000000008006fe0                USBD_CtlReceiveStatus
 *fill*         0x0000000008007006        0x2 
 .text.MX_USB_DEVICE_Init
                0x0000000008007008       0x60 ./src/lib/cube_f103/USB_DEVICE/App/usb_device.o
                0x0000000008007008                MX_USB_DEVICE_Init
 .text.cdcAvailable
                0x0000000008007068       0x2c ./src/lib/cube_f103/USB_DEVICE/App/usbd_cdc_if.o
                0x0000000008007068                cdcAvailable
 .text.cdcRead  0x0000000008007094       0x44 ./src/lib/cube_f103/USB_DEVICE/App/usbd_cdc_if.o
                0x0000000008007094                cdcRead
 .text.cdcDataIn
                0x00000000080070d8       0x48 ./src/lib/cube_f103/USB_DEVICE/App/usbd_cdc_if.o
                0x00000000080070d8                cdcDataIn
 .text.cdcWrite
                0x0000000008007120       0x50 ./src/lib/cube_f103/USB_DEVICE/App/usbd_cdc_if.o
                0x0000000008007120                cdcWrite
 .text.cdcGetBaud
                0x0000000008007170       0x14 ./src/lib/cube_f103/USB_DEVICE/App/usbd_cdc_if.o
                0x0000000008007170                cdcGetBaud
 .text.CDC_Init_FS
                0x0000000008007184       0x28 ./src/lib/cube_f103/USB_DEVICE/App/usbd_cdc_if.o
 .text.CDC_DeInit_FS
                0x00000000080071ac        0xe ./src/lib/cube_f103/USB_DEVICE/App/usbd_cdc_if.o
 *fill*         0x00000000080071ba        0x2 
 .text.CDC_Control_FS
                0x00000000080071bc      0x170 ./src/lib/cube_f103/USB_DEVICE/App/usbd_cdc_if.o
 .text.CDC_Receive_FS
                0x000000000800732c       0x4c ./src/lib/cube_f103/USB_DEVICE/App/usbd_cdc_if.o
 .text.CDC_Transmit_FS
                0x0000000008007378       0x4c ./src/lib/cube_f103/USB_DEVICE/App/usbd_cdc_if.o
                0x0000000008007378                CDC_Transmit_FS
 .text.USBD_FS_DeviceDescriptor
                0x00000000080073c4       0x24 ./src/lib/cube_f103/USB_DEVICE/App/usbd_desc.o
                0x00000000080073c4                USBD_FS_DeviceDescriptor
 .text.USBD_FS_LangIDStrDescriptor
                0x00000000080073e8       0x24 ./src/lib/cube_f103/USB_DEVICE/App/usbd_desc.o
                0x00000000080073e8                USBD_FS_LangIDStrDescriptor
 .text.USBD_FS_ProductStrDescriptor
                0x000000000800740c       0x3c ./src/lib/cube_f103/USB_DEVICE/App/usbd_desc.o
                0x000000000800740c                USBD_FS_ProductStrDescriptor
 .text.USBD_FS_ManufacturerStrDescriptor
                0x0000000008007448       0x28 ./src/lib/cube_f103/USB_DEVICE/App/usbd_desc.o
                0x0000000008007448                USBD_FS_ManufacturerStrDescriptor
 .text.USBD_FS_SerialStrDescriptor
                0x0000000008007470       0x24 ./src/lib/cube_f103/USB_DEVICE/App/usbd_desc.o
                0x0000000008007470                USBD_FS_SerialStrDescriptor
 .text.USBD_FS_ConfigStrDescriptor
                0x0000000008007494       0x3c ./src/lib/cube_f103/USB_DEVICE/App/usbd_desc.o
                0x0000000008007494                USBD_FS_ConfigStrDescriptor
 .text.USBD_FS_InterfaceStrDescriptor
                0x00000000080074d0       0x3c ./src/lib/cube_f103/USB_DEVICE/App/usbd_desc.o
                0x00000000080074d0                USBD_FS_InterfaceStrDescriptor
 .text.Get_SerialNum
                0x000000000800750c       0x58 ./src/lib/cube_f103/USB_DEVICE/App/usbd_desc.o
 .text.IntToUnicode
                0x0000000008007564       0x7c ./src/lib/cube_f103/USB_DEVICE/App/usbd_desc.o
 .text.HAL_PCD_MspInit
                0x00000000080075e0       0x4c ./src/lib/cube_f103/USB_DEVICE/Target/usbd_conf.o
                0x00000000080075e0                HAL_PCD_MspInit
 .text.HAL_PCD_SetupStageCallback
                0x000000000800762c       0x24 ./src/lib/cube_f103/USB_DEVICE/Target/usbd_conf.o
                0x000000000800762c                HAL_PCD_SetupStageCallback
 .text.HAL_PCD_DataOutStageCallback
                0x0000000008007650       0x36 ./src/lib/cube_f103/USB_DEVICE/Target/usbd_conf.o
                0x0000000008007650                HAL_PCD_DataOutStageCallback
 .text.HAL_PCD_DataInStageCallback
                0x0000000008007686       0x34 ./src/lib/cube_f103/USB_DEVICE/Target/usbd_conf.o
                0x0000000008007686                HAL_PCD_DataInStageCallback
 .text.HAL_PCD_SOFCallback
                0x00000000080076ba       0x1c ./src/lib/cube_f103/USB_DEVICE/Target/usbd_conf.o
                0x00000000080076ba                HAL_PCD_SOFCallback
 .text.HAL_PCD_ResetCallback
                0x00000000080076d6       0x3c ./src/lib/cube_f103/USB_DEVICE/Target/usbd_conf.o
                0x00000000080076d6                HAL_PCD_ResetCallback
 *fill*         0x0000000008007712        0x2 
 .text.HAL_PCD_SuspendCallback
                0x0000000008007714       0x34 ./src/lib/cube_f103/USB_DEVICE/Target/usbd_conf.o
                0x0000000008007714                HAL_PCD_SuspendCallback
 .text.HAL_PCD_ResumeCallback
                0x0000000008007748       0x1c ./src/lib/cube_f103/USB_DEVICE/Target/usbd_conf.o
                0x0000000008007748                HAL_PCD_ResumeCallback
 .text.USBD_LL_Init
                0x0000000008007764       0xb4 ./src/lib/cube_f103/USB_DEVICE/Target/usbd_conf.o
                0x0000000008007764                USBD_LL_Init
 .text.USBD_LL_Start
                0x0000000008007818       0x36 ./src/lib/cube_f103/USB_DEVICE/Target/usbd_conf.o
                0x0000000008007818                USBD_LL_Start
 .text.USBD_LL_OpenEP
                0x000000000800784e       0x4c ./src/lib/cube_f103/USB_DEVICE/Target/usbd_conf.o
                0x000000000800784e                USBD_LL_OpenEP
 .text.USBD_LL_CloseEP
                0x000000000800789a       0x3e ./src/lib/cube_f103/USB_DEVICE/Target/usbd_conf.o
                0x000000000800789a                USBD_LL_CloseEP
 .text.USBD_LL_StallEP
                0x00000000080078d8       0x3e ./src/lib/cube_f103/USB_DEVICE/Target/usbd_conf.o
                0x00000000080078d8                USBD_LL_StallEP
 .text.USBD_LL_ClearStallEP
                0x0000000008007916       0x3e ./src/lib/cube_f103/USB_DEVICE/Target/usbd_conf.o
                0x0000000008007916                USBD_LL_ClearStallEP
 .text.USBD_LL_IsStallEP
                0x0000000008007954       0x58 ./src/lib/cube_f103/USB_DEVICE/Target/usbd_conf.o
                0x0000000008007954                USBD_LL_IsStallEP
 .text.USBD_LL_SetUSBAddress
                0x00000000080079ac       0x3e ./src/lib/cube_f103/USB_DEVICE/Target/usbd_conf.o
                0x00000000080079ac                USBD_LL_SetUSBAddress
 .text.USBD_LL_Transmit
                0x00000000080079ea       0x46 ./src/lib/cube_f103/USB_DEVICE/Target/usbd_conf.o
                0x00000000080079ea                USBD_LL_Transmit
 .text.USBD_LL_PrepareReceive
                0x0000000008007a30       0x46 ./src/lib/cube_f103/USB_DEVICE/Target/usbd_conf.o
                0x0000000008007a30                USBD_LL_PrepareReceive
 .text.USBD_LL_GetRxDataSize
                0x0000000008007a76       0x26 ./src/lib/cube_f103/USB_DEVICE/Target/usbd_conf.o
                0x0000000008007a76                USBD_LL_GetRxDataSize
 .text.USBD_static_malloc
                0x0000000008007a9c       0x18 ./src/lib/cube_f103/USB_DEVICE/Target/usbd_conf.o
                0x0000000008007a9c                USBD_static_malloc
 .text.USBD_static_free
                0x0000000008007ab4       0x12 ./src/lib/cube_f103/USB_DEVICE/Target/usbd_conf.o
                0x0000000008007ab4                USBD_static_free
 .text.HAL_PCDEx_SetConnectionState
                0x0000000008007ac6       0x16 ./src/lib/cube_f103/USB_DEVICE/Target/usbd_conf.o
                0x0000000008007ac6                HAL_PCDEx_SetConnectionState
 .text.USBD_Get_USB_Status
                0x0000000008007adc       0x58 ./src/lib/cube_f103/USB_DEVICE/Target/usbd_conf.o
 .text.main     0x0000000008007b34       0x16 ./src/main.o
                0x0000000008007b34                main
 *fill*         0x0000000008007b4a        0x2 
 .text.__errno  0x0000000008007b4c        0xc c:/st/stm32cubeide_1.12.1/stm32cubeide/plugins/com.st.stm32cube.ide.mcu.externaltools.gnu-tools-for-stm32.10.3-2021.10.win32_1.0.200.202301161003/tools/bin/../lib/gcc/arm-none-eabi/10.3.1/../../../../arm-none-eabi/lib/thumb/v7-m/nofp\libc_nano.a(lib_a-errno.o)
                0x0000000008007b4c                __errno
 .text.__libc_init_array
                0x0000000008007b58       0x48 c:/st/stm32cubeide_1.12.1/stm32cubeide/plugins/com.st.stm32cube.ide.mcu.externaltools.gnu-tools-for-stm32.10.3-2021.10.win32_1.0.200.202301161003/tools/bin/../lib/gcc/arm-none-eabi/10.3.1/../../../../arm-none-eabi/lib/thumb/v7-m/nofp\libc_nano.a(lib_a-init.o)
                0x0000000008007b58                __libc_init_array
 .text.memset   0x0000000008007ba0       0x10 c:/st/stm32cubeide_1.12.1/stm32cubeide/plugins/com.st.stm32cube.ide.mcu.externaltools.gnu-tools-for-stm32.10.3-2021.10.win32_1.0.200.202301161003/tools/bin/../lib/gcc/arm-none-eabi/10.3.1/../../../../arm-none-eabi/lib/thumb/v7-m/nofp\libc_nano.a(lib_a-memset.o)
                0x0000000008007ba0                memset
 .text._vsnprintf_r
                0x0000000008007bb0       0x56 c:/st/stm32cubeide_1.12.1/stm32cubeide/plugins/com.st.stm32cube.ide.mcu.externaltools.gnu-tools-for-stm32.10.3-2021.10.win32_1.0.200.202301161003/tools/bin/../lib/gcc/arm-none-eabi/10.3.1/../../../../arm-none-eabi/lib/thumb/v7-m/nofp\libc_nano.a(lib_a-vsnprintf.o)
                0x0000000008007bb0                _vsniprintf_r
                0x0000000008007bb0                _vsnprintf_r
 *fill*         0x0000000008007c06        0x2 
 .text.vsnprintf
                0x0000000008007c08       0x1c c:/st/stm32cubeide_1.12.1/stm32cubeide/plugins/com.st.stm32cube.ide.mcu.externaltools.gnu-tools-for-stm32.10.3-2021.10.win32_1.0.200.202301161003/tools/bin/../lib/gcc/arm-none-eabi/10.3.1/../../../../arm-none-eabi/lib/thumb/v7-m/nofp\libc_nano.a(lib_a-vsnprintf.o)
                0x0000000008007c08                vsniprintf
                0x0000000008007c08                vsnprintf
 .text.__ssputs_r
                0x0000000008007c24       0xb6 c:/st/stm32cubeide_1.12.1/stm32cubeide/plugins/com.st.stm32cube.ide.mcu.externaltools.gnu-tools-for-stm32.10.3-2021.10.win32_1.0.200.202301161003/tools/bin/../lib/gcc/arm-none-eabi/10.3.1/../../../../arm-none-eabi/lib/thumb/v7-m/nofp\libc_nano.a(lib_a-nano-svfprintf.o)
                0x0000000008007c24                __ssputs_r
 *fill*         0x0000000008007cda        0x2 
 .text._svfprintf_r
                0x0000000008007cdc      0x200 c:/st/stm32cubeide_1.12.1/stm32cubeide/plugins/com.st.stm32cube.ide.mcu.externaltools.gnu-tools-for-stm32.10.3-2021.10.win32_1.0.200.202301161003/tools/bin/../lib/gcc/arm-none-eabi/10.3.1/../../../../arm-none-eabi/lib/thumb/v7-m/nofp\libc_nano.a(lib_a-nano-svfprintf.o)
                0x0000000008007cdc                _svfiprintf_r
                0x0000000008007cdc                _svfprintf_r
 .text._printf_common
                0x0000000008007edc       0xde c:/st/stm32cubeide_1.12.1/stm32cubeide/plugins/com.st.stm32cube.ide.mcu.externaltools.gnu-tools-for-stm32.10.3-2021.10.win32_1.0.200.202301161003/tools/bin/../lib/gcc/arm-none-eabi/10.3.1/../../../../arm-none-eabi/lib/thumb/v7-m/nofp\libc_nano.a(lib_a-nano-vfprintf_i.o)
                0x0000000008007edc                _printf_common
 *fill*         0x0000000008007fba        0x2 
 .text._printf_i
                0x0000000008007fbc      0x24c c:/st/stm32cubeide_1.12.1/stm32cubeide/plugins/com.st.stm32cube.ide.mcu.externaltools.gnu-tools-for-stm32.10.3-2021.10.win32_1.0.200.202301161003/tools/bin/../lib/gcc/arm-none-eabi/10.3.1/../../../../arm-none-eabi/lib/thumb/v7-m/nofp\libc_nano.a(lib_a-nano-vfprintf_i.o)
                0x0000000008007fbc                _printf_i
 .text.memchr   0x0000000008008208       0x1c c:/st/stm32cubeide_1.12.1/stm32cubeide/plugins/com.st.stm32cube.ide.mcu.externaltools.gnu-tools-for-stm32.10.3-2021.10.win32_1.0.200.202301161003/tools/bin/../lib/gcc/arm-none-eabi/10.3.1/../../../../arm-none-eabi/lib/thumb/v7-m/nofp\libc_nano.a(lib_a-memchr-stub.o)
                0x0000000008008208                memchr
 .text.memcpy   0x0000000008008224       0x1c c:/st/stm32cubeide_1.12.1/stm32cubeide/plugins/com.st.stm32cube.ide.mcu.externaltools.gnu-tools-for-stm32.10.3-2021.10.win32_1.0.200.202301161003/tools/bin/../lib/gcc/arm-none-eabi/10.3.1/../../../../arm-none-eabi/lib/thumb/v7-m/nofp\libc_nano.a(lib_a-memcpy-stub.o)
                0x0000000008008224                memcpy
 .text.memmove  0x0000000008008240       0x34 c:/st/stm32cubeide_1.12.1/stm32cubeide/plugins/com.st.stm32cube.ide.mcu.externaltools.gnu-tools-for-stm32.10.3-2021.10.win32_1.0.200.202301161003/tools/bin/../lib/gcc/arm-none-eabi/10.3.1/../../../../arm-none-eabi/lib/thumb/v7-m/nofp\libc_nano.a(lib_a-memmove.o)
                0x0000000008008240                memmove
 .text._free_r  0x0000000008008274       0x90 c:/st/stm32cubeide_1.12.1/stm32cubeide/plugins/com.st.stm32cube.ide.mcu.externaltools.gnu-tools-for-stm32.10.3-2021.10.win32_1.0.200.202301161003/tools/bin/../lib/gcc/arm-none-eabi/10.3.1/../../../../arm-none-eabi/lib/thumb/v7-m/nofp\libc_nano.a(lib_a-nano-freer.o)
                0x0000000008008274                _free_r
 .text.sbrk_aligned
                0x0000000008008304       0x40 c:/st/stm32cubeide_1.12.1/stm32cubeide/plugins/com.st.stm32cube.ide.mcu.externaltools.gnu-tools-for-stm32.10.3-2021.10.win32_1.0.200.202301161003/tools/bin/../lib/gcc/arm-none-eabi/10.3.1/../../../../arm-none-eabi/lib/thumb/v7-m/nofp\libc_nano.a(lib_a-nano-mallocr.o)
 .text._malloc_r
                0x0000000008008344       0xe8 c:/st/stm32cubeide_1.12.1/stm32cubeide/plugins/com.st.stm32cube.ide.mcu.externaltools.gnu-tools-for-stm32.10.3-2021.10.win32_1.0.200.202301161003/tools/bin/../lib/gcc/arm-none-eabi/10.3.1/../../../../arm-none-eabi/lib/thumb/v7-m/nofp\libc_nano.a(lib_a-nano-mallocr.o)
                0x0000000008008344                _malloc_r
 .text._realloc_r
                0x000000000800842c       0x5e c:/st/stm32cubeide_1.12.1/stm32cubeide/plugins/com.st.stm32cube.ide.mcu.externaltools.gnu-tools-for-stm32.10.3-2021.10.win32_1.0.200.202301161003/tools/bin/../lib/gcc/arm-none-eabi/10.3.1/../../../../arm-none-eabi/lib/thumb/v7-m/nofp\libc_nano.a(lib_a-nano-reallocr.o)
                0x000000000800842c                _realloc_r
 *fill*         0x000000000800848a        0x2 
 .text._sbrk_r  0x000000000800848c       0x20 c:/st/stm32cubeide_1.12.1/stm32cubeide/plugins/com.st.stm32cube.ide.mcu.externaltools.gnu-tools-for-stm32.10.3-2021.10.win32_1.0.200.202301161003/tools/bin/../lib/gcc/arm-none-eabi/10.3.1/../../../../arm-none-eabi/lib/thumb/v7-m/nofp\libc_nano.a(lib_a-sbrkr.o)
                0x000000000800848c                _sbrk_r
 .text.__malloc_lock
                0x00000000080084ac        0xc c:/st/stm32cubeide_1.12.1/stm32cubeide/plugins/com.st.stm32cube.ide.mcu.externaltools.gnu-tools-for-stm32.10.3-2021.10.win32_1.0.200.202301161003/tools/bin/../lib/gcc/arm-none-eabi/10.3.1/../../../../arm-none-eabi/lib/thumb/v7-m/nofp\libc_nano.a(lib_a-mlock.o)
                0x00000000080084ac                __malloc_lock
 .text.__malloc_unlock
                0x00000000080084b8        0xc c:/st/stm32cubeide_1.12.1/stm32cubeide/plugins/com.st.stm32cube.ide.mcu.externaltools.gnu-tools-for-stm32.10.3-2021.10.win32_1.0.200.202301161003/tools/bin/../lib/gcc/arm-none-eabi/10.3.1/../../../../arm-none-eabi/lib/thumb/v7-m/nofp\libc_nano.a(lib_a-mlock.o)
                0x00000000080084b8                __malloc_unlock
 .text._malloc_usable_size_r
                0x00000000080084c4       0x10 c:/st/stm32cubeide_1.12.1/stm32cubeide/plugins/com.st.stm32cube.ide.mcu.externaltools.gnu-tools-for-stm32.10.3-2021.10.win32_1.0.200.202301161003/tools/bin/../lib/gcc/arm-none-eabi/10.3.1/../../../../arm-none-eabi/lib/thumb/v7-m/nofp\libc_nano.a(lib_a-nano-msizer.o)
                0x00000000080084c4                _malloc_usable_size_r
 .text.__retarget_lock_acquire_recursive
                0x00000000080084d4        0x2 c:/st/stm32cubeide_1.12.1/stm32cubeide/plugins/com.st.stm32cube.ide.mcu.externaltools.gnu-tools-for-stm32.10.3-2021.10.win32_1.0.200.202301161003/tools/bin/../lib/gcc/arm-none-eabi/10.3.1/../../../../arm-none-eabi/lib/thumb/v7-m/nofp\libc_nano.a(lib_a-lock.o)
                0x00000000080084d4                __retarget_lock_acquire_recursive
 .text.__retarget_lock_release_recursive
                0x00000000080084d6        0x2 c:/st/stm32cubeide_1.12.1/stm32cubeide/plugins/com.st.stm32cube.ide.mcu.externaltools.gnu-tools-for-stm32.10.3-2021.10.win32_1.0.200.202301161003/tools/bin/../lib/gcc/arm-none-eabi/10.3.1/../../../../arm-none-eabi/lib/thumb/v7-m/nofp\libc_nano.a(lib_a-lock.o)
                0x00000000080084d6                __retarget_lock_release_recursive
 *(.glue_7)
 .glue_7        0x00000000080084d8        0x0 linker stubs
 *(.glue_7t)
 .glue_7t       0x00000000080084d8        0x0 linker stubs
 *(.eh_frame)
 .eh_frame      0x00000000080084d8        0x0 c:/st/stm32cubeide_1.12.1/stm32cubeide/plugins/com.st.stm32cube.ide.mcu.externaltools.gnu-tools-for-stm32.10.3-2021.10.win32_1.0.200.202301161003/tools/bin/../lib/gcc/arm-none-eabi/10.3.1/thumb/v7-m/nofp/crtbegin.o
 *(.init)
 .init          0x00000000080084d8        0x4 c:/st/stm32cubeide_1.12.1/stm32cubeide/plugins/com.st.stm32cube.ide.mcu.externaltools.gnu-tools-for-stm32.10.3-2021.10.win32_1.0.200.202301161003/tools/bin/../lib/gcc/arm-none-eabi/10.3.1/thumb/v7-m/nofp/crti.o
                0x00000000080084d8                _init
 .init          0x00000000080084dc        0x8 c:/st/stm32cubeide_1.12.1/stm32cubeide/plugins/com.st.stm32cube.ide.mcu.externaltools.gnu-tools-for-stm32.10.3-2021.10.win32_1.0.200.202301161003/tools/bin/../lib/gcc/arm-none-eabi/10.3.1/thumb/v7-m/nofp/crtn.o
 *(.fini)
 .fini          0x00000000080084e4        0x4 c:/st/stm32cubeide_1.12.1/stm32cubeide/plugins/com.st.stm32cube.ide.mcu.externaltools.gnu-tools-for-stm32.10.3-2021.10.win32_1.0.200.202301161003/tools/bin/../lib/gcc/arm-none-eabi/10.3.1/thumb/v7-m/nofp/crti.o
                0x00000000080084e4                _fini
 .fini          0x00000000080084e8        0x8 c:/st/stm32cubeide_1.12.1/stm32cubeide/plugins/com.st.stm32cube.ide.mcu.externaltools.gnu-tools-for-stm32.10.3-2021.10.win32_1.0.200.202301161003/tools/bin/../lib/gcc/arm-none-eabi/10.3.1/thumb/v7-m/nofp/crtn.o
                0x00000000080084f0                . = ALIGN (0x4)
                0x00000000080084f0                _etext = .

.vfp11_veneer   0x00000000080084f0        0x0
 .vfp11_veneer  0x00000000080084f0        0x0 linker stubs

.v4_bx          0x00000000080084f0        0x0
 .v4_bx         0x00000000080084f0        0x0 linker stubs

.iplt           0x00000000080084f0        0x0
 .iplt          0x00000000080084f0        0x0 c:/st/stm32cubeide_1.12.1/stm32cubeide/plugins/com.st.stm32cube.ide.mcu.externaltools.gnu-tools-for-stm32.10.3-2021.10.win32_1.0.200.202301161003/tools/bin/../lib/gcc/arm-none-eabi/10.3.1/thumb/v7-m/nofp/crtbegin.o

.rodata         0x00000000080084f0       0xc8
                0x00000000080084f0                . = ALIGN (0x4)
 *(.rodata)
 .rodata        0x00000000080084f0       0x26 ./src/ap/ap.o
 *fill*         0x0000000008008516        0x2 
 .rodata        0x0000000008008518       0x46 ./src/lib/cube_f103/USB_DEVICE/App/usbd_desc.o
 *(.rodata*)
 *fill*         0x000000000800855e        0x2 
 .rodata.AHBPrescTable
                0x0000000008008560       0x10 ./src/bsp/system_stm32f1xx.o
                0x0000000008008560                AHBPrescTable
 .rodata.aPLLMULFactorTable.1
                0x0000000008008570       0x10 ./src/lib/cube_f103/Drivers/STM32F1xx_HAL_Driver/Src/stm32f1xx_hal_rcc.o
 .rodata.aPredivFactorTable.0
                0x0000000008008580        0x2 ./src/lib/cube_f103/Drivers/STM32F1xx_HAL_Driver/Src/stm32f1xx_hal_rcc.o
 .rodata._svfprintf_r.str1.1
                0x0000000008008582       0x11 c:/st/stm32cubeide_1.12.1/stm32cubeide/plugins/com.st.stm32cube.ide.mcu.externaltools.gnu-tools-for-stm32.10.3-2021.10.win32_1.0.200.202301161003/tools/bin/../lib/gcc/arm-none-eabi/10.3.1/../../../../arm-none-eabi/lib/thumb/v7-m/nofp\libc_nano.a(lib_a-nano-svfprintf.o)
 .rodata._printf_i.str1.1
                0x0000000008008593       0x22 c:/st/stm32cubeide_1.12.1/stm32cubeide/plugins/com.st.stm32cube.ide.mcu.externaltools.gnu-tools-for-stm32.10.3-2021.10.win32_1.0.200.202301161003/tools/bin/../lib/gcc/arm-none-eabi/10.3.1/../../../../arm-none-eabi/lib/thumb/v7-m/nofp\libc_nano.a(lib_a-nano-vfprintf_i.o)
                0x00000000080085b8                . = ALIGN (0x4)
 *fill*         0x00000000080085b5        0x3 

.rel.dyn        0x00000000080085b8        0x0
 .rel.iplt      0x00000000080085b8        0x0 c:/st/stm32cubeide_1.12.1/stm32cubeide/plugins/com.st.stm32cube.ide.mcu.externaltools.gnu-tools-for-stm32.10.3-2021.10.win32_1.0.200.202301161003/tools/bin/../lib/gcc/arm-none-eabi/10.3.1/thumb/v7-m/nofp/crtbegin.o

.ARM.extab      0x00000000080085b8        0x0
                0x00000000080085b8                . = ALIGN (0x4)
 *(.ARM.extab* .gnu.linkonce.armextab.*)
                0x00000000080085b8                . = ALIGN (0x4)

.ARM            0x00000000080085b8        0x0
                0x00000000080085b8                . = ALIGN (0x4)
                0x00000000080085b8                __exidx_start = .
 *(.ARM.exidx*)
                0x00000000080085b8                __exidx_end = .
                0x00000000080085b8                . = ALIGN (0x4)

.preinit_array  0x00000000080085b8        0x0
                0x00000000080085b8                . = ALIGN (0x4)
                0x00000000080085b8                PROVIDE (__preinit_array_start = .)
 *(.preinit_array*)
                0x00000000080085b8                PROVIDE (__preinit_array_end = .)
                0x00000000080085b8                . = ALIGN (0x4)

.init_array     0x00000000080085b8        0x4
                0x00000000080085b8                . = ALIGN (0x4)
                0x00000000080085b8                PROVIDE (__init_array_start = .)
 *(SORT_BY_NAME(.init_array.*))
 *(.init_array*)
 .init_array    0x00000000080085b8        0x4 c:/st/stm32cubeide_1.12.1/stm32cubeide/plugins/com.st.stm32cube.ide.mcu.externaltools.gnu-tools-for-stm32.10.3-2021.10.win32_1.0.200.202301161003/tools/bin/../lib/gcc/arm-none-eabi/10.3.1/thumb/v7-m/nofp/crtbegin.o
                0x00000000080085bc                PROVIDE (__init_array_end = .)
                0x00000000080085bc                . = ALIGN (0x4)

.fini_array     0x00000000080085bc        0x4
                0x00000000080085bc                . = ALIGN (0x4)
                [!provide]                        PROVIDE (__fini_array_start = .)
 *(SORT_BY_NAME(.fini_array.*))
 *(.fini_array*)
 .fini_array    0x00000000080085bc        0x4 c:/st/stm32cubeide_1.12.1/stm32cubeide/plugins/com.st.stm32cube.ide.mcu.externaltools.gnu-tools-for-stm32.10.3-2021.10.win32_1.0.200.202301161003/tools/bin/../lib/gcc/arm-none-eabi/10.3.1/thumb/v7-m/nofp/crtbegin.o
                [!provide]                        PROVIDE (__fini_array_end = .)
                0x00000000080085c0                . = ALIGN (0x4)
                0x00000000080085c0                _sidata = LOADADDR (.data)

.data           0x0000000020000000      0x1f0 load address 0x00000000080085c0
                0x0000000020000000                . = ALIGN (0x4)
                0x0000000020000000                _sdata = .
 *(.data)
 *(.data*)
 .data.SystemCoreClock
                0x0000000020000000        0x4 ./src/bsp/system_stm32f1xx.o
                0x0000000020000000                SystemCoreClock
 .data.led_tbl  0x0000000020000004        0x8 ./src/hw/driver/led.o
                0x0000000020000004                led_tbl
 .data.uwTickPrio
                0x000000002000000c        0x4 ./src/lib/cube_f103/Drivers/STM32F1xx_HAL_Driver/Src/stm32f1xx_hal.o
                0x000000002000000c                uwTickPrio
 .data.uwTickFreq
                0x0000000020000010        0x1 ./src/lib/cube_f103/Drivers/STM32F1xx_HAL_Driver/Src/stm32f1xx_hal.o
                0x0000000020000010                uwTickFreq
 *fill*         0x0000000020000011        0x3 
 .data.USBD_CDC_DeviceQualifierDesc
                0x0000000020000014        0xa ./src/lib/cube_f103/Middlewares/ST/STM32_USB_Device_Library/Class/CDC/Src/usbd_cdc.o
 *fill*         0x000000002000001e        0x2 
 .data.USBD_CDC
                0x0000000020000020       0x38 ./src/lib/cube_f103/Middlewares/ST/STM32_USB_Device_Library/Class/CDC/Src/usbd_cdc.o
                0x0000000020000020                USBD_CDC
 .data.USBD_CDC_CfgHSDesc
                0x0000000020000058       0x43 ./src/lib/cube_f103/Middlewares/ST/STM32_USB_Device_Library/Class/CDC/Src/usbd_cdc.o
                0x0000000020000058                USBD_CDC_CfgHSDesc
 *fill*         0x000000002000009b        0x1 
 .data.USBD_CDC_CfgFSDesc
                0x000000002000009c       0x43 ./src/lib/cube_f103/Middlewares/ST/STM32_USB_Device_Library/Class/CDC/Src/usbd_cdc.o
                0x000000002000009c                USBD_CDC_CfgFSDesc
 *fill*         0x00000000200000df        0x1 
 .data.USBD_CDC_OtherSpeedCfgDesc
                0x00000000200000e0       0x43 ./src/lib/cube_f103/Middlewares/ST/STM32_USB_Device_Library/Class/CDC/Src/usbd_cdc.o
                0x00000000200000e0                USBD_CDC_OtherSpeedCfgDesc
 *fill*         0x0000000020000123        0x1 
 .data.LineCoding
                0x0000000020000124        0x8 ./src/lib/cube_f103/USB_DEVICE/App/usbd_cdc_if.o
                0x0000000020000124                LineCoding
 .data.USBD_Interface_fops_FS
                0x000000002000012c       0x10 ./src/lib/cube_f103/USB_DEVICE/App/usbd_cdc_if.o
                0x000000002000012c                USBD_Interface_fops_FS
 .data.FS_Desc  0x000000002000013c       0x1c ./src/lib/cube_f103/USB_DEVICE/App/usbd_desc.o
                0x000000002000013c                FS_Desc
 .data.USBD_FS_DeviceDesc
                0x0000000020000158       0x12 ./src/lib/cube_f103/USB_DEVICE/App/usbd_desc.o
                0x0000000020000158                USBD_FS_DeviceDesc
 *fill*         0x000000002000016a        0x2 
 .data.USBD_LangIDDesc
                0x000000002000016c        0x4 ./src/lib/cube_f103/USB_DEVICE/App/usbd_desc.o
                0x000000002000016c                USBD_LangIDDesc
 .data.USBD_StringSerial
                0x0000000020000170       0x1a ./src/lib/cube_f103/USB_DEVICE/App/usbd_desc.o
                0x0000000020000170                USBD_StringSerial
 *fill*         0x000000002000018a        0x2 
 .data._impure_ptr
                0x000000002000018c        0x4 c:/st/stm32cubeide_1.12.1/stm32cubeide/plugins/com.st.stm32cube.ide.mcu.externaltools.gnu-tools-for-stm32.10.3-2021.10.win32_1.0.200.202301161003/tools/bin/../lib/gcc/arm-none-eabi/10.3.1/../../../../arm-none-eabi/lib/thumb/v7-m/nofp\libc_nano.a(lib_a-impure.o)
                0x000000002000018c                _impure_ptr
 .data.impure_data
                0x0000000020000190       0x60 c:/st/stm32cubeide_1.12.1/stm32cubeide/plugins/com.st.stm32cube.ide.mcu.externaltools.gnu-tools-for-stm32.10.3-2021.10.win32_1.0.200.202301161003/tools/bin/../lib/gcc/arm-none-eabi/10.3.1/../../../../arm-none-eabi/lib/thumb/v7-m/nofp\libc_nano.a(lib_a-impure.o)
 *(.RamFunc)
 *(.RamFunc*)
                0x00000000200001f0                . = ALIGN (0x4)
                0x00000000200001f0                _edata = .

.igot.plt       0x00000000200001f0        0x0 load address 0x00000000080087b0
 .igot.plt      0x00000000200001f0        0x0 c:/st/stm32cubeide_1.12.1/stm32cubeide/plugins/com.st.stm32cube.ide.mcu.externaltools.gnu-tools-for-stm32.10.3-2021.10.win32_1.0.200.202301161003/tools/bin/../lib/gcc/arm-none-eabi/10.3.1/thumb/v7-m/nofp/crtbegin.o
                0x00000000200001f0                . = ALIGN (0x4)

.bss            0x00000000200001f0     0x1018 load address 0x00000000080087b0
                0x00000000200001f0                _sbss = .
                0x00000000200001f0                __bss_start__ = _sbss
 *(.bss)
 .bss           0x00000000200001f0       0x1c c:/st/stm32cubeide_1.12.1/stm32cubeide/plugins/com.st.stm32cube.ide.mcu.externaltools.gnu-tools-for-stm32.10.3-2021.10.win32_1.0.200.202301161003/tools/bin/../lib/gcc/arm-none-eabi/10.3.1/thumb/v7-m/nofp/crtbegin.o
 *(.bss*)
 .bss.__sbrk_heap_end
                0x000000002000020c        0x4 ./src/bsp/sysmem.o
 .bss.is_open   0x0000000020000210        0x1 ./src/hw/driver/uart.o
 *fill*         0x0000000020000211        0x3 
 .bss.uwTick    0x0000000020000214        0x4 ./src/lib/cube_f103/Drivers/STM32F1xx_HAL_Driver/Src/stm32f1xx_hal.o
                0x0000000020000214                uwTick
 .bss.cfgidx.0  0x0000000020000218        0x1 ./src/lib/cube_f103/Middlewares/ST/STM32_USB_Device_Library/Core/Src/usbd_ctlreq.o
 *fill*         0x0000000020000219        0x3 
 .bss.hUsbDeviceFS
                0x000000002000021c      0x2c4 ./src/lib/cube_f103/USB_DEVICE/App/usb_device.o
                0x000000002000021c                hUsbDeviceFS
 .bss.rx_in     0x00000000200004e0        0x4 ./src/lib/cube_f103/USB_DEVICE/App/usbd_cdc_if.o
                0x00000000200004e0                rx_in
 .bss.rx_out    0x00000000200004e4        0x4 ./src/lib/cube_f103/USB_DEVICE/App/usbd_cdc_if.o
                0x00000000200004e4                rx_out
 .bss.rx_buf    0x00000000200004e8      0x200 ./src/lib/cube_f103/USB_DEVICE/App/usbd_cdc_if.o
                0x00000000200004e8                rx_buf
 .bss.UserRxBufferFS
                0x00000000200006e8      0x200 ./src/lib/cube_f103/USB_DEVICE/App/usbd_cdc_if.o
                0x00000000200006e8                UserRxBufferFS
 .bss.UserTxBufferFS
                0x00000000200008e8      0x200 ./src/lib/cube_f103/USB_DEVICE/App/usbd_cdc_if.o
                0x00000000200008e8                UserTxBufferFS
 .bss.USBD_StrDesc
                0x0000000020000ae8      0x200 ./src/lib/cube_f103/USB_DEVICE/App/usbd_desc.o
                0x0000000020000ae8                USBD_StrDesc
 .bss.hpcd_USB_FS
                0x0000000020000ce8      0x2f0 ./src/lib/cube_f103/USB_DEVICE/Target/usbd_conf.o
                0x0000000020000ce8                hpcd_USB_FS
 .bss.mem.0     0x0000000020000fd8      0x220 ./src/lib/cube_f103/USB_DEVICE/Target/usbd_conf.o
 .bss.__malloc_free_list
                0x00000000200011f8        0x4 c:/st/stm32cubeide_1.12.1/stm32cubeide/plugins/com.st.stm32cube.ide.mcu.externaltools.gnu-tools-for-stm32.10.3-2021.10.win32_1.0.200.202301161003/tools/bin/../lib/gcc/arm-none-eabi/10.3.1/../../../../arm-none-eabi/lib/thumb/v7-m/nofp\libc_nano.a(lib_a-nano-mallocr.o)
                0x00000000200011f8                __malloc_free_list
 .bss.__malloc_sbrk_start
                0x00000000200011fc        0x4 c:/st/stm32cubeide_1.12.1/stm32cubeide/plugins/com.st.stm32cube.ide.mcu.externaltools.gnu-tools-for-stm32.10.3-2021.10.win32_1.0.200.202301161003/tools/bin/../lib/gcc/arm-none-eabi/10.3.1/../../../../arm-none-eabi/lib/thumb/v7-m/nofp\libc_nano.a(lib_a-nano-mallocr.o)
                0x00000000200011fc                __malloc_sbrk_start
 .bss.errno     0x0000000020001200        0x4 c:/st/stm32cubeide_1.12.1/stm32cubeide/plugins/com.st.stm32cube.ide.mcu.externaltools.gnu-tools-for-stm32.10.3-2021.10.win32_1.0.200.202301161003/tools/bin/../lib/gcc/arm-none-eabi/10.3.1/../../../../arm-none-eabi/lib/thumb/v7-m/nofp\libc_nano.a(lib_a-reent.o)
                0x0000000020001200                errno
 .bss.__lock___malloc_recursive_mutex
                0x0000000020001204        0x1 c:/st/stm32cubeide_1.12.1/stm32cubeide/plugins/com.st.stm32cube.ide.mcu.externaltools.gnu-tools-for-stm32.10.3-2021.10.win32_1.0.200.202301161003/tools/bin/../lib/gcc/arm-none-eabi/10.3.1/../../../../arm-none-eabi/lib/thumb/v7-m/nofp\libc_nano.a(lib_a-lock.o)
                0x0000000020001204                __lock___malloc_recursive_mutex
 *(COMMON)
                0x0000000020001208                . = ALIGN (0x4)
 *fill*         0x0000000020001205        0x3 
                0x0000000020001208                _ebss = .
                0x0000000020001208                __bss_end__ = _ebss

._user_heap_stack
                0x0000000020001208      0x600 load address 0x00000000080087b0
                0x0000000020001208                . = ALIGN (0x8)
                [!provide]                        PROVIDE (end = .)
                0x0000000020001208                PROVIDE (_end = .)
                0x0000000020001408                . = (. + _Min_Heap_Size)
 *fill*         0x0000000020001208      0x200 
                0x0000000020001808                . = (. + _Min_Stack_Size)
 *fill*         0x0000000020001408      0x400 
                0x0000000020001808                . = ALIGN (0x8)

/DISCARD/
 libc.a(*)
 libm.a(*)
 libgcc.a(*)

.ARM.attributes
                0x0000000000000000       0x29
 *(.ARM.attributes)
 .ARM.attributes
                0x0000000000000000       0x1d c:/st/stm32cubeide_1.12.1/stm32cubeide/plugins/com.st.stm32cube.ide.mcu.externaltools.gnu-tools-for-stm32.10.3-2021.10.win32_1.0.200.202301161003/tools/bin/../lib/gcc/arm-none-eabi/10.3.1/thumb/v7-m/nofp/crti.o
 .ARM.attributes
                0x000000000000001d       0x2d c:/st/stm32cubeide_1.12.1/stm32cubeide/plugins/com.st.stm32cube.ide.mcu.externaltools.gnu-tools-for-stm32.10.3-2021.10.win32_1.0.200.202301161003/tools/bin/../lib/gcc/arm-none-eabi/10.3.1/thumb/v7-m/nofp/crtbegin.o
 .ARM.attributes
                0x000000000000004a       0x2d ./src/ap/ap.o
 .ARM.attributes
                0x0000000000000077       0x2d ./src/bsp/bsp.o
 .ARM.attributes
                0x00000000000000a4       0x2d ./src/bsp/stm32f1xx_hal_msp.o
 .ARM.attributes
                0x00000000000000d1       0x2d ./src/bsp/stm32f1xx_it.o
 .ARM.attributes
                0x00000000000000fe       0x2d ./src/bsp/sysmem.o
 .ARM.attributes
                0x000000000000012b       0x2d ./src/bsp/system_stm32f1xx.o
 .ARM.attributes
                0x0000000000000158       0x21 ./src/bsp/startup/startup_stm32f103c8tx.o
 .ARM.attributes
                0x0000000000000179       0x2d ./src/hw/driver/led.o
 .ARM.attributes
                0x00000000000001a6       0x2d ./src/hw/driver/uart.o
 .ARM.attributes
                0x00000000000001d3       0x2d ./src/hw/hw.o
 .ARM.attributes
                0x0000000000000200       0x2d ./src/lib/cube_f103/Drivers/STM32F1xx_HAL_Driver/Src/stm32f1xx_hal.o
 .ARM.attributes
                0x000000000000022d       0x2d ./src/lib/cube_f103/Drivers/STM32F1xx_HAL_Driver/Src/stm32f1xx_hal_cortex.o
 .ARM.attributes
                0x000000000000025a       0x2d ./src/lib/cube_f103/Drivers/STM32F1xx_HAL_Driver/Src/stm32f1xx_hal_gpio.o
 .ARM.attributes
                0x0000000000000287       0x2d ./src/lib/cube_f103/Drivers/STM32F1xx_HAL_Driver/Src/stm32f1xx_hal_pcd.o
 .ARM.attributes
                0x00000000000002b4       0x2d ./src/lib/cube_f103/Drivers/STM32F1xx_HAL_Driver/Src/stm32f1xx_hal_pcd_ex.o
 .ARM.attributes
                0x00000000000002e1       0x2d ./src/lib/cube_f103/Drivers/STM32F1xx_HAL_Driver/Src/stm32f1xx_hal_rcc.o
 .ARM.attributes
                0x000000000000030e       0x2d ./src/lib/cube_f103/Drivers/STM32F1xx_HAL_Driver/Src/stm32f1xx_hal_rcc_ex.o
 .ARM.attributes
                0x000000000000033b       0x2d ./src/lib/cube_f103/Drivers/STM32F1xx_HAL_Driver/Src/stm32f1xx_ll_usb.o
 .ARM.attributes
                0x0000000000000368       0x2d ./src/lib/cube_f103/Middlewares/ST/STM32_USB_Device_Library/Class/CDC/Src/usbd_cdc.o
 .ARM.attributes
                0x0000000000000395       0x2d ./src/lib/cube_f103/Middlewares/ST/STM32_USB_Device_Library/Core/Src/usbd_core.o
 .ARM.attributes
                0x00000000000003c2       0x2d ./src/lib/cube_f103/Middlewares/ST/STM32_USB_Device_Library/Core/Src/usbd_ctlreq.o
 .ARM.attributes
                0x00000000000003ef       0x2d ./src/lib/cube_f103/Middlewares/ST/STM32_USB_Device_Library/Core/Src/usbd_ioreq.o
 .ARM.attributes
                0x000000000000041c       0x2d ./src/lib/cube_f103/USB_DEVICE/App/usb_device.o
 .ARM.attributes
                0x0000000000000449       0x2d ./src/lib/cube_f103/USB_DEVICE/App/usbd_cdc_if.o
 .ARM.attributes
                0x0000000000000476       0x2d ./src/lib/cube_f103/USB_DEVICE/App/usbd_desc.o
 .ARM.attributes
                0x00000000000004a3       0x2d ./src/lib/cube_f103/USB_DEVICE/Target/usbd_conf.o
 .ARM.attributes
                0x00000000000004d0       0x2d ./src/main.o
 .ARM.attributes
                0x00000000000004fd       0x2d c:/st/stm32cubeide_1.12.1/stm32cubeide/plugins/com.st.stm32cube.ide.mcu.externaltools.gnu-tools-for-stm32.10.3-2021.10.win32_1.0.200.202301161003/tools/bin/../lib/gcc/arm-none-eabi/10.3.1/../../../../arm-none-eabi/lib/thumb/v7-m/nofp\libc_nano.a(lib_a-errno.o)
 .ARM.attributes
                0x000000000000052a       0x2d c:/st/stm32cubeide_1.12.1/stm32cubeide/plugins/com.st.stm32cube.ide.mcu.externaltools.gnu-tools-for-stm32.10.3-2021.10.win32_1.0.200.202301161003/tools/bin/../lib/gcc/arm-none-eabi/10.3.1/../../../../arm-none-eabi/lib/thumb/v7-m/nofp\libc_nano.a(lib_a-impure.o)
 .ARM.attributes
                0x0000000000000557       0x2d c:/st/stm32cubeide_1.12.1/stm32cubeide/plugins/com.st.stm32cube.ide.mcu.externaltools.gnu-tools-for-stm32.10.3-2021.10.win32_1.0.200.202301161003/tools/bin/../lib/gcc/arm-none-eabi/10.3.1/../../../../arm-none-eabi/lib/thumb/v7-m/nofp\libc_nano.a(lib_a-init.o)
 .ARM.attributes
                0x0000000000000584       0x2d c:/st/stm32cubeide_1.12.1/stm32cubeide/plugins/com.st.stm32cube.ide.mcu.externaltools.gnu-tools-for-stm32.10.3-2021.10.win32_1.0.200.202301161003/tools/bin/../lib/gcc/arm-none-eabi/10.3.1/../../../../arm-none-eabi/lib/thumb/v7-m/nofp\libc_nano.a(lib_a-memset.o)
 .ARM.attributes
                0x00000000000005b1       0x2d c:/st/stm32cubeide_1.12.1/stm32cubeide/plugins/com.st.stm32cube.ide.mcu.externaltools.gnu-tools-for-stm32.10.3-2021.10.win32_1.0.200.202301161003/tools/bin/../lib/gcc/arm-none-eabi/10.3.1/../../../../arm-none-eabi/lib/thumb/v7-m/nofp\libc_nano.a(lib_a-vsnprintf.o)
 .ARM.attributes
                0x00000000000005de       0x2d c:/st/stm32cubeide_1.12.1/stm32cubeide/plugins/com.st.stm32cube.ide.mcu.externaltools.gnu-tools-for-stm32.10.3-2021.10.win32_1.0.200.202301161003/tools/bin/../lib/gcc/arm-none-eabi/10.3.1/../../../../arm-none-eabi/lib/thumb/v7-m/nofp\libc_nano.a(lib_a-nano-svfprintf.o)
 .ARM.attributes
                0x000000000000060b       0x2d c:/st/stm32cubeide_1.12.1/stm32cubeide/plugins/com.st.stm32cube.ide.mcu.externaltools.gnu-tools-for-stm32.10.3-2021.10.win32_1.0.200.202301161003/tools/bin/../lib/gcc/arm-none-eabi/10.3.1/../../../../arm-none-eabi/lib/thumb/v7-m/nofp\libc_nano.a(lib_a-nano-vfprintf_i.o)
 .ARM.attributes
                0x0000000000000638       0x2d c:/st/stm32cubeide_1.12.1/stm32cubeide/plugins/com.st.stm32cube.ide.mcu.externaltools.gnu-tools-for-stm32.10.3-2021.10.win32_1.0.200.202301161003/tools/bin/../lib/gcc/arm-none-eabi/10.3.1/../../../../arm-none-eabi/lib/thumb/v7-m/nofp\libc_nano.a(lib_a-memchr-stub.o)
 .ARM.attributes
                0x0000000000000665       0x2d c:/st/stm32cubeide_1.12.1/stm32cubeide/plugins/com.st.stm32cube.ide.mcu.externaltools.gnu-tools-for-stm32.10.3-2021.10.win32_1.0.200.202301161003/tools/bin/../lib/gcc/arm-none-eabi/10.3.1/../../../../arm-none-eabi/lib/thumb/v7-m/nofp\libc_nano.a(lib_a-memcpy-stub.o)
 .ARM.attributes
                0x0000000000000692       0x2d c:/st/stm32cubeide_1.12.1/stm32cubeide/plugins/com.st.stm32cube.ide.mcu.externaltools.gnu-tools-for-stm32.10.3-2021.10.win32_1.0.200.202301161003/tools/bin/../lib/gcc/arm-none-eabi/10.3.1/../../../../arm-none-eabi/lib/thumb/v7-m/nofp\libc_nano.a(lib_a-memmove.o)
 .ARM.attributes
                0x00000000000006bf       0x2d c:/st/stm32cubeide_1.12.1/stm32cubeide/plugins/com.st.stm32cube.ide.mcu.externaltools.gnu-tools-for-stm32.10.3-2021.10.win32_1.0.200.202301161003/tools/bin/../lib/gcc/arm-none-eabi/10.3.1/../../../../arm-none-eabi/lib/thumb/v7-m/nofp\libc_nano.a(lib_a-nano-freer.o)
 .ARM.attributes
                0x00000000000006ec       0x2d c:/st/stm32cubeide_1.12.1/stm32cubeide/plugins/com.st.stm32cube.ide.mcu.externaltools.gnu-tools-for-stm32.10.3-2021.10.win32_1.0.200.202301161003/tools/bin/../lib/gcc/arm-none-eabi/10.3.1/../../../../arm-none-eabi/lib/thumb/v7-m/nofp\libc_nano.a(lib_a-nano-mallocr.o)
 .ARM.attributes
                0x0000000000000719       0x2d c:/st/stm32cubeide_1.12.1/stm32cubeide/plugins/com.st.stm32cube.ide.mcu.externaltools.gnu-tools-for-stm32.10.3-2021.10.win32_1.0.200.202301161003/tools/bin/../lib/gcc/arm-none-eabi/10.3.1/../../../../arm-none-eabi/lib/thumb/v7-m/nofp\libc_nano.a(lib_a-nano-reallocr.o)
 .ARM.attributes
                0x0000000000000746       0x2d c:/st/stm32cubeide_1.12.1/stm32cubeide/plugins/com.st.stm32cube.ide.mcu.externaltools.gnu-tools-for-stm32.10.3-2021.10.win32_1.0.200.202301161003/tools/bin/../lib/gcc/arm-none-eabi/10.3.1/../../../../arm-none-eabi/lib/thumb/v7-m/nofp\libc_nano.a(lib_a-sbrkr.o)
 .ARM.attributes
                0x0000000000000773       0x2d c:/st/stm32cubeide_1.12.1/stm32cubeide/plugins/com.st.stm32cube.ide.mcu.externaltools.gnu-tools-for-stm32.10.3-2021.10.win32_1.0.200.202301161003/tools/bin/../lib/gcc/arm-none-eabi/10.3.1/../../../../arm-none-eabi/lib/thumb/v7-m/nofp\libc_nano.a(lib_a-mlock.o)
 .ARM.attributes
                0x00000000000007a0       0x2d c:/st/stm32cubeide_1.12.1/stm32cubeide/plugins/com.st.stm32cube.ide.mcu.externaltools.gnu-tools-for-stm32.10.3-2021.10.win32_1.0.200.202301161003/tools/bin/../lib/gcc/arm-none-eabi/10.3.1/../../../../arm-none-eabi/lib/thumb/v7-m/nofp\libc_nano.a(lib_a-nano-msizer.o)
 .ARM.attributes
                0x00000000000007cd       0x2d c:/st/stm32cubeide_1.12.1/stm32cubeide/plugins/com.st.stm32cube.ide.mcu.externaltools.gnu-tools-for-stm32.10.3-2021.10.win32_1.0.200.202301161003/tools/bin/../lib/gcc/arm-none-eabi/10.3.1/../../../../arm-none-eabi/lib/thumb/v7-m/nofp\libc_nano.a(lib_a-reent.o)
 .ARM.attributes
                0x00000000000007fa       0x2d c:/st/stm32cubeide_1.12.1/stm32cubeide/plugins/com.st.stm32cube.ide.mcu.externaltools.gnu-tools-for-stm32.10.3-2021.10.win32_1.0.200.202301161003/tools/bin/../lib/gcc/arm-none-eabi/10.3.1/../../../../arm-none-eabi/lib/thumb/v7-m/nofp\libc_nano.a(lib_a-lock.o)
 .ARM.attributes
                0x0000000000000827       0x1d c:/st/stm32cubeide_1.12.1/stm32cubeide/plugins/com.st.stm32cube.ide.mcu.externaltools.gnu-tools-for-stm32.10.3-2021.10.win32_1.0.200.202301161003/tools/bin/../lib/gcc/arm-none-eabi/10.3.1/thumb/v7-m/nofp/crtn.o
OUTPUT(stm32f103_sample.elf elf32-littlearm)
LOAD linker stubs
LOAD c:/st/stm32cubeide_1.12.1/stm32cubeide/plugins/com.st.stm32cube.ide.mcu.externaltools.gnu-tools-for-stm32.10.3-2021.10.win32_1.0.200.202301161003/tools/bin/../lib/gcc/arm-none-eabi/10.3.1/../../../../arm-none-eabi/lib/thumb/v7-m/nofp\libc.a
LOAD c:/st/stm32cubeide_1.12.1/stm32cubeide/plugins/com.st.stm32cube.ide.mcu.externaltools.gnu-tools-for-stm32.10.3-2021.10.win32_1.0.200.202301161003/tools/bin/../lib/gcc/arm-none-eabi/10.3.1/../../../../arm-none-eabi/lib/thumb/v7-m/nofp\libm.a
LOAD c:/st/stm32cubeide_1.12.1/stm32cubeide/plugins/com.st.stm32cube.ide.mcu.externaltools.gnu-tools-for-stm32.10.3-2021.10.win32_1.0.200.202301161003/tools/bin/../lib/gcc/arm-none-eabi/10.3.1/thumb/v7-m/nofp\libgcc.a

.debug_info     0x0000000000000000     0xd407
 .debug_info    0x0000000000000000      0x1b2 ./src/ap/ap.o
 .debug_info    0x00000000000001b2      0x5b4 ./src/bsp/bsp.o
 .debug_info    0x0000000000000766      0x217 ./src/bsp/stm32f1xx_hal_msp.o
 .debug_info    0x000000000000097d      0x65a ./src/bsp/stm32f1xx_it.o
 .debug_info    0x0000000000000fd7      0x171 ./src/bsp/sysmem.o
 .debug_info    0x0000000000001148      0x236 ./src/bsp/system_stm32f1xx.o
 .debug_info    0x000000000000137e       0x22 ./src/bsp/startup/startup_stm32f103c8tx.o
 .debug_info    0x00000000000013a0      0x3fe ./src/hw/driver/led.o
 .debug_info    0x000000000000179e      0x38b ./src/hw/driver/uart.o
 .debug_info    0x0000000000001b29       0xab ./src/hw/hw.o
 .debug_info    0x0000000000001bd4      0x734 ./src/lib/cube_f103/Drivers/STM32F1xx_HAL_Driver/Src/stm32f1xx_hal.o
 .debug_info    0x0000000000002308      0xb20 ./src/lib/cube_f103/Drivers/STM32F1xx_HAL_Driver/Src/stm32f1xx_hal_cortex.o
 .debug_info    0x0000000000002e28      0x615 ./src/lib/cube_f103/Drivers/STM32F1xx_HAL_Driver/Src/stm32f1xx_hal_gpio.o
 .debug_info    0x000000000000343d     0x182e ./src/lib/cube_f103/Drivers/STM32F1xx_HAL_Driver/Src/stm32f1xx_hal_pcd.o
 .debug_info    0x0000000000004c6b      0x71a ./src/lib/cube_f103/Drivers/STM32F1xx_HAL_Driver/Src/stm32f1xx_hal_pcd_ex.o
 .debug_info    0x0000000000005385      0x865 ./src/lib/cube_f103/Drivers/STM32F1xx_HAL_Driver/Src/stm32f1xx_hal_rcc.o
 .debug_info    0x0000000000005bea      0x3e6 ./src/lib/cube_f103/Drivers/STM32F1xx_HAL_Driver/Src/stm32f1xx_hal_rcc_ex.o
 .debug_info    0x0000000000005fd0     0x18d8 ./src/lib/cube_f103/Drivers/STM32F1xx_HAL_Driver/Src/stm32f1xx_ll_usb.o
 .debug_info    0x00000000000078a8     0x10e3 ./src/lib/cube_f103/Middlewares/ST/STM32_USB_Device_Library/Class/CDC/Src/usbd_cdc.o
 .debug_info    0x000000000000898b      0xb02 ./src/lib/cube_f103/Middlewares/ST/STM32_USB_Device_Library/Core/Src/usbd_core.o
 .debug_info    0x000000000000948d      0x9b6 ./src/lib/cube_f103/Middlewares/ST/STM32_USB_Device_Library/Core/Src/usbd_ctlreq.o
 .debug_info    0x0000000000009e43      0x715 ./src/lib/cube_f103/Middlewares/ST/STM32_USB_Device_Library/Core/Src/usbd_ioreq.o
 .debug_info    0x000000000000a558      0x679 ./src/lib/cube_f103/USB_DEVICE/App/usb_device.o
 .debug_info    0x000000000000abd1      0x9d4 ./src/lib/cube_f103/USB_DEVICE/App/usbd_cdc_if.o
 .debug_info    0x000000000000b5a5      0x484 ./src/lib/cube_f103/USB_DEVICE/App/usbd_desc.o
 .debug_info    0x000000000000ba29     0x1932 ./src/lib/cube_f103/USB_DEVICE/Target/usbd_conf.o
 .debug_info    0x000000000000d35b       0xac ./src/main.o

.debug_abbrev   0x0000000000000000     0x2e7b
 .debug_abbrev  0x0000000000000000       0xe2 ./src/ap/ap.o
 .debug_abbrev  0x00000000000000e2      0x1f5 ./src/bsp/bsp.o
 .debug_abbrev  0x00000000000002d7       0xd4 ./src/bsp/stm32f1xx_hal_msp.o
 .debug_abbrev  0x00000000000003ab      0x188 ./src/bsp/stm32f1xx_it.o
 .debug_abbrev  0x0000000000000533       0xbb ./src/bsp/sysmem.o
 .debug_abbrev  0x00000000000005ee      0x13b ./src/bsp/system_stm32f1xx.o
 .debug_abbrev  0x0000000000000729       0x12 ./src/bsp/startup/startup_stm32f103c8tx.o
 .debug_abbrev  0x000000000000073b      0x19b ./src/hw/driver/led.o
 .debug_abbrev  0x00000000000008d6      0x175 ./src/hw/driver/uart.o
 .debug_abbrev  0x0000000000000a4b       0x6f ./src/hw/hw.o
 .debug_abbrev  0x0000000000000aba      0x1fb ./src/lib/cube_f103/Drivers/STM32F1xx_HAL_Driver/Src/stm32f1xx_hal.o
 .debug_abbrev  0x0000000000000cb5      0x2ed ./src/lib/cube_f103/Drivers/STM32F1xx_HAL_Driver/Src/stm32f1xx_hal_cortex.o
 .debug_abbrev  0x0000000000000fa2      0x1bb ./src/lib/cube_f103/Drivers/STM32F1xx_HAL_Driver/Src/stm32f1xx_hal_gpio.o
 .debug_abbrev  0x000000000000115d      0x2c0 ./src/lib/cube_f103/Drivers/STM32F1xx_HAL_Driver/Src/stm32f1xx_hal_pcd.o
 .debug_abbrev  0x000000000000141d      0x17f ./src/lib/cube_f103/Drivers/STM32F1xx_HAL_Driver/Src/stm32f1xx_hal_pcd_ex.o
 .debug_abbrev  0x000000000000159c      0x2a8 ./src/lib/cube_f103/Drivers/STM32F1xx_HAL_Driver/Src/stm32f1xx_hal_rcc.o
 .debug_abbrev  0x0000000000001844      0x182 ./src/lib/cube_f103/Drivers/STM32F1xx_HAL_Driver/Src/stm32f1xx_hal_rcc_ex.o
 .debug_abbrev  0x00000000000019c6      0x1d4 ./src/lib/cube_f103/Drivers/STM32F1xx_HAL_Driver/Src/stm32f1xx_ll_usb.o
 .debug_abbrev  0x0000000000001b9a      0x2c0 ./src/lib/cube_f103/Middlewares/ST/STM32_USB_Device_Library/Class/CDC/Src/usbd_cdc.o
 .debug_abbrev  0x0000000000001e5a      0x236 ./src/lib/cube_f103/Middlewares/ST/STM32_USB_Device_Library/Core/Src/usbd_core.o
 .debug_abbrev  0x0000000000002090      0x257 ./src/lib/cube_f103/Middlewares/ST/STM32_USB_Device_Library/Core/Src/usbd_ctlreq.o
 .debug_abbrev  0x00000000000022e7      0x183 ./src/lib/cube_f103/Middlewares/ST/STM32_USB_Device_Library/Core/Src/usbd_ioreq.o
 .debug_abbrev  0x000000000000246a      0x183 ./src/lib/cube_f103/USB_DEVICE/App/usb_device.o
 .debug_abbrev  0x00000000000025ed      0x333 ./src/lib/cube_f103/USB_DEVICE/App/usbd_cdc_if.o
 .debug_abbrev  0x0000000000002920      0x1fa ./src/lib/cube_f103/USB_DEVICE/App/usbd_desc.o
 .debug_abbrev  0x0000000000002b1a      0x305 ./src/lib/cube_f103/USB_DEVICE/Target/usbd_conf.o
 .debug_abbrev  0x0000000000002e1f       0x5c ./src/main.o

.debug_aranges  0x0000000000000000      0xbb0
 .debug_aranges
                0x0000000000000000       0x28 ./src/ap/ap.o
 .debug_aranges
                0x0000000000000028       0x40 ./src/bsp/bsp.o
 .debug_aranges
                0x0000000000000068       0x20 ./src/bsp/stm32f1xx_hal_msp.o
 .debug_aranges
                0x0000000000000088       0x68 ./src/bsp/stm32f1xx_it.o
 .debug_aranges
                0x00000000000000f0       0x20 ./src/bsp/sysmem.o
 .debug_aranges
                0x0000000000000110       0x28 ./src/bsp/system_stm32f1xx.o
 .debug_aranges
                0x0000000000000138       0x28 ./src/bsp/startup/startup_stm32f103c8tx.o
 .debug_aranges
                0x0000000000000160       0x38 ./src/hw/driver/led.o
 .debug_aranges
                0x0000000000000198       0x50 ./src/hw/driver/uart.o
 .debug_aranges
                0x00000000000001e8       0x20 ./src/hw/hw.o
 .debug_aranges
                0x0000000000000208       0xe0 ./src/lib/cube_f103/Drivers/STM32F1xx_HAL_Driver/Src/stm32f1xx_hal.o
 .debug_aranges
                0x00000000000002e8      0x100 ./src/lib/cube_f103/Drivers/STM32F1xx_HAL_Driver/Src/stm32f1xx_hal_cortex.o
 .debug_aranges
                0x00000000000003e8       0x58 ./src/lib/cube_f103/Drivers/STM32F1xx_HAL_Driver/Src/stm32f1xx_hal_gpio.o
 .debug_aranges
                0x0000000000000440      0x140 ./src/lib/cube_f103/Drivers/STM32F1xx_HAL_Driver/Src/stm32f1xx_hal_pcd.o
 .debug_aranges
                0x0000000000000580       0x38 ./src/lib/cube_f103/Drivers/STM32F1xx_HAL_Driver/Src/stm32f1xx_hal_pcd_ex.o
 .debug_aranges
                0x00000000000005b8       0x90 ./src/lib/cube_f103/Drivers/STM32F1xx_HAL_Driver/Src/stm32f1xx_hal_rcc.o
 .debug_aranges
                0x0000000000000648       0x30 ./src/lib/cube_f103/Drivers/STM32F1xx_HAL_Driver/Src/stm32f1xx_hal_rcc_ex.o
 .debug_aranges
                0x0000000000000678       0xf8 ./src/lib/cube_f103/Drivers/STM32F1xx_HAL_Driver/Src/stm32f1xx_ll_usb.o
 .debug_aranges
                0x0000000000000770       0x90 ./src/lib/cube_f103/Middlewares/ST/STM32_USB_Device_Library/Class/CDC/Src/usbd_cdc.o
 .debug_aranges
                0x0000000000000800       0xb8 ./src/lib/cube_f103/Middlewares/ST/STM32_USB_Device_Library/Core/Src/usbd_core.o
 .debug_aranges
                0x00000000000008b8       0x88 ./src/lib/cube_f103/Middlewares/ST/STM32_USB_Device_Library/Core/Src/usbd_ctlreq.o
 .debug_aranges
                0x0000000000000940       0x50 ./src/lib/cube_f103/Middlewares/ST/STM32_USB_Device_Library/Core/Src/usbd_ioreq.o
 .debug_aranges
                0x0000000000000990       0x20 ./src/lib/cube_f103/USB_DEVICE/App/usb_device.o
 .debug_aranges
                0x00000000000009b0       0x68 ./src/lib/cube_f103/USB_DEVICE/App/usbd_cdc_if.o
 .debug_aranges
                0x0000000000000a18       0x60 ./src/lib/cube_f103/USB_DEVICE/App/usbd_desc.o
 .debug_aranges
                0x0000000000000a78      0x118 ./src/lib/cube_f103/USB_DEVICE/Target/usbd_conf.o
 .debug_aranges
                0x0000000000000b90       0x20 ./src/main.o

.debug_ranges   0x0000000000000000      0xa08
 .debug_ranges  0x0000000000000000       0x18 ./src/ap/ap.o
 .debug_ranges  0x0000000000000018       0x30 ./src/bsp/bsp.o
 .debug_ranges  0x0000000000000048       0x10 ./src/bsp/stm32f1xx_hal_msp.o
 .debug_ranges  0x0000000000000058       0x58 ./src/bsp/stm32f1xx_it.o
 .debug_ranges  0x00000000000000b0       0x10 ./src/bsp/sysmem.o
 .debug_ranges  0x00000000000000c0       0x18 ./src/bsp/system_stm32f1xx.o
 .debug_ranges  0x00000000000000d8       0x20 ./src/bsp/startup/startup_stm32f103c8tx.o
 .debug_ranges  0x00000000000000f8       0x28 ./src/hw/driver/led.o
 .debug_ranges  0x0000000000000120       0x40 ./src/hw/driver/uart.o
 .debug_ranges  0x0000000000000160       0x10 ./src/hw/hw.o
 .debug_ranges  0x0000000000000170       0xd0 ./src/lib/cube_f103/Drivers/STM32F1xx_HAL_Driver/Src/stm32f1xx_hal.o
 .debug_ranges  0x0000000000000240       0xf0 ./src/lib/cube_f103/Drivers/STM32F1xx_HAL_Driver/Src/stm32f1xx_hal_cortex.o
 .debug_ranges  0x0000000000000330       0x48 ./src/lib/cube_f103/Drivers/STM32F1xx_HAL_Driver/Src/stm32f1xx_hal_gpio.o
 .debug_ranges  0x0000000000000378      0x130 ./src/lib/cube_f103/Drivers/STM32F1xx_HAL_Driver/Src/stm32f1xx_hal_pcd.o
 .debug_ranges  0x00000000000004a8       0x28 ./src/lib/cube_f103/Drivers/STM32F1xx_HAL_Driver/Src/stm32f1xx_hal_pcd_ex.o
 .debug_ranges  0x00000000000004d0       0x80 ./src/lib/cube_f103/Drivers/STM32F1xx_HAL_Driver/Src/stm32f1xx_hal_rcc.o
 .debug_ranges  0x0000000000000550       0x20 ./src/lib/cube_f103/Drivers/STM32F1xx_HAL_Driver/Src/stm32f1xx_hal_rcc_ex.o
 .debug_ranges  0x0000000000000570       0xe8 ./src/lib/cube_f103/Drivers/STM32F1xx_HAL_Driver/Src/stm32f1xx_ll_usb.o
 .debug_ranges  0x0000000000000658       0x80 ./src/lib/cube_f103/Middlewares/ST/STM32_USB_Device_Library/Class/CDC/Src/usbd_cdc.o
 .debug_ranges  0x00000000000006d8       0xa8 ./src/lib/cube_f103/Middlewares/ST/STM32_USB_Device_Library/Core/Src/usbd_core.o
 .debug_ranges  0x0000000000000780       0x78 ./src/lib/cube_f103/Middlewares/ST/STM32_USB_Device_Library/Core/Src/usbd_ctlreq.o
 .debug_ranges  0x00000000000007f8       0x40 ./src/lib/cube_f103/Middlewares/ST/STM32_USB_Device_Library/Core/Src/usbd_ioreq.o
 .debug_ranges  0x0000000000000838       0x10 ./src/lib/cube_f103/USB_DEVICE/App/usb_device.o
 .debug_ranges  0x0000000000000848       0x58 ./src/lib/cube_f103/USB_DEVICE/App/usbd_cdc_if.o
 .debug_ranges  0x00000000000008a0       0x50 ./src/lib/cube_f103/USB_DEVICE/App/usbd_desc.o
 .debug_ranges  0x00000000000008f0      0x108 ./src/lib/cube_f103/USB_DEVICE/Target/usbd_conf.o
 .debug_ranges  0x00000000000009f8       0x10 ./src/main.o

.debug_macro    0x0000000000000000    0x1b06f
 .debug_macro   0x0000000000000000      0x367 ./src/ap/ap.o
 .debug_macro   0x0000000000000367      0xa60 ./src/ap/ap.o
 .debug_macro   0x0000000000000dc7       0x22 ./src/ap/ap.o
 .debug_macro   0x0000000000000de9       0x4c ./src/ap/ap.o
 .debug_macro   0x0000000000000e35       0x18 ./src/ap/ap.o
 .debug_macro   0x0000000000000e4d       0x94 ./src/ap/ap.o
 .debug_macro   0x0000000000000ee1       0x3c ./src/ap/ap.o
 .debug_macro   0x0000000000000f1d       0x34 ./src/ap/ap.o
 .debug_macro   0x0000000000000f51       0x16 ./src/ap/ap.o
 .debug_macro   0x0000000000000f67       0x57 ./src/ap/ap.o
 .debug_macro   0x0000000000000fbe       0x97 ./src/ap/ap.o
 .debug_macro   0x0000000000001055      0x341 ./src/ap/ap.o
 .debug_macro   0x0000000000001396       0xfd ./src/ap/ap.o
 .debug_macro   0x0000000000001493       0x10 ./src/ap/ap.o
 .debug_macro   0x00000000000014a3       0x16 ./src/ap/ap.o
 .debug_macro   0x00000000000014b9       0x43 ./src/ap/ap.o
 .debug_macro   0x00000000000014fc       0x34 ./src/ap/ap.o
 .debug_macro   0x0000000000001530       0x10 ./src/ap/ap.o
 .debug_macro   0x0000000000001540       0x58 ./src/ap/ap.o
 .debug_macro   0x0000000000001598       0x71 ./src/ap/ap.o
 .debug_macro   0x0000000000001609       0x1c ./src/ap/ap.o
 .debug_macro   0x0000000000001625      0x12a ./src/ap/ap.o
 .debug_macro   0x000000000000174f       0x10 ./src/ap/ap.o
 .debug_macro   0x000000000000175f       0x6a ./src/ap/ap.o
 .debug_macro   0x00000000000017c9       0x1c ./src/ap/ap.o
 .debug_macro   0x00000000000017e5       0x52 ./src/ap/ap.o
 .debug_macro   0x0000000000001837       0x22 ./src/ap/ap.o
 .debug_macro   0x0000000000001859       0x10 ./src/ap/ap.o
 .debug_macro   0x0000000000001869       0x52 ./src/ap/ap.o
 .debug_macro   0x00000000000018bb       0xd5 ./src/ap/ap.o
 .debug_macro   0x0000000000001990       0x1c ./src/ap/ap.o
 .debug_macro   0x00000000000019ac       0x3d ./src/ap/ap.o
 .debug_macro   0x00000000000019e9       0x16 ./src/ap/ap.o
 .debug_macro   0x00000000000019ff      0x145 ./src/ap/ap.o
 .debug_macro   0x0000000000001b44      0x103 ./src/ap/ap.o
 .debug_macro   0x0000000000001c47      0x1df ./src/ap/ap.o
 .debug_macro   0x0000000000001e26       0x22 ./src/ap/ap.o
 .debug_macro   0x0000000000001e48       0x4c ./src/ap/ap.o
 .debug_macro   0x0000000000001e94       0x34 ./src/ap/ap.o
 .debug_macro   0x0000000000001ec8      0x215 ./src/ap/ap.o
 .debug_macro   0x00000000000020dd       0x2e ./src/ap/ap.o
 .debug_macro   0x000000000000210b       0x22 ./src/ap/ap.o
 .debug_macro   0x000000000000212d       0x1c ./src/ap/ap.o
 .debug_macro   0x0000000000002149       0x22 ./src/ap/ap.o
 .debug_macro   0x000000000000216b       0xbd ./src/ap/ap.o
 .debug_macro   0x0000000000002228      0xd23 ./src/ap/ap.o
 .debug_macro   0x0000000000002f4b     0xe09e ./src/ap/ap.o
 .debug_macro   0x0000000000010fe9       0x6d ./src/ap/ap.o
 .debug_macro   0x0000000000011056     0x348d ./src/ap/ap.o
 .debug_macro   0x00000000000144e3       0x56 ./src/ap/ap.o
 .debug_macro   0x0000000000014539      0x5bc ./src/ap/ap.o
 .debug_macro   0x0000000000014af5      0x289 ./src/ap/ap.o
 .debug_macro   0x0000000000014d7e      0x1cb ./src/ap/ap.o
 .debug_macro   0x0000000000014f49      0x114 ./src/ap/ap.o
 .debug_macro   0x000000000001505d      0x1b2 ./src/ap/ap.o
 .debug_macro   0x000000000001520f       0x27 ./src/ap/ap.o
 .debug_macro   0x0000000000015236      0x136 ./src/ap/ap.o
 .debug_macro   0x000000000001536c      0x1bc ./src/ap/ap.o
 .debug_macro   0x0000000000015528       0x34 ./src/ap/ap.o
 .debug_macro   0x000000000001555c       0x3c ./src/ap/ap.o
 .debug_macro   0x0000000000015598       0x57 ./src/ap/ap.o
 .debug_macro   0x00000000000155ef       0x87 ./src/ap/ap.o
 .debug_macro   0x0000000000015676      0x240 ./src/ap/ap.o
 .debug_macro   0x00000000000158b6      0x140 ./src/ap/ap.o
 .debug_macro   0x00000000000159f6       0xab ./src/ap/ap.o
 .debug_macro   0x0000000000015aa1      0x242 ./src/ap/ap.o
 .debug_macro   0x0000000000015ce3       0x83 ./src/ap/ap.o
 .debug_macro   0x0000000000015d66       0x1c ./src/ap/ap.o
 .debug_macro   0x0000000000015d82       0x10 ./src/ap/ap.o
 .debug_macro   0x0000000000015d92      0x401 ./src/bsp/bsp.o
 .debug_macro   0x0000000000016193       0x16 ./src/bsp/bsp.o