Archive member included to satisfy reference by file (symbol)

c:/st/stm32cubeide_1.12.1/stm32cubeide/plugins/com.st.stm32cube.ide.mcu.externaltools.gnu-tools-for-stm32.10.3-2021.10.win32_1.0.200.202301161003/tools/bin/../lib/gcc/arm-none-eabi/10.3.1/../../../../arm-none-eabi/lib/thumb/v7-m/nofp\libc_nano.a(lib_a-errno.o)
                              ./src/bsp/syscalls.o (__errno)
c:/st/stm32cubeide_1.12.1/stm32cubeide/plugins/com.st.stm32cube.ide.mcu.externaltools.gnu-tools-for-stm32.10.3-2021.10.win32_1.0.200.202301161003/tools/bin/../lib/gcc/arm-none-eabi/10.3.1/../../../../arm-none-eabi/lib/thumb/v7-m/nofp\libc_nano.a(lib_a-exit.o)
                              c:/st/stm32cubeide_1.12.1/stm32cubeide/plugins/com.st.stm32cube.ide.mcu.externaltools.gnu-tools-for-stm32.10.3-2021.10.win32_1.0.200.202301161003/tools/bin/../lib/gcc/arm-none-eabi/10.3.1/../../../../arm-none-eabi/lib/thumb/v7-m/nofp/crt0.o (exit)
c:/st/stm32cubeide_1.12.1/stm32cubeide/plugins/com.st.stm32cube.ide.mcu.externaltools.gnu-tools-for-stm32.10.3-2021.10.win32_1.0.200.202301161003/tools/bin/../lib/gcc/arm-none-eabi/10.3.1/../../../../arm-none-eabi/lib/thumb/v7-m/nofp\libc_nano.a(lib_a-impure.o)
                              c:/st/stm32cubeide_1.12.1/stm32cubeide/plugins/com.st.stm32cube.ide.mcu.externaltools.gnu-tools-for-stm32.10.3-2021.10.win32_1.0.200.202301161003/tools/bin/../lib/gcc/arm-none-eabi/10.3.1/../../../../arm-none-eabi/lib/thumb/v7-m/nofp\libc_nano.a(lib_a-exit.o) (_global_impure_ptr)
c:/st/stm32cubeide_1.12.1/stm32cubeide/plugins/com.st.stm32cube.ide.mcu.externaltools.gnu-tools-for-stm32.10.3-2021.10.win32_1.0.200.202301161003/tools/bin/../lib/gcc/arm-none-eabi/10.3.1/../../../../arm-none-eabi/lib/thumb/v7-m/nofp\libc_nano.a(lib_a-init.o)
                              c:/st/stm32cubeide_1.12.1/stm32cubeide/plugins/com.st.stm32cube.ide.mcu.externaltools.gnu-tools-for-stm32.10.3-2021.10.win32_1.0.200.202301161003/tools/bin/../lib/gcc/arm-none-eabi/10.3.1/../../../../arm-none-eabi/lib/thumb/v7-m/nofp/crt0.o (__libc_init_array)
c:/st/stm32cubeide_1.12.1/stm32cubeide/plugins/com.st.stm32cube.ide.mcu.externaltools.gnu-tools-for-stm32.10.3-2021.10.win32_1.0.200.202301161003/tools/bin/../lib/gcc/arm-none-eabi/10.3.1/../../../../arm-none-eabi/lib/thumb/v7-m/nofp\libc_nano.a(lib_a-memset.o)
                              c:/st/stm32cubeide_1.12.1/stm32cubeide/plugins/com.st.stm32cube.ide.mcu.externaltools.gnu-tools-for-stm32.10.3-2021.10.win32_1.0.200.202301161003/tools/bin/../lib/gcc/arm-none-eabi/10.3.1/../../../../arm-none-eabi/lib/thumb/v7-m/nofp/crt0.o (memset)

Discarded input sections

 .text          0x0000000000000000        0x0 c:/st/stm32cubeide_1.12.1/stm32cubeide/plugins/com.st.stm32cube.ide.mcu.externaltools.gnu-tools-for-stm32.10.3-2021.10.win32_1.0.200.202301161003/tools/bin/../lib/gcc/arm-none-eabi/10.3.1/thumb/v7-m/nofp/crti.o
 .data          0x0000000000000000        0x0 c:/st/stm32cubeide_1.12.1/stm32cubeide/plugins/com.st.stm32cube.ide.mcu.externaltools.gnu-tools-for-stm32.10.3-2021.10.win32_1.0.200.202301161003/tools/bin/../lib/gcc/arm-none-eabi/10.3.1/thumb/v7-m/nofp/crti.o
 .bss           0x0000000000000000        0x0 c:/st/stm32cubeide_1.12.1/stm32cubeide/plugins/com.st.stm32cube.ide.mcu.externaltools.gnu-tools-for-stm32.10.3-2021.10.win32_1.0.200.202301161003/tools/bin/../lib/gcc/arm-none-eabi/10.3.1/thumb/v7-m/nofp/crti.o
 .data          0x0000000000000000        0x4 c:/st/stm32cubeide_1.12.1/stm32cubeide/plugins/com.st.stm32cube.ide.mcu.externaltools.gnu-tools-for-stm32.10.3-2021.10.win32_1.0.200.202301161003/tools/bin/../lib/gcc/arm-none-eabi/10.3.1/thumb/v7-m/nofp/crtbegin.o
 .rodata        0x0000000000000000       0x24 c:/st/stm32cubeide_1.12.1/stm32cubeide/plugins/com.st.stm32cube.ide.mcu.externaltools.gnu-tools-for-stm32.10.3-2021.10.win32_1.0.200.202301161003/tools/bin/../lib/gcc/arm-none-eabi/10.3.1/thumb/v7-m/nofp/crtbegin.o
 .text          0x0000000000000000       0x7c c:/st/stm32cubeide_1.12.1/stm32cubeide/plugins/com.st.stm32cube.ide.mcu.externaltools.gnu-tools-for-stm32.10.3-2021.10.win32_1.0.200.202301161003/tools/bin/../lib/gcc/arm-none-eabi/10.3.1/../../../../arm-none-eabi/lib/thumb/v7-m/nofp/crt0.o
 .data          0x0000000000000000        0x0 c:/st/stm32cubeide_1.12.1/stm32cubeide/plugins/com.st.stm32cube.ide.mcu.externaltools.gnu-tools-for-stm32.10.3-2021.10.win32_1.0.200.202301161003/tools/bin/../lib/gcc/arm-none-eabi/10.3.1/../../../../arm-none-eabi/lib/thumb/v7-m/nofp/crt0.o
 .bss           0x0000000000000000        0x0 c:/st/stm32cubeide_1.12.1/stm32cubeide/plugins/com.st.stm32cube.ide.mcu.externaltools.gnu-tools-for-stm32.10.3-2021.10.win32_1.0.200.202301161003/tools/bin/../lib/gcc/arm-none-eabi/10.3.1/../../../../arm-none-eabi/lib/thumb/v7-m/nofp/crt0.o
[...]
Memory Configuration

Name             Origin             Length             Attributes
RAM              0x0000000020000000 0x0000000000005000 xrw
FLASH            0x0000000008000000 0x0000000000010000 xr
*default*        0x0000000000000000 0xffffffffffffffff

Linker script and memory map

LOAD c:/st/stm32cubeide_1.12.1/stm32cubeide/plugins/com.st.stm32cube.ide.mcu.externaltools.gnu-tools-for-stm32.10.3-2021.10.win32_1.0.200.202301161003/tools/bin/../lib/gcc/arm-none-eabi/10.3.1/thumb/v7-m/nofp/crti.o
LOAD c:/st/stm32cubeide_1.12.1/stm32cubeide/plugins/com.st.stm32cube.ide.mcu.externaltools.gnu-tools-for-stm32.10.3-2021.10.win32_1.0.200.202301161003/tools/bin/../lib/gcc/arm-none-eabi/10.3.1/thumb/v7-m/nofp/crtbegin.o
LOAD c:/st/stm32cubeide_1.12.1/stm32cubeide/plugins/com.st.stm32cube.ide.mcu.externaltools.gnu-tools-for-stm32.10.3-2021.10.win32_1.0.200.202301161003/tools/bin/../lib/gcc/arm-none-eabi/10.3.1/../../../../arm-none-eabi/lib/thumb/v7-m/nofp/crt0.o
LOAD ./src/ap/ap.o
LOAD ./src/bsp/bsp.o
LOAD ./src/bsp/stm32f1xx_hal_msp.o
LOAD ./src/bsp/stm32f1xx_it.o
LOAD ./src/bsp/syscalls.o
LOAD ./src/bsp/sysmem.o
LOAD ./src/bsp/system_stm32f1xx.o
LOAD ./src/bsp/startup/startup_stm32f103c8tx.o
LOAD ./src/hw/driver/led.o
LOAD ./src/hw/hw.o
LOAD ./src/lib/cube_f103/Drivers/STM32F1xx_HAL_Driver/Src/stm32f1xx_hal.o
LOAD ./src/lib/cube_f103/Drivers/STM32F1xx_HAL_Driver/Src/stm32f1xx_hal_cortex.o
LOAD ./src/lib/cube_f103/Drivers/STM32F1xx_HAL_Driver/Src/stm32f1xx_hal_dma.o
LOAD ./src/lib/cube_f103/Drivers/STM32F1xx_HAL_Driver/Src/stm32f1xx_hal_exti.o
LOAD ./src/lib/cube_f103/Drivers/STM32F1xx_HAL_Driver/Src/stm32f1xx_hal_flash.o
LOAD ./src/lib/cube_f103/Drivers/STM32F1xx_HAL_Driver/Src/stm32f1xx_hal_flash_ex.o
LOAD ./src/lib/cube_f103/Drivers/STM32F1xx_HAL_Driver/Src/stm32f1xx_hal_gpio.o
LOAD ./src/lib/cube_f103/Drivers/STM32F1xx_HAL_Driver/Src/stm32f1xx_hal_gpio_ex.o
LOAD ./src/lib/cube_f103/Drivers/STM32F1xx_HAL_Driver/Src/stm32f1xx_hal_pcd.o
LOAD ./src/lib/cube_f103/Drivers/STM32F1xx_HAL_Driver/Src/stm32f1xx_hal_pcd_ex.o
LOAD ./src/lib/cube_f103/Drivers/STM32F1xx_HAL_Driver/Src/stm32f1xx_hal_pwr.o
LOAD ./src/lib/cube_f103/Drivers/STM32F1xx_HAL_Driver/Src/stm32f1xx_hal_rcc.o
LOAD ./src/lib/cube_f103/Drivers/STM32F1xx_HAL_Driver/Src/stm32f1xx_hal_rcc_ex.o
LOAD ./src/lib/cube_f103/Drivers/STM32F1xx_HAL_Driver/Src/stm32f1xx_hal_tim.o
LOAD ./src/lib/cube_f103/Drivers/STM32F1xx_HAL_Driver/Src/stm32f1xx_hal_tim_ex.o
LOAD ./src/lib/cube_f103/Drivers/STM32F1xx_HAL_Driver/Src/stm32f1xx_ll_usb.o
LOAD ./src/lib/cube_f103/Middlewares/ST/STM32_USB_Device_Library/Class/CDC/Src/usbd_cdc.o
LOAD ./src/lib/cube_f103/Middlewares/ST/STM32_USB_Device_Library/Core/Src/usbd_core.o
LOAD ./src/lib/cube_f103/Middlewares/ST/STM32_USB_Device_Library/Core/Src/usbd_ctlreq.o
LOAD ./src/lib/cube_f103/Middlewares/ST/STM32_USB_Device_Library/Core/Src/usbd_ioreq.o
LOAD ./src/lib/cube_f103/USB_DEVICE/App/usb_device.o
LOAD ./src/lib/cube_f103/USB_DEVICE/App/usbd_cdc_if.o
LOAD ./src/lib/cube_f103/USB_DEVICE/App/usbd_desc.o
LOAD ./src/lib/cube_f103/USB_DEVICE/Target/usbd_conf.o
LOAD ./src/main.o
START GROUP
LOAD c:/st/stm32cubeide_1.12.1/stm32cubeide/plugins/com.st.stm32cube.ide.mcu.externaltools.gnu-tools-for-stm32.10.3-2021.10.win32_1.0.200.202301161003/tools/bin/../lib/gcc/arm-none-eabi/10.3.1/../../../../arm-none-eabi/lib/thumb/v7-m/nofp\libc_nano.a
LOAD c:/st/stm32cubeide_1.12.1/stm32cubeide/plugins/com.st.stm32cube.ide.mcu.externaltools.gnu-tools-for-stm32.10.3-2021.10.win32_1.0.200.202301161003/tools/bin/../lib/gcc/arm-none-eabi/10.3.1/../../../../arm-none-eabi/lib/thumb/v7-m/nofp\libm.a
END GROUP
START GROUP
LOAD c:/st/stm32cubeide_1.12.1/stm32cubeide/plugins/com.st.stm32cube.ide.mcu.externaltools.gnu-tools-for-stm32.10.3-2021.10.win32_1.0.200.202301161003/tools/bin/../lib/gcc/arm-none-eabi/10.3.1/thumb/v7-m/nofp\libgcc.a
LOAD c:/st/stm32cubeide_1.12.1/stm32cubeide/plugins/com.st.stm32cube.ide.mcu.externaltools.gnu-tools-for-stm32.10.3-2021.10.win32_1.0.200.202301161003/tools/bin/../lib/gcc/arm-none-eabi/10.3.1/../../../../arm-none-eabi/lib/thumb/v7-m/nofp\libc_nano.a
END GROUP
START GROUP
LOAD c:/st/stm32cubeide_1.12.1/stm32cubeide/plugins/com.st.stm32cube.ide.mcu.externaltools.gnu-tools-for-stm32.10.3-2021.10.win32_1.0.200.202301161003/tools/bin/../lib/gcc/arm-none-eabi/10.3.1/thumb/v7-m/nofp\libgcc.a
LOAD c:/st/stm32cubeide_1.12.1/stm32cubeide/plugins/com.st.stm32cube.ide.mcu.externaltools.gnu-tools-for-stm32.10.3-2021.10.win32_1.0.200.202301161003/tools/bin/../lib/gcc/arm-none-eabi/10.3.1/../../../../arm-none-eabi/lib/thumb/v7-m/nofp\libc_nano.a
LOAD c:/st/stm32cubeide_1.12.1/stm32cubeide/plugins/com.st.stm32cube.ide.mcu.externaltools.gnu-tools-for-stm32.10.3-2021.10.win32_1.0.200.202301161003/tools/bin/../lib/gcc/arm-none-eabi/10.3.1/../../../../arm-none-eabi/lib/thumb/v7-m/nofp\libnosys.a
END GROUP
START GROUP
LOAD c:/st/stm32cubeide_1.12.1/stm32cubeide/plugins/com.st.stm32cube.ide.mcu.externaltools.gnu-tools-for-stm32.10.3-2021.10.win32_1.0.200.202301161003/tools/bin/../lib/gcc/arm-none-eabi/10.3.1/thumb/v7-m/nofp\libgcc.a
LOAD c:/st/stm32cubeide_1.12.1/stm32cubeide/plugins/com.st.stm32cube.ide.mcu.externaltools.gnu-tools-for-stm32.10.3-2021.10.win32_1.0.200.202301161003/tools/bin/../lib/gcc/arm-none-eabi/10.3.1/../../../../arm-none-eabi/lib/thumb/v7-m/nofp\libc_nano.a
LOAD c:/st/stm32cubeide_1.12.1/stm32cubeide/plugins/com.st.stm32cube.ide.mcu.externaltools.gnu-tools-for-stm32.10.3-2021.10.win32_1.0.200.202301161003/tools/bin/../lib/gcc/arm-none-eabi/10.3.1/../../../../arm-none-eabi/lib/thumb/v7-m/nofp\libnosys.a
END GROUP
LOAD c:/st/stm32cubeide_1.12.1/stm32cubeide/plugins/com.st.stm32cube.ide.mcu.externaltools.gnu-tools-for-stm32.10.3-2021.10.win32_1.0.200.202301161003/tools/bin/../lib/gcc/arm-none-eabi/10.3.1/thumb/v7-m/nofp/crtend.o
LOAD c:/st/stm32cubeide_1.12.1/stm32cubeide/plugins/com.st.stm32cube.ide.mcu.externaltools.gnu-tools-for-stm32.10.3-2021.10.win32_1.0.200.202301161003/tools/bin/../lib/gcc/arm-none-eabi/10.3.1/thumb/v7-m/nofp/crtn.o
                0x0000000020005000                _estack = (ORIGIN (RAM) + LENGTH (RAM))
                0x0000000000000200                _Min_Heap_Size = 0x200
                0x0000000000000400                _Min_Stack_Size = 0x400

.isr_vector     0x0000000008000000      0x10c
                0x0000000008000000                . = ALIGN (0x4)
 *(.isr_vector)
 .isr_vector    0x0000000008000000      0x10c ./src/bsp/startup/startup_stm32f103c8tx.o
                0x0000000008000000                g_pfnVectors
                0x000000000800010c                . = ALIGN (0x4)

.text           0x000000000800010c     0x780c
                0x000000000800010c                . = ALIGN (0x4)
 *(.text)
 .text          0x000000000800010c       0x40 c:/st/stm32cubeide_1.12.1/stm32cubeide/plugins/com.st.stm32cube.ide.mcu.externaltools.gnu-tools-for-stm32.10.3-2021.10.win32_1.0.200.202301161003/tools/bin/../lib/gcc/arm-none-eabi/10.3.1/thumb/v7-m/nofp/crtbegin.o
 *(.text*)
 .text.apInit   0x000000000800014c        0xc ./src/ap/ap.o
                0x000000000800014c                apInit
 .text.apMain   0x0000000008000158       0x60 ./src/ap/ap.o
                0x0000000008000158                apMain
 .text.bspInit  0x00000000080001b8       0xac ./src/bsp/bsp.o
                0x00000000080001b8                bspInit
 .text.delay    0x0000000008000264       0x16 ./src/bsp/bsp.o
                0x0000000008000264                delay
 .text.millis   0x000000000800027a        0xe ./src/bsp/bsp.o
                0x000000000800027a                millis
 .text.SystemClock_Config
                0x0000000008000288       0xb4 ./src/bsp/bsp.o
                0x0000000008000288                SystemClock_Config
 .text.Error_Handler
                0x000000000800033c        0xa ./src/bsp/bsp.o
                0x000000000800033c                Error_Handler
 *fill*         0x0000000008000346        0x2 
 .text.HAL_MspInit
                0x0000000008000348       0x64 ./src/bsp/stm32f1xx_hal_msp.o
                0x0000000008000348                HAL_MspInit
 .text.NMI_Handler
                0x00000000080003ac        0x6 ./src/bsp/stm32f1xx_it.o
                0x00000000080003ac                NMI_Handler
 .text.HardFault_Handler
                0x00000000080003b2        0x6 ./src/bsp/stm32f1xx_it.o
                0x00000000080003b2                HardFault_Handler
 .text.MemManage_Handler
                0x00000000080003b8        0x6 ./src/bsp/stm32f1xx_it.o
                0x00000000080003b8                MemManage_Handler
 .text.BusFault_Handler
                0x00000000080003be        0x6 ./src/bsp/stm32f1xx_it.o
                0x00000000080003be                BusFault_Handler
 .text.UsageFault_Handler
                0x00000000080003c4        0x6 ./src/bsp/stm32f1xx_it.o
                0x00000000080003c4                UsageFault_Handler
 .text.SVC_Handler
                0x00000000080003ca        0xc ./src/bsp/stm32f1xx_it.o
                0x00000000080003ca                SVC_Handler
 .text.DebugMon_Handler
                0x00000000080003d6        0xc ./src/bsp/stm32f1xx_it.o
                0x00000000080003d6                DebugMon_Handler
 .text.PendSV_Handler
                0x00000000080003e2        0xc ./src/bsp/stm32f1xx_it.o
                0x00000000080003e2                PendSV_Handler
 .text.SysTick_Handler
                0x00000000080003ee        0xc ./src/bsp/stm32f1xx_it.o
                0x00000000080003ee                SysTick_Handler
 *fill*         0x00000000080003fa        0x2 
 .text.USB_LP_CAN1_RX0_IRQHandler
                0x00000000080003fc       0x14 ./src/bsp/stm32f1xx_it.o
                0x00000000080003fc                USB_LP_CAN1_RX0_IRQHandler
 .text.SystemInit
                0x0000000008000410        0xc ./src/bsp/system_stm32f1xx.o
                0x0000000008000410                SystemInit
 .text.Reset_Handler
                0x000000000800041c       0x48 ./src/bsp/startup/startup_stm32f103c8tx.o
                0x000000000800041c                Reset_Handler
 .text.Default_Handler
                0x0000000008000464        0x2 ./src/bsp/startup/startup_stm32f103c8tx.o
                0x0000000008000464                RTC_Alarm_IRQHandler
                0x0000000008000464                EXTI2_IRQHandler
                0x0000000008000464                TIM1_CC_IRQHandler
                0x0000000008000464                PVD_IRQHandler
                0x0000000008000464                EXTI3_IRQHandler
                0x0000000008000464                EXTI0_IRQHandler
                0x0000000008000464                I2C2_EV_IRQHandler
                0x0000000008000464                ADC1_2_IRQHandler
                0x0000000008000464                SPI1_IRQHandler
                0x0000000008000464                TAMPER_IRQHandler
                0x0000000008000464                DMA1_Channel4_IRQHandler
                0x0000000008000464                USART3_IRQHandler
                0x0000000008000464                RTC_IRQHandler
                0x0000000008000464                DMA1_Channel7_IRQHandler
                0x0000000008000464                CAN1_RX1_IRQHandler
                0x0000000008000464                TIM4_IRQHandler
                0x0000000008000464                I2C1_EV_IRQHandler
                0x0000000008000464                DMA1_Channel6_IRQHandler
                0x0000000008000464                TIM3_IRQHandler
                0x0000000008000464                RCC_IRQHandler
                0x0000000008000464                TIM1_TRG_COM_IRQHandler
                0x0000000008000464                DMA1_Channel1_IRQHandler
                0x0000000008000464                Default_Handler
                0x0000000008000464                EXTI15_10_IRQHandler
                0x0000000008000464                EXTI9_5_IRQHandler
                0x0000000008000464                SPI2_IRQHandler
                0x0000000008000464                DMA1_Channel5_IRQHandler
                0x0000000008000464                EXTI4_IRQHandler
                0x0000000008000464                USB_HP_CAN1_TX_IRQHandler
                0x0000000008000464                DMA1_Channel3_IRQHandler
                0x0000000008000464                TIM1_UP_IRQHandler
                0x0000000008000464                WWDG_IRQHandler
                0x0000000008000464                TIM2_IRQHandler
                0x0000000008000464                TIM1_BRK_IRQHandler
                0x0000000008000464                EXTI1_IRQHandler
                0x0000000008000464                USART2_IRQHandler
                0x0000000008000464                I2C2_ER_IRQHandler
                0x0000000008000464                DMA1_Channel2_IRQHandler
                0x0000000008000464                CAN1_SCE_IRQHandler
                0x0000000008000464                FLASH_IRQHandler
                0x0000000008000464                USART1_IRQHandler
                0x0000000008000464                I2C1_ER_IRQHandler
                0x0000000008000464                USBWakeUp_IRQHandler
 *fill*         0x0000000008000466        0x2 
 .text.ledInit  0x0000000008000468       0x8c ./src/hw/driver/led.o
                0x0000000008000468                ledInit
 .text.ledOff   0x00000000080004f4       0x40 ./src/hw/driver/led.o
                0x00000000080004f4                ledOff
 .text.ledToggle
                0x0000000008000534       0x38 ./src/hw/driver/led.o
                0x0000000008000534                ledToggle
 .text.hwInit   0x000000000800056c       0x10 ./src/hw/hw.o
                0x000000000800056c                hwInit
 .text.HAL_Init
                0x000000000800057c       0x2c ./src/lib/cube_f103/Drivers/STM32F1xx_HAL_Driver/Src/stm32f1xx_hal.o
                0x000000000800057c                HAL_Init
 .text.HAL_InitTick
                0x00000000080005a8       0x60 ./src/lib/cube_f103/Drivers/STM32F1xx_HAL_Driver/Src/stm32f1xx_hal.o
                0x00000000080005a8                HAL_InitTick
 .text.HAL_IncTick
                0x0000000008000608       0x24 ./src/lib/cube_f103/Drivers/STM32F1xx_HAL_Driver/Src/stm32f1xx_hal.o
                0x0000000008000608                HAL_IncTick
 .text.HAL_GetTick
                0x000000000800062c       0x14 ./src/lib/cube_f103/Drivers/STM32F1xx_HAL_Driver/Src/stm32f1xx_hal.o
                0x000000000800062c                HAL_GetTick
 .text.HAL_Delay
                0x0000000008000640       0x48 ./src/lib/cube_f103/Drivers/STM32F1xx_HAL_Driver/Src/stm32f1xx_hal.o
                0x0000000008000640                HAL_Delay
 .text.__NVIC_SetPriorityGrouping
                0x0000000008000688       0x48 ./src/lib/cube_f103/Drivers/STM32F1xx_HAL_Driver/Src/stm32f1xx_hal_cortex.o
 .text.__NVIC_GetPriorityGrouping
                0x00000000080006d0       0x1c ./src/lib/cube_f103/Drivers/STM32F1xx_HAL_Driver/Src/stm32f1xx_hal_cortex.o
 .text.__NVIC_EnableIRQ
                0x00000000080006ec       0x38 ./src/lib/cube_f103/Drivers/STM32F1xx_HAL_Driver/Src/stm32f1xx_hal_cortex.o
 .text.__NVIC_SetPriority
                0x0000000008000724       0x54 ./src/lib/cube_f103/Drivers/STM32F1xx_HAL_Driver/Src/stm32f1xx_hal_cortex.o
 .text.NVIC_EncodePriority
                0x0000000008000778       0x64 ./src/lib/cube_f103/Drivers/STM32F1xx_HAL_Driver/Src/stm32f1xx_hal_cortex.o
 .text.SysTick_Config
                0x00000000080007dc       0x44 ./src/lib/cube_f103/Drivers/STM32F1xx_HAL_Driver/Src/stm32f1xx_hal_cortex.o
 .text.HAL_NVIC_SetPriorityGrouping
                0x0000000008000820       0x16 ./src/lib/cube_f103/Drivers/STM32F1xx_HAL_Driver/Src/stm32f1xx_hal_cortex.o
                0x0000000008000820                HAL_NVIC_SetPriorityGrouping
 .text.HAL_NVIC_SetPriority
                0x0000000008000836       0x38 ./src/lib/cube_f103/Drivers/STM32F1xx_HAL_Driver/Src/stm32f1xx_hal_cortex.o
                0x0000000008000836                HAL_NVIC_SetPriority
 .text.HAL_NVIC_EnableIRQ
                0x000000000800086e       0x1c ./src/lib/cube_f103/Drivers/STM32F1xx_HAL_Driver/Src/stm32f1xx_hal_cortex.o
                0x000000000800086e                HAL_NVIC_EnableIRQ
 .text.HAL_SYSTICK_Config
                0x000000000800088a       0x18 ./src/lib/cube_f103/Drivers/STM32F1xx_HAL_Driver/Src/stm32f1xx_hal_cortex.o
                0x000000000800088a                HAL_SYSTICK_Config
 *fill*         0x00000000080008a2        0x2 
 .text.HAL_GPIO_Init
                0x00000000080008a4      0x308 ./src/lib/cube_f103/Drivers/STM32F1xx_HAL_Driver/Src/stm32f1xx_hal_gpio.o
                0x00000000080008a4                HAL_GPIO_Init
 .text.HAL_GPIO_WritePin
                0x0000000008000bac       0x30 ./src/lib/cube_f103/Drivers/STM32F1xx_HAL_Driver/Src/stm32f1xx_hal_gpio.o
                0x0000000008000bac                HAL_GPIO_WritePin
 .text.HAL_GPIO_TogglePin
                0x0000000008000bdc       0x32 ./src/lib/cube_f103/Drivers/STM32F1xx_HAL_Driver/Src/stm32f1xx_hal_gpio.o
                0x0000000008000bdc                HAL_GPIO_TogglePin
 .text.HAL_PCD_Init
                0x0000000008000c0e      0x1fe ./src/lib/cube_f103/Drivers/STM32F1xx_HAL_Driver/Src/stm32f1xx_hal_pcd.o
                0x0000000008000c0e                HAL_PCD_Init
 .text.HAL_PCD_Start
                0x0000000008000e0c       0x4c ./src/lib/cube_f103/Drivers/STM32F1xx_HAL_Driver/Src/stm32f1xx_hal_pcd.o
                0x0000000008000e0c                HAL_PCD_Start
 .text.HAL_PCD_IRQHandler
                0x0000000008000e58      0x260 ./src/lib/cube_f103/Drivers/STM32F1xx_HAL_Driver/Src/stm32f1xx_hal_pcd.o
                0x0000000008000e58                HAL_PCD_IRQHandler
 .text.HAL_PCD_SetAddress
                0x00000000080010b8       0x4a ./src/lib/cube_f103/Drivers/STM32F1xx_HAL_Driver/Src/stm32f1xx_hal_pcd.o
                0x00000000080010b8                HAL_PCD_SetAddress
 .text.HAL_PCD_EP_Open
                0x0000000008001102       0xba ./src/lib/cube_f103/Drivers/STM32F1xx_HAL_Driver/Src/stm32f1xx_hal_pcd.o
                0x0000000008001102                HAL_PCD_EP_Open
 .text.HAL_PCD_EP_Close
                0x00000000080011bc       0x90 ./src/lib/cube_f103/Drivers/STM32F1xx_HAL_Driver/Src/stm32f1xx_hal_pcd.o
                0x00000000080011bc                HAL_PCD_EP_Close
 .text.HAL_PCD_EP_Receive
                0x000000000800124c       0x62 ./src/lib/cube_f103/Drivers/STM32F1xx_HAL_Driver/Src/stm32f1xx_hal_pcd.o
                0x000000000800124c                HAL_PCD_EP_Receive
 .text.HAL_PCD_EP_GetRxCount
                0x00000000080012ae       0x2e ./src/lib/cube_f103/Drivers/STM32F1xx_HAL_Driver/Src/stm32f1xx_hal_pcd.o
                0x00000000080012ae                HAL_PCD_EP_GetRxCount
 .text.HAL_PCD_EP_Transmit
                0x00000000080012dc       0x6e ./src/lib/cube_f103/Drivers/STM32F1xx_HAL_Driver/Src/stm32f1xx_hal_pcd.o
                0x00000000080012dc                HAL_PCD_EP_Transmit
 .text.HAL_PCD_EP_SetStall
                0x000000000800134a       0xc0 ./src/lib/cube_f103/Drivers/STM32F1xx_HAL_Driver/Src/stm32f1xx_hal_pcd.o
                0x000000000800134a                HAL_PCD_EP_SetStall
 .text.HAL_PCD_EP_ClrStall
                0x000000000800140a       0xa8 ./src/lib/cube_f103/Drivers/STM32F1xx_HAL_Driver/Src/stm32f1xx_hal_pcd.o
                0x000000000800140a                HAL_PCD_EP_ClrStall
 .text.PCD_EP_ISR_Handler
                0x00000000080014b2      0x7a6 ./src/lib/cube_f103/Drivers/STM32F1xx_HAL_Driver/Src/stm32f1xx_hal_pcd.o
 .text.HAL_PCD_EP_DB_Receive
                0x0000000008001c58      0x21a ./src/lib/cube_f103/Drivers/STM32F1xx_HAL_Driver/Src/stm32f1xx_hal_pcd.o
 .text.HAL_PCD_EP_DB_Transmit
                0x0000000008001e72      0x7f4 ./src/lib/cube_f103/Drivers/STM32F1xx_HAL_Driver/Src/stm32f1xx_hal_pcd.o
 .text.HAL_PCDEx_PMAConfig
                0x0000000008002666       0x84 ./src/lib/cube_f103/Drivers/STM32F1xx_HAL_Driver/Src/stm32f1xx_hal_pcd_ex.o
                0x0000000008002666                HAL_PCDEx_PMAConfig
 *fill*         0x00000000080026ea        0x2 
 .text.HAL_RCC_OscConfig
                0x00000000080026ec      0x504 ./src/lib/cube_f103/Drivers/STM32F1xx_HAL_Driver/Src/stm32f1xx_hal_rcc.o
                0x00000000080026ec                HAL_RCC_OscConfig
 .text.HAL_RCC_ClockConfig
                0x0000000008002bf0      0x1d4 ./src/lib/cube_f103/Drivers/STM32F1xx_HAL_Driver/Src/stm32f1xx_hal_rcc.o
                0x0000000008002bf0                HAL_RCC_ClockConfig
 .text.HAL_RCC_GetSysClockFreq
                0x0000000008002dc4       0xa8 ./src/lib/cube_f103/Drivers/STM32F1xx_HAL_Driver/Src/stm32f1xx_hal_rcc.o
                0x0000000008002dc4                HAL_RCC_GetSysClockFreq
 .text.RCC_Delay
                0x0000000008002e6c       0x3c ./src/lib/cube_f103/Drivers/STM32F1xx_HAL_Driver/Src/stm32f1xx_hal_rcc.o
 .text.HAL_RCCEx_PeriphCLKConfig
                0x0000000008002ea8      0x16c ./src/lib/cube_f103/Drivers/STM32F1xx_HAL_Driver/Src/stm32f1xx_hal_rcc_ex.o
                0x0000000008002ea8                HAL_RCCEx_PeriphCLKConfig
 .text.USB_CoreInit
                0x0000000008003014       0x20 ./src/lib/cube_f103/Drivers/STM32F1xx_HAL_Driver/Src/stm32f1xx_ll_usb.o
                0x0000000008003014                USB_CoreInit
 .text.USB_EnableGlobalInt
                0x0000000008003034       0x2c ./src/lib/cube_f103/Drivers/STM32F1xx_HAL_Driver/Src/stm32f1xx_ll_usb.o
                0x0000000008003034                USB_EnableGlobalInt
 .text.USB_DisableGlobalInt
                0x0000000008003060       0x34 ./src/lib/cube_f103/Drivers/STM32F1xx_HAL_Driver/Src/stm32f1xx_ll_usb.o
                0x0000000008003060                USB_DisableGlobalInt
 .text.USB_SetCurrentMode
                0x0000000008003094       0x18 ./src/lib/cube_f103/Drivers/STM32F1xx_HAL_Driver/Src/stm32f1xx_ll_usb.o
                0x0000000008003094                USB_SetCurrentMode
 .text.USB_DevInit
                0x00000000080030ac       0x40 ./src/lib/cube_f103/Drivers/STM32F1xx_HAL_Driver/Src/stm32f1xx_ll_usb.o
                0x00000000080030ac                USB_DevInit
 .text.USB_ActivateEndpoint
                0x00000000080030ec      0x780 ./src/lib/cube_f103/Drivers/STM32F1xx_HAL_Driver/Src/stm32f1xx_ll_usb.o
                0x00000000080030ec                USB_ActivateEndpoint
 .text.USB_DeactivateEndpoint
                0x000000000800386c      0x3d8 ./src/lib/cube_f103/Drivers/STM32F1xx_HAL_Driver/Src/stm32f1xx_ll_usb.o
                0x000000000800386c                USB_DeactivateEndpoint
 .text.USB_EPStartXfer
                0x0000000008003c44     0x1762 ./src/lib/cube_f103/Drivers/STM32F1xx_HAL_Driver/Src/stm32f1xx_ll_usb.o
                0x0000000008003c44                USB_EPStartXfer
 .text.USB_EPSetStall
                0x00000000080053a6       0xa0 ./src/lib/cube_f103/Drivers/STM32F1xx_HAL_Driver/Src/stm32f1xx_ll_usb.o
                0x00000000080053a6                USB_EPSetStall
 .text.USB_EPClearStall
                0x0000000008005446      0x15a ./src/lib/cube_f103/Drivers/STM32F1xx_HAL_Driver/Src/stm32f1xx_ll_usb.o
                0x0000000008005446                USB_EPClearStall
 .text.USB_SetDevAddress
                0x00000000080055a0       0x26 ./src/lib/cube_f103/Drivers/STM32F1xx_HAL_Driver/Src/stm32f1xx_ll_usb.o
                0x00000000080055a0                USB_SetDevAddress
 .text.USB_DevConnect
                0x00000000080055c6       0x14 ./src/lib/cube_f103/Drivers/STM32F1xx_HAL_Driver/Src/stm32f1xx_ll_usb.o
                0x00000000080055c6                USB_DevConnect
 .text.USB_DevDisconnect
                0x00000000080055da       0x14 ./src/lib/cube_f103/Drivers/STM32F1xx_HAL_Driver/Src/stm32f1xx_ll_usb.o
                0x00000000080055da                USB_DevDisconnect
 .text.USB_ReadInterrupts
                0x00000000080055ee       0x1e ./src/lib/cube_f103/Drivers/STM32F1xx_HAL_Driver/Src/stm32f1xx_ll_usb.o
                0x00000000080055ee                USB_ReadInterrupts
 .text.USB_EP0_OutStart
                0x000000000800560c       0x16 ./src/lib/cube_f103/Drivers/STM32F1xx_HAL_Driver/Src/stm32f1xx_ll_usb.o
                0x000000000800560c                USB_EP0_OutStart
 .text.USB_WritePMA
                0x0000000008005622       0x8a ./src/lib/cube_f103/Drivers/STM32F1xx_HAL_Driver/Src/stm32f1xx_ll_usb.o
                0x0000000008005622                USB_WritePMA
 .text.USB_ReadPMA
                0x00000000080056ac       0x9e ./src/lib/cube_f103/Drivers/STM32F1xx_HAL_Driver/Src/stm32f1xx_ll_usb.o
                0x00000000080056ac                USB_ReadPMA
 .text.USBD_CDC_Init
                0x000000000800574a       0xf4 ./src/lib/cube_f103/Middlewares/ST/STM32_USB_Device_Library/Class/CDC/Src/usbd_cdc.o
 .text.USBD_CDC_DeInit
                0x000000000800583e       0x6e ./src/lib/cube_f103/Middlewares/ST/STM32_USB_Device_Library/Class/CDC/Src/usbd_cdc.o
 .text.USBD_CDC_Setup
                0x00000000080058ac      0x146 ./src/lib/cube_f103/Middlewares/ST/STM32_USB_Device_Library/Class/CDC/Src/usbd_cdc.o
 .text.USBD_CDC_DataIn
                0x00000000080059f2       0xa6 ./src/lib/cube_f103/Middlewares/ST/STM32_USB_Device_Library/Class/CDC/Src/usbd_cdc.o
 .text.USBD_CDC_DataOut
                0x0000000008005a98       0x56 ./src/lib/cube_f103/Middlewares/ST/STM32_USB_Device_Library/Class/CDC/Src/usbd_cdc.o
 .text.USBD_CDC_EP0_RxReady
                0x0000000008005aee       0x50 ./src/lib/cube_f103/Middlewares/ST/STM32_USB_Device_Library/Class/CDC/Src/usbd_cdc.o
 *fill*         0x0000000008005b3e        0x2 
 .text.USBD_CDC_GetFSCfgDesc
                0x0000000008005b40       0x20 ./src/lib/cube_f103/Middlewares/ST/STM32_USB_Device_Library/Class/CDC/Src/usbd_cdc.o
 .text.USBD_CDC_GetHSCfgDesc
                0x0000000008005b60       0x20 ./src/lib/cube_f103/Middlewares/ST/STM32_USB_Device_Library/Class/CDC/Src/usbd_cdc.o
 .text.USBD_CDC_GetOtherSpeedCfgDesc
                0x0000000008005b80       0x20 ./src/lib/cube_f103/Middlewares/ST/STM32_USB_Device_Library/Class/CDC/Src/usbd_cdc.o
 .text.USBD_CDC_GetDeviceQualifierDescriptor
                0x0000000008005ba0       0x20 ./src/lib/cube_f103/Middlewares/ST/STM32_USB_Device_Library/Class/CDC/Src/usbd_cdc.o
                0x0000000008005ba0                USBD_CDC_GetDeviceQualifierDescriptor
 .text.USBD_CDC_RegisterInterface
                0x0000000008005bc0       0x2c ./src/lib/cube_f103/Middlewares/ST/STM32_USB_Device_Library/Class/CDC/Src/usbd_cdc.o
                0x0000000008005bc0                USBD_CDC_RegisterInterface
 .text.USBD_CDC_SetTxBuffer
                0x0000000008005bec       0x32 ./src/lib/cube_f103/Middlewares/ST/STM32_USB_Device_Library/Class/CDC/Src/usbd_cdc.o
                0x0000000008005bec                USBD_CDC_SetTxBuffer
 .text.USBD_CDC_SetRxBuffer
                0x0000000008005c1e       0x26 ./src/lib/cube_f103/Middlewares/ST/STM32_USB_Device_Library/Class/CDC/Src/usbd_cdc.o
                0x0000000008005c1e                USBD_CDC_SetRxBuffer
 .text.USBD_CDC_TransmitPacket
                0x0000000008005c44       0x5e ./src/lib/cube_f103/Middlewares/ST/STM32_USB_Device_Library/Class/CDC/Src/usbd_cdc.o
                0x0000000008005c44                USBD_CDC_TransmitPacket
 .text.USBD_CDC_ReceivePacket
                0x0000000008005ca2       0x54 ./src/lib/cube_f103/Middlewares/ST/STM32_USB_Device_Library/Class/CDC/Src/usbd_cdc.o
                0x0000000008005ca2                USBD_CDC_ReceivePacket
 .text.USBD_Init
                0x0000000008005cf6       0x56 ./src/lib/cube_f103/Middlewares/ST/STM32_USB_Device_Library/Core/Src/usbd_core.o
                0x0000000008005cf6                USBD_Init
 .text.USBD_RegisterClass
                0x0000000008005d4c       0x32 ./src/lib/cube_f103/Middlewares/ST/STM32_USB_Device_Library/Core/Src/usbd_core.o
                0x0000000008005d4c                USBD_RegisterClass
 .text.USBD_Start
                0x0000000008005d7e       0x18 ./src/lib/cube_f103/Middlewares/ST/STM32_USB_Device_Library/Core/Src/usbd_core.o
                0x0000000008005d7e                USBD_Start
 .text.USBD_RunTestMode
                0x0000000008005d96       0x14 ./src/lib/cube_f103/Middlewares/ST/STM32_USB_Device_Library/Core/Src/usbd_core.o
                0x0000000008005d96                USBD_RunTestMode
 .text.USBD_SetClassConfig
                0x0000000008005daa       0x3e ./src/lib/cube_f103/Middlewares/ST/STM32_USB_Device_Library/Core/Src/usbd_core.o
                0x0000000008005daa                USBD_SetClassConfig
 .text.USBD_ClrClassConfig
                0x0000000008005de8       0x26 ./src/lib/cube_f103/Middlewares/ST/STM32_USB_Device_Library/Core/Src/usbd_core.o
                0x0000000008005de8                USBD_ClrClassConfig
 .text.USBD_LL_SetupStage
                0x0000000008005e0e       0x9a ./src/lib/cube_f103/Middlewares/ST/STM32_USB_Device_Library/Core/Src/usbd_core.o
                0x0000000008005e0e                USBD_LL_SetupStage
 .text.USBD_LL_DataOutStage
                0x0000000008005ea8       0xe2 ./src/lib/cube_f103/Middlewares/ST/STM32_USB_Device_Library/Core/Src/usbd_core.o
                0x0000000008005ea8                USBD_LL_DataOutStage
 .text.USBD_LL_DataInStage
                0x0000000008005f8a      0x14a ./src/lib/cube_f103/Middlewares/ST/STM32_USB_Device_Library/Core/Src/usbd_core.o
                0x0000000008005f8a                USBD_LL_DataInStage
 .text.USBD_LL_Reset
                0x00000000080060d4       0x82 ./src/lib/cube_f103/Middlewares/ST/STM32_USB_Device_Library/Core/Src/usbd_core.o
                0x00000000080060d4                USBD_LL_Reset
 .text.USBD_LL_SetSpeed
                0x0000000008006156       0x1e ./src/lib/cube_f103/Middlewares/ST/STM32_USB_Device_Library/Core/Src/usbd_core.o
                0x0000000008006156                USBD_LL_SetSpeed
 .text.USBD_LL_Suspend
                0x0000000008006174       0x28 ./src/lib/cube_f103/Middlewares/ST/STM32_USB_Device_Library/Core/Src/usbd_core.o
                0x0000000008006174                USBD_LL_Suspend
 .text.USBD_LL_Resume
                0x000000000800619c       0x2a ./src/lib/cube_f103/Middlewares/ST/STM32_USB_Device_Library/Core/Src/usbd_core.o
                0x000000000800619c                USBD_LL_Resume
 .text.USBD_LL_SOF
                0x00000000080061c6       0x34 ./src/lib/cube_f103/Middlewares/ST/STM32_USB_Device_Library/Core/Src/usbd_core.o
                0x00000000080061c6                USBD_LL_SOF
 *fill*         0x00000000080061fa        0x2 
 .text.USBD_StdDevReq
                0x00000000080061fc       0xd4 ./src/lib/cube_f103/Middlewares/ST/STM32_USB_Device_Library/Core/Src/usbd_ctlreq.o
                0x00000000080061fc                USBD_StdDevReq
 .text.USBD_StdItfReq
                0x00000000080062d0       0x90 ./src/lib/cube_f103/Middlewares/ST/STM32_USB_Device_Library/Core/Src/usbd_ctlreq.o
                0x00000000080062d0                USBD_StdItfReq
 .text.USBD_StdEPReq
                0x0000000008006360      0x2c6 ./src/lib/cube_f103/Middlewares/ST/STM32_USB_Device_Library/Core/Src/usbd_ctlreq.o
                0x0000000008006360                USBD_StdEPReq
 *fill*         0x0000000008006626        0x2 
 .text.USBD_GetDescriptor
                0x0000000008006628      0x2d0 ./src/lib/cube_f103/Middlewares/ST/STM32_USB_Device_Library/Core/Src/usbd_ctlreq.o
 .text.USBD_SetAddress
                0x00000000080068f8       0x86 ./src/lib/cube_f103/Middlewares/ST/STM32_USB_Device_Library/Core/Src/usbd_ctlreq.o
 *fill*         0x000000000800697e        0x2 
 .text.USBD_SetConfig
                0x0000000008006980      0x11c ./src/lib/cube_f103/Middlewares/ST/STM32_USB_Device_Library/Core/Src/usbd_ctlreq.o
 .text.USBD_GetConfig
                0x0000000008006a9c       0x6a ./src/lib/cube_f103/Middlewares/ST/STM32_USB_Device_Library/Core/Src/usbd_ctlreq.o
 .text.USBD_GetStatus
                0x0000000008006b06       0x66 ./src/lib/cube_f103/Middlewares/ST/STM32_USB_Device_Library/Core/Src/usbd_ctlreq.o
 .text.USBD_SetFeature
                0x0000000008006b6c       0x28 ./src/lib/cube_f103/Middlewares/ST/STM32_USB_Device_Library/Core/Src/usbd_ctlreq.o
 .text.USBD_ClrFeature
                0x0000000008006b94       0x42 ./src/lib/cube_f103/Middlewares/ST/STM32_USB_Device_Library/Core/Src/usbd_ctlreq.o
 .text.USBD_ParseSetupRequest
                0x0000000008006bd6       0x78 ./src/lib/cube_f103/Middlewares/ST/STM32_USB_Device_Library/Core/Src/usbd_ctlreq.o
                0x0000000008006bd6                USBD_ParseSetupRequest
 .text.USBD_CtlError
                0x0000000008006c4e       0x22 ./src/lib/cube_f103/Middlewares/ST/STM32_USB_Device_Library/Core/Src/usbd_ctlreq.o
                0x0000000008006c4e                USBD_CtlError
 .text.USBD_GetString
                0x0000000008006c70       0x84 ./src/lib/cube_f103/Middlewares/ST/STM32_USB_Device_Library/Core/Src/usbd_ctlreq.o
                0x0000000008006c70                USBD_GetString
 .text.USBD_GetLen
                0x0000000008006cf4       0x2e ./src/lib/cube_f103/Middlewares/ST/STM32_USB_Device_Library/Core/Src/usbd_ctlreq.o
 .text.USBD_CtlSendData
                0x0000000008006d22       0x38 ./src/lib/cube_f103/Middlewares/ST/STM32_USB_Device_Library/Core/Src/usbd_ioreq.o
                0x0000000008006d22                USBD_CtlSendData
 .text.USBD_CtlContinueSendData
                0x0000000008006d5a       0x24 ./src/lib/cube_f103/Middlewares/ST/STM32_USB_Device_Library/Core/Src/usbd_ioreq.o
                0x0000000008006d5a                USBD_CtlContinueSendData
 .text.USBD_CtlPrepareRx
                0x0000000008006d7e       0x3c ./src/lib/cube_f103/Middlewares/ST/STM32_USB_Device_Library/Core/Src/usbd_ioreq.o
                0x0000000008006d7e                USBD_CtlPrepareRx
 .text.USBD_CtlContinueRx
                0x0000000008006dba       0x24 ./src/lib/cube_f103/Middlewares/ST/STM32_USB_Device_Library/Core/Src/usbd_ioreq.o
                0x0000000008006dba                USBD_CtlContinueRx
 .text.USBD_CtlSendStatus
                0x0000000008006dde       0x26 ./src/lib/cube_f103/Middlewares/ST/STM32_USB_Device_Library/Core/Src/usbd_ioreq.o
                0x0000000008006dde                USBD_CtlSendStatus
 .text.USBD_CtlReceiveStatus
                0x0000000008006e04       0x26 ./src/lib/cube_f103/Middlewares/ST/STM32_USB_Device_Library/Core/Src/usbd_ioreq.o
                0x0000000008006e04                USBD_CtlReceiveStatus
 *fill*         0x0000000008006e2a        0x2 
 .text.MX_USB_DEVICE_Init
                0x0000000008006e2c       0x60 ./src/lib/cube_f103/USB_DEVICE/App/usb_device.o
                0x0000000008006e2c                MX_USB_DEVICE_Init
 .text.cdcAvailable
                0x0000000008006e8c       0x2c ./src/lib/cube_f103/USB_DEVICE/App/usbd_cdc_if.o
                0x0000000008006e8c                cdcAvailable
 .text.cdcRead  0x0000000008006eb8       0x44 ./src/lib/cube_f103/USB_DEVICE/App/usbd_cdc_if.o
                0x0000000008006eb8                cdcRead
 .text.cdcDataIn
                0x0000000008006efc       0x48 ./src/lib/cube_f103/USB_DEVICE/App/usbd_cdc_if.o
                0x0000000008006efc                cdcDataIn
 .text.cdcWrite
                0x0000000008006f44       0x50 ./src/lib/cube_f103/USB_DEVICE/App/usbd_cdc_if.o
                0x0000000008006f44                cdcWrite
 .text.CDC_Init_FS
                0x0000000008006f94       0x28 ./src/lib/cube_f103/USB_DEVICE/App/usbd_cdc_if.o
 .text.CDC_DeInit_FS
                0x0000000008006fbc        0xe ./src/lib/cube_f103/USB_DEVICE/App/usbd_cdc_if.o
 *fill*         0x0000000008006fca        0x2 
 .text.CDC_Control_FS
                0x0000000008006fcc       0xbc ./src/lib/cube_f103/USB_DEVICE/App/usbd_cdc_if.o
 .text.CDC_Receive_FS
                0x0000000008007088       0x4c ./src/lib/cube_f103/USB_DEVICE/App/usbd_cdc_if.o
 .text.CDC_Transmit_FS
                0x00000000080070d4       0x4c ./src/lib/cube_f103/USB_DEVICE/App/usbd_cdc_if.o
                0x00000000080070d4                CDC_Transmit_FS
 .text.USBD_FS_DeviceDescriptor
                0x0000000008007120       0x24 ./src/lib/cube_f103/USB_DEVICE/App/usbd_desc.o
                0x0000000008007120                USBD_FS_DeviceDescriptor
 .text.USBD_FS_LangIDStrDescriptor
                0x0000000008007144       0x24 ./src/lib/cube_f103/USB_DEVICE/App/usbd_desc.o
                0x0000000008007144                USBD_FS_LangIDStrDescriptor
 .text.USBD_FS_ProductStrDescriptor
                0x0000000008007168       0x3c ./src/lib/cube_f103/USB_DEVICE/App/usbd_desc.o
                0x0000000008007168                USBD_FS_ProductStrDescriptor
 .text.USBD_FS_ManufacturerStrDescriptor
                0x00000000080071a4       0x28 ./src/lib/cube_f103/USB_DEVICE/App/usbd_desc.o
                0x00000000080071a4                USBD_FS_ManufacturerStrDescriptor
 .text.USBD_FS_SerialStrDescriptor
                0x00000000080071cc       0x24 ./src/lib/cube_f103/USB_DEVICE/App/usbd_desc.o
                0x00000000080071cc                USBD_FS_SerialStrDescriptor
 .text.USBD_FS_ConfigStrDescriptor
                0x00000000080071f0       0x3c ./src/lib/cube_f103/USB_DEVICE/App/usbd_desc.o
                0x00000000080071f0                USBD_FS_ConfigStrDescriptor
 .text.USBD_FS_InterfaceStrDescriptor
                0x000000000800722c       0x3c ./src/lib/cube_f103/USB_DEVICE/App/usbd_desc.o
                0x000000000800722c                USBD_FS_InterfaceStrDescriptor
 .text.Get_SerialNum
                0x0000000008007268       0x58 ./src/lib/cube_f103/USB_DEVICE/App/usbd_desc.o
 .text.IntToUnicode
                0x00000000080072c0       0x7c ./src/lib/cube_f103/USB_DEVICE/App/usbd_desc.o
 .text.HAL_PCD_MspInit
                0x000000000800733c       0x4c ./src/lib/cube_f103/USB_DEVICE/Target/usbd_conf.o
                0x000000000800733c                HAL_PCD_MspInit
 .text.HAL_PCD_SetupStageCallback
                0x0000000008007388       0x24 ./src/lib/cube_f103/USB_DEVICE/Target/usbd_conf.o
                0x0000000008007388                HAL_PCD_SetupStageCallback
 .text.HAL_PCD_DataOutStageCallback
                0x00000000080073ac       0x36 ./src/lib/cube_f103/USB_DEVICE/Target/usbd_conf.o
                0x00000000080073ac                HAL_PCD_DataOutStageCallback
 .text.HAL_PCD_DataInStageCallback
                0x00000000080073e2       0x34 ./src/lib/cube_f103/USB_DEVICE/Target/usbd_conf.o
                0x00000000080073e2                HAL_PCD_DataInStageCallback
 .text.HAL_PCD_SOFCallback
                0x0000000008007416       0x1c ./src/lib/cube_f103/USB_DEVICE/Target/usbd_conf.o
                0x0000000008007416                HAL_PCD_SOFCallback
 .text.HAL_PCD_ResetCallback
                0x0000000008007432       0x3c ./src/lib/cube_f103/USB_DEVICE/Target/usbd_conf.o
                0x0000000008007432                HAL_PCD_ResetCallback
 *fill*         0x000000000800746e        0x2 
 .text.HAL_PCD_SuspendCallback
                0x0000000008007470       0x34 ./src/lib/cube_f103/USB_DEVICE/Target/usbd_conf.o
                0x0000000008007470                HAL_PCD_SuspendCallback
 .text.HAL_PCD_ResumeCallback
                0x00000000080074a4       0x1c ./src/lib/cube_f103/USB_DEVICE/Target/usbd_conf.o
                0x00000000080074a4                HAL_PCD_ResumeCallback
 .text.USBD_LL_Init
                0x00000000080074c0       0xb4 ./src/lib/cube_f103/USB_DEVICE/Target/usbd_conf.o
                0x00000000080074c0                USBD_LL_Init
 .text.USBD_LL_Start
                0x0000000008007574       0x36 ./src/lib/cube_f103/USB_DEVICE/Target/usbd_conf.o
                0x0000000008007574                USBD_LL_Start
 .text.USBD_LL_OpenEP
                0x00000000080075aa       0x4c ./src/lib/cube_f103/USB_DEVICE/Target/usbd_conf.o
                0x00000000080075aa                USBD_LL_OpenEP
 .text.USBD_LL_CloseEP
                0x00000000080075f6       0x3e ./src/lib/cube_f103/USB_DEVICE/Target/usbd_conf.o
                0x00000000080075f6                USBD_LL_CloseEP
 .text.USBD_LL_StallEP
                0x0000000008007634       0x3e ./src/lib/cube_f103/USB_DEVICE/Target/usbd_conf.o
                0x0000000008007634                USBD_LL_StallEP
 .text.USBD_LL_ClearStallEP
                0x0000000008007672       0x3e ./src/lib/cube_f103/USB_DEVICE/Target/usbd_conf.o
                0x0000000008007672                USBD_LL_ClearStallEP
 .text.USBD_LL_IsStallEP
                0x00000000080076b0       0x58 ./src/lib/cube_f103/USB_DEVICE/Target/usbd_conf.o
                0x00000000080076b0                USBD_LL_IsStallEP
 .text.USBD_LL_SetUSBAddress
                0x0000000008007708       0x3e ./src/lib/cube_f103/USB_DEVICE/Target/usbd_conf.o
                0x0000000008007708                USBD_LL_SetUSBAddress
 .text.USBD_LL_Transmit
                0x0000000008007746       0x46 ./src/lib/cube_f103/USB_DEVICE/Target/usbd_conf.o
                0x0000000008007746                USBD_LL_Transmit
 .text.USBD_LL_PrepareReceive
                0x000000000800778c       0x46 ./src/lib/cube_f103/USB_DEVICE/Target/usbd_conf.o
                0x000000000800778c                USBD_LL_PrepareReceive
 .text.USBD_LL_GetRxDataSize
                0x00000000080077d2       0x26 ./src/lib/cube_f103/USB_DEVICE/Target/usbd_conf.o
                0x00000000080077d2                USBD_LL_GetRxDataSize
 .text.USBD_static_malloc
                0x00000000080077f8       0x18 ./src/lib/cube_f103/USB_DEVICE/Target/usbd_conf.o
                0x00000000080077f8                USBD_static_malloc
 .text.USBD_static_free
                0x0000000008007810       0x12 ./src/lib/cube_f103/USB_DEVICE/Target/usbd_conf.o
                0x0000000008007810                USBD_static_free
 .text.HAL_PCDEx_SetConnectionState
                0x0000000008007822       0x16 ./src/lib/cube_f103/USB_DEVICE/Target/usbd_conf.o
                0x0000000008007822                HAL_PCDEx_SetConnectionState
 .text.USBD_Get_USB_Status
                0x0000000008007838       0x58 ./src/lib/cube_f103/USB_DEVICE/Target/usbd_conf.o
 .text.main     0x0000000008007890       0x16 ./src/main.o
                0x0000000008007890                main
 *fill*         0x00000000080078a6        0x2 
 .text.__libc_init_array
                0x00000000080078a8       0x48 c:/st/stm32cubeide_1.12.1/stm32cubeide/plugins/com.st.stm32cube.ide.mcu.externaltools.gnu-tools-for-stm32.10.3-2021.10.win32_1.0.200.202301161003/tools/bin/../lib/gcc/arm-none-eabi/10.3.1/../../../../arm-none-eabi/lib/thumb/v7-m/nofp\libc_nano.a(lib_a-init.o)
                0x00000000080078a8                __libc_init_array
 .text.memset   0x00000000080078f0       0x10 c:/st/stm32cubeide_1.12.1/stm32cubeide/plugins/com.st.stm32cube.ide.mcu.externaltools.gnu-tools-for-stm32.10.3-2021.10.win32_1.0.200.202301161003/tools/bin/../lib/gcc/arm-none-eabi/10.3.1/../../../../arm-none-eabi/lib/thumb/v7-m/nofp\libc_nano.a(lib_a-memset.o)
                0x00000000080078f0                memset
 *(.glue_7)
 .glue_7        0x0000000008007900        0x0 linker stubs
 *(.glue_7t)
 .glue_7t       0x0000000008007900        0x0 linker stubs
 *(.eh_frame)
 .eh_frame      0x0000000008007900        0x0 c:/st/stm32cubeide_1.12.1/stm32cubeide/plugins/com.st.stm32cube.ide.mcu.externaltools.gnu-tools-for-stm32.10.3-2021.10.win32_1.0.200.202301161003/tools/bin/../lib/gcc/arm-none-eabi/10.3.1/thumb/v7-m/nofp/crtbegin.o
 *(.init)
 .init          0x0000000008007900        0x4 c:/st/stm32cubeide_1.12.1/stm32cubeide/plugins/com.st.stm32cube.ide.mcu.externaltools.gnu-tools-for-stm32.10.3-2021.10.win32_1.0.200.202301161003/tools/bin/../lib/gcc/arm-none-eabi/10.3.1/thumb/v7-m/nofp/crti.o
                0x0000000008007900                _init
 .init          0x0000000008007904        0x8 c:/st/stm32cubeide_1.12.1/stm32cubeide/plugins/com.st.stm32cube.ide.mcu.externaltools.gnu-tools-for-stm32.10.3-2021.10.win32_1.0.200.202301161003/tools/bin/../lib/gcc/arm-none-eabi/10.3.1/thumb/v7-m/nofp/crtn.o
 *(.fini)
 .fini          0x000000000800790c        0x4 c:/st/stm32cubeide_1.12.1/stm32cubeide/plugins/com.st.stm32cube.ide.mcu.externaltools.gnu-tools-for-stm32.10.3-2021.10.win32_1.0.200.202301161003/tools/bin/../lib/gcc/arm-none-eabi/10.3.1/thumb/v7-m/nofp/crti.o
                0x000000000800790c                _fini
 .fini          0x0000000008007910        0x8 c:/st/stm32cubeide_1.12.1/stm32cubeide/plugins/com.st.stm32cube.ide.mcu.externaltools.gnu-tools-for-stm32.10.3-2021.10.win32_1.0.200.202301161003/tools/bin/../lib/gcc/arm-none-eabi/10.3.1/thumb/v7-m/nofp/crtn.o
                0x0000000008007918                . = ALIGN (0x4)
                0x0000000008007918                _etext = .

.vfp11_veneer   0x0000000008007918        0x0
 .vfp11_veneer  0x0000000008007918        0x0 linker stubs

.v4_bx          0x0000000008007918        0x0
 .v4_bx         0x0000000008007918        0x0 linker stubs

.iplt           0x0000000008007918        0x0
 .iplt          0x0000000008007918        0x0 c:/st/stm32cubeide_1.12.1/stm32cubeide/plugins/com.st.stm32cube.ide.mcu.externaltools.gnu-tools-for-stm32.10.3-2021.10.win32_1.0.200.202301161003/tools/bin/../lib/gcc/arm-none-eabi/10.3.1/thumb/v7-m/nofp/crtbegin.o

.rodata         0x0000000008007918       0x7c
                0x0000000008007918                . = ALIGN (0x4)
 *(.rodata)
 .rodata        0x0000000008007918        0xe ./src/ap/ap.o
 *fill*         0x0000000008007926        0x2 
 .rodata        0x0000000008007928       0x46 ./src/lib/cube_f103/USB_DEVICE/App/usbd_desc.o
 *(.rodata*)
 *fill*         0x000000000800796e        0x2 
 .rodata.AHBPrescTable
                0x0000000008007970       0x10 ./src/bsp/system_stm32f1xx.o
                0x0000000008007970                AHBPrescTable
 .rodata.aPLLMULFactorTable.1
                0x0000000008007980       0x10 ./src/lib/cube_f103/Drivers/STM32F1xx_HAL_Driver/Src/stm32f1xx_hal_rcc.o
 .rodata.aPredivFactorTable.0
                0x0000000008007990        0x2 ./src/lib/cube_f103/Drivers/STM32F1xx_HAL_Driver/Src/stm32f1xx_hal_rcc.o
                0x0000000008007994                . = ALIGN (0x4)
 *fill*         0x0000000008007992        0x2 

.rel.dyn        0x0000000008007994        0x0
 .rel.iplt      0x0000000008007994        0x0 c:/st/stm32cubeide_1.12.1/stm32cubeide/plugins/com.st.stm32cube.ide.mcu.externaltools.gnu-tools-for-stm32.10.3-2021.10.win32_1.0.200.202301161003/tools/bin/../lib/gcc/arm-none-eabi/10.3.1/thumb/v7-m/nofp/crtbegin.o

.ARM.extab      0x0000000008007994        0x0
                0x0000000008007994                . = ALIGN (0x4)
 *(.ARM.extab* .gnu.linkonce.armextab.*)
                0x0000000008007994                . = ALIGN (0x4)

.ARM            0x0000000008007994        0x0
                0x0000000008007994                . = ALIGN (0x4)
                0x0000000008007994                __exidx_start = .
 *(.ARM.exidx*)
                0x0000000008007994                __exidx_end = .
                0x0000000008007994                . = ALIGN (0x4)

.preinit_array  0x0000000008007994        0x0
                0x0000000008007994                . = ALIGN (0x4)
                0x0000000008007994                PROVIDE (__preinit_array_start = .)
 *(.preinit_array*)
                0x0000000008007994                PROVIDE (__preinit_array_end = .)
                0x0000000008007994                . = ALIGN (0x4)

.init_array     0x0000000008007994        0x4
                0x0000000008007994                . = ALIGN (0x4)
                0x0000000008007994                PROVIDE (__init_array_start = .)
 *(SORT_BY_NAME(.init_array.*))
 *(.init_array*)
 .init_array    0x0000000008007994        0x4 c:/st/stm32cubeide_1.12.1/stm32cubeide/plugins/com.st.stm32cube.ide.mcu.externaltools.gnu-tools-for-stm32.10.3-2021.10.win32_1.0.200.202301161003/tools/bin/../lib/gcc/arm-none-eabi/10.3.1/thumb/v7-m/nofp/crtbegin.o
                0x0000000008007998                PROVIDE (__init_array_end = .)
                0x0000000008007998                . = ALIGN (0x4)

.fini_array     0x0000000008007998        0x4
                0x0000000008007998                . = ALIGN (0x4)
                [!provide]                        PROVIDE (__fini_array_start = .)
 *(SORT_BY_NAME(.fini_array.*))
 *(.fini_array*)
 .fini_array    0x0000000008007998        0x4 c:/st/stm32cubeide_1.12.1/stm32cubeide/plugins/com.st.stm32cube.ide.mcu.externaltools.gnu-tools-for-stm32.10.3-2021.10.win32_1.0.200.202301161003/tools/bin/../lib/gcc/arm-none-eabi/10.3.1/thumb/v7-m/nofp/crtbegin.o
                [!provide]                        PROVIDE (__fini_array_end = .)
                0x000000000800799c                . = ALIGN (0x4)
                0x000000000800799c                _sidata = LOADADDR (.data)

.data           0x0000000020000000      0x184 load address 0x000000000800799c
                0x0000000020000000                . = ALIGN (0x4)
                0x0000000020000000                _sdata = .
 *(.data)
 *(.data*)
 .data.SystemCoreClock
                0x0000000020000000        0x4 ./src/bsp/system_stm32f1xx.o
                0x0000000020000000                SystemCoreClock
 .data.led_tbl  0x0000000020000004        0x8 ./src/hw/driver/led.o
                0x0000000020000004                led_tbl
 .data.uwTickPrio
                0x000000002000000c        0x4 ./src/lib/cube_f103/Drivers/STM32F1xx_HAL_Driver/Src/stm32f1xx_hal.o
                0x000000002000000c                uwTickPrio
 .data.uwTickFreq
                0x0000000020000010        0x1 ./src/lib/cube_f103/Drivers/STM32F1xx_HAL_Driver/Src/stm32f1xx_hal.o
                0x0000000020000010                uwTickFreq
 *fill*         0x0000000020000011        0x3 
 .data.USBD_CDC_DeviceQualifierDesc
                0x0000000020000014        0xa ./src/lib/cube_f103/Middlewares/ST/STM32_USB_Device_Library/Class/CDC/Src/usbd_cdc.o
 *fill*         0x000000002000001e        0x2 
 .data.USBD_CDC
                0x0000000020000020       0x38 ./src/lib/cube_f103/Middlewares/ST/STM32_USB_Device_Library/Class/CDC/Src/usbd_cdc.o
                0x0000000020000020                USBD_CDC
 .data.USBD_CDC_CfgHSDesc
                0x0000000020000058       0x43 ./src/lib/cube_f103/Middlewares/ST/STM32_USB_Device_Library/Class/CDC/Src/usbd_cdc.o
                0x0000000020000058                USBD_CDC_CfgHSDesc
 *fill*         0x000000002000009b        0x1 
 .data.USBD_CDC_CfgFSDesc
                0x000000002000009c       0x43 ./src/lib/cube_f103/Middlewares/ST/STM32_USB_Device_Library/Class/CDC/Src/usbd_cdc.o
                0x000000002000009c                USBD_CDC_CfgFSDesc
 *fill*         0x00000000200000df        0x1 
 .data.USBD_CDC_OtherSpeedCfgDesc
                0x00000000200000e0       0x43 ./src/lib/cube_f103/Middlewares/ST/STM32_USB_Device_Library/Class/CDC/Src/usbd_cdc.o
                0x00000000200000e0                USBD_CDC_OtherSpeedCfgDesc
 *fill*         0x0000000020000123        0x1 
 .data.USBD_Interface_fops_FS
                0x0000000020000124       0x10 ./src/lib/cube_f103/USB_DEVICE/App/usbd_cdc_if.o
                0x0000000020000124                USBD_Interface_fops_FS
 .data.FS_Desc  0x0000000020000134       0x1c ./src/lib/cube_f103/USB_DEVICE/App/usbd_desc.o
                0x0000000020000134                FS_Desc
 .data.USBD_FS_DeviceDesc
                0x0000000020000150       0x12 ./src/lib/cube_f103/USB_DEVICE/App/usbd_desc.o
                0x0000000020000150                USBD_FS_DeviceDesc
 *fill*         0x0000000020000162        0x2 
 .data.USBD_LangIDDesc
                0x0000000020000164        0x4 ./src/lib/cube_f103/USB_DEVICE/App/usbd_desc.o
                0x0000000020000164                USBD_LangIDDesc
 .data.USBD_StringSerial
                0x0000000020000168       0x1a ./src/lib/cube_f103/USB_DEVICE/App/usbd_desc.o
                0x0000000020000168                USBD_StringSerial
 *(.RamFunc)
 *(.RamFunc*)
                0x0000000020000184                . = ALIGN (0x4)
 *fill*         0x0000000020000182        0x2 
                0x0000000020000184                _edata = .

.igot.plt       0x0000000020000184        0x0 load address 0x0000000008007b20
 .igot.plt      0x0000000020000184        0x0 c:/st/stm32cubeide_1.12.1/stm32cubeide/plugins/com.st.stm32cube.ide.mcu.externaltools.gnu-tools-for-stm32.10.3-2021.10.win32_1.0.200.202301161003/tools/bin/../lib/gcc/arm-none-eabi/10.3.1/thumb/v7-m/nofp/crtbegin.o
                0x0000000020000184                . = ALIGN (0x4)

.bss            0x0000000020000184     0x1000 load address 0x0000000008007b20
                0x0000000020000184                _sbss = .
                0x0000000020000184                __bss_start__ = _sbss
 *(.bss)
 .bss           0x0000000020000184       0x1c c:/st/stm32cubeide_1.12.1/stm32cubeide/plugins/com.st.stm32cube.ide.mcu.externaltools.gnu-tools-for-stm32.10.3-2021.10.win32_1.0.200.202301161003/tools/bin/../lib/gcc/arm-none-eabi/10.3.1/thumb/v7-m/nofp/crtbegin.o
 *(.bss*)
 .bss.uwTick    0x00000000200001a0        0x4 ./src/lib/cube_f103/Drivers/STM32F1xx_HAL_Driver/Src/stm32f1xx_hal.o
                0x00000000200001a0                uwTick
 .bss.cfgidx.0  0x00000000200001a4        0x1 ./src/lib/cube_f103/Middlewares/ST/STM32_USB_Device_Library/Core/Src/usbd_ctlreq.o
 *fill*         0x00000000200001a5        0x3 
 .bss.hUsbDeviceFS
                0x00000000200001a8      0x2c4 ./src/lib/cube_f103/USB_DEVICE/App/usb_device.o
                0x00000000200001a8                hUsbDeviceFS
 .bss.rx_in     0x000000002000046c        0x4 ./src/lib/cube_f103/USB_DEVICE/App/usbd_cdc_if.o
                0x000000002000046c                rx_in
 .bss.rx_out    0x0000000020000470        0x4 ./src/lib/cube_f103/USB_DEVICE/App/usbd_cdc_if.o
                0x0000000020000470                rx_out
 .bss.rx_buf    0x0000000020000474      0x200 ./src/lib/cube_f103/USB_DEVICE/App/usbd_cdc_if.o
                0x0000000020000474                rx_buf
 .bss.UserRxBufferFS
                0x0000000020000674      0x200 ./src/lib/cube_f103/USB_DEVICE/App/usbd_cdc_if.o
                0x0000000020000674                UserRxBufferFS
 .bss.UserTxBufferFS
                0x0000000020000874      0x200 ./src/lib/cube_f103/USB_DEVICE/App/usbd_cdc_if.o
                0x0000000020000874                UserTxBufferFS
 .bss.USBD_StrDesc
                0x0000000020000a74      0x200 ./src/lib/cube_f103/USB_DEVICE/App/usbd_desc.o
                0x0000000020000a74                USBD_StrDesc
 .bss.hpcd_USB_FS
                0x0000000020000c74      0x2f0 ./src/lib/cube_f103/USB_DEVICE/Target/usbd_conf.o
                0x0000000020000c74                hpcd_USB_FS
 .bss.mem.0     0x0000000020000f64      0x220 ./src/lib/cube_f103/USB_DEVICE/Target/usbd_conf.o
 *(COMMON)
                0x0000000020001184                . = ALIGN (0x4)
                0x0000000020001184                _ebss = .
                0x0000000020001184                __bss_end__ = _ebss

._user_heap_stack
                0x0000000020001184      0x604 load address 0x0000000008007b20
                0x0000000020001188                . = ALIGN (0x8)
 *fill*         0x0000000020001184        0x4 
                [!provide]                        PROVIDE (end = .)
                0x0000000020001188                PROVIDE (_end = .)
                0x0000000020001388                . = (. + _Min_Heap_Size)
 *fill*         0x0000000020001188      0x200 
                0x0000000020001788                . = (. + _Min_Stack_Size)
 *fill*         0x0000000020001388      0x400 
                0x0000000020001788                . = ALIGN (0x8)

/DISCARD/
 libc.a(*)
 libm.a(*)
 libgcc.a(*)

.ARM.attributes
                0x0000000000000000       0x29
 *(.ARM.attributes)
 .ARM.attributes
                0x0000000000000000       0x1d c:/st/stm32cubeide_1.12.1/stm32cubeide/plugins/com.st.stm32cube.ide.mcu.externaltools.gnu-tools-for-stm32.10.3-2021.10.win32_1.0.200.202301161003/tools/bin/../lib/gcc/arm-none-eabi/10.3.1/thumb/v7-m/nofp/crti.o
 .ARM.attributes
                0x000000000000001d       0x2d c:/st/stm32cubeide_1.12.1/stm32cubeide/plugins/com.st.stm32cube.ide.mcu.externaltools.gnu-tools-for-stm32.10.3-2021.10.win32_1.0.200.202301161003/tools/bin/../lib/gcc/arm-none-eabi/10.3.1/thumb/v7-m/nofp/crtbegin.o
 .ARM.attributes
                0x000000000000004a       0x2d ./src/ap/ap.o
 .ARM.attributes
                0x0000000000000077       0x2d ./src/bsp/bsp.o
 .ARM.attributes
                0x00000000000000a4       0x2d ./src/bsp/stm32f1xx_hal_msp.o
 .ARM.attributes
                0x00000000000000d1       0x2d ./src/bsp/stm32f1xx_it.o
 .ARM.attributes
                0x00000000000000fe       0x2d ./src/bsp/system_stm32f1xx.o
 .ARM.attributes
                0x000000000000012b       0x21 ./src/bsp/startup/startup_stm32f103c8tx.o
 .ARM.attributes
                0x000000000000014c       0x2d ./src/hw/driver/led.o
 .ARM.attributes
                0x0000000000000179       0x2d ./src/hw/hw.o
 .ARM.attributes
                0x00000000000001a6       0x2d ./src/lib/cube_f103/Drivers/STM32F1xx_HAL_Driver/Src/stm32f1xx_hal.o
 .ARM.attributes
                0x00000000000001d3       0x2d ./src/lib/cube_f103/Drivers/STM32F1xx_HAL_Driver/Src/stm32f1xx_hal_cortex.o
 .ARM.attributes
                0x0000000000000200       0x2d ./src/lib/cube_f103/Drivers/STM32F1xx_HAL_Driver/Src/stm32f1xx_hal_gpio.o
 .ARM.attributes
                0x000000000000022d       0x2d ./src/lib/cube_f103/Drivers/STM32F1xx_HAL_Driver/Src/stm32f1xx_hal_pcd.o
 .ARM.attributes
                0x000000000000025a       0x2d ./src/lib/cube_f103/Drivers/STM32F1xx_HAL_Driver/Src/stm32f1xx_hal_pcd_ex.o
 .ARM.attributes
                0x0000000000000287       0x2d ./src/lib/cube_f103/Drivers/STM32F1xx_HAL_Driver/Src/stm32f1xx_hal_rcc.o
 .ARM.attributes
                0x00000000000002b4       0x2d ./src/lib/cube_f103/Drivers/STM32F1xx_HAL_Driver/Src/stm32f1xx_hal_rcc_ex.o
 .ARM.attributes
                0x00000000000002e1       0x2d ./src/lib/cube_f103/Drivers/STM32F1xx_HAL_Driver/Src/stm32f1xx_ll_usb.o
 .ARM.attributes
                0x000000000000030e       0x2d ./src/lib/cube_f103/Middlewares/ST/STM32_USB_Device_Library/Class/CDC/Src/usbd_cdc.o
 .ARM.attributes
                0x000000000000033b       0x2d ./src/lib/cube_f103/Middlewares/ST/STM32_USB_Device_Library/Core/Src/usbd_core.o
 .ARM.attributes
                0x0000000000000368       0x2d ./src/lib/cube_f103/Middlewares/ST/STM32_USB_Device_Library/Core/Src/usbd_ctlreq.o
 .ARM.attributes
                0x0000000000000395       0x2d ./src/lib/cube_f103/Middlewares/ST/STM32_USB_Device_Library/Core/Src/usbd_ioreq.o
 .ARM.attributes
                0x00000000000003c2       0x2d ./src/lib/cube_f103/USB_DEVICE/App/usb_device.o
 .ARM.attributes
                0x00000000000003ef       0x2d ./src/lib/cube_f103/USB_DEVICE/App/usbd_cdc_if.o
 .ARM.attributes
                0x000000000000041c       0x2d ./src/lib/cube_f103/USB_DEVICE/App/usbd_desc.o
 .ARM.attributes
                0x0000000000000449       0x2d ./src/lib/cube_f103/USB_DEVICE/Target/usbd_conf.o
 .ARM.attributes
                0x0000000000000476       0x2d ./src/main.o
 .ARM.attributes
                0x00000000000004a3       0x2d c:/st/stm32cubeide_1.12.1/stm32cubeide/plugins/com.st.stm32cube.ide.mcu.externaltools.gnu-tools-for-stm32.10.3-2021.10.win32_1.0.200.202301161003/tools/bin/../lib/gcc/arm-none-eabi/10.3.1/../../../../arm-none-eabi/lib/thumb/v7-m/nofp\libc_nano.a(lib_a-init.o)
 .ARM.attributes
                0x00000000000004d0       0x2d c:/st/stm32cubeide_1.12.1/stm32cubeide/plugins/com.st.stm32cube.ide.mcu.externaltools.gnu-tools-for-stm32.10.3-2021.10.win32_1.0.200.202301161003/tools/bin/../lib/gcc/arm-none-eabi/10.3.1/../../../../arm-none-eabi/lib/thumb/v7-m/nofp\libc_nano.a(lib_a-memset.o)
 .ARM.attributes
                0x00000000000004fd       0x1d c:/st/stm32cubeide_1.12.1/stm32cubeide/plugins/com.st.stm32cube.ide.mcu.externaltools.gnu-tools-for-stm32.10.3-2021.10.win32_1.0.200.202301161003/tools/bin/../lib/gcc/arm-none-eabi/10.3.1/thumb/v7-m/nofp/crtn.o
OUTPUT(stm32f103_sample.elf elf32-littlearm)
LOAD linker stubs
LOAD c:/st/stm32cubeide_1.12.1/stm32cubeide/plugins/com.st.stm32cube.ide.mcu.externaltools.gnu-tools-for-stm32.10.3-2021.10.win32_1.0.200.202301161003/tools/bin/../lib/gcc/arm-none-eabi/10.3.1/../../../../arm-none-eabi/lib/thumb/v7-m/nofp\libc.a
LOAD c:/st/stm32cubeide_1.12.1/stm32cubeide/plugins/com.st.stm32cube.ide.mcu.externaltools.gnu-tools-for-stm32.10.3-2021.10.win32_1.0.200.202301161003/tools/bin/../lib/gcc/arm-none-eabi/10.3.1/../../../../arm-none-eabi/lib/thumb/v7-m/nofp\libm.a
LOAD c:/st/stm32cubeide_1.12.1/stm32cubeide/plugins/com.st.stm32cube.ide.mcu.externaltools.gnu-tools-for-stm32.10.3-2021.10.win32_1.0.200.202301161003/tools/bin/../lib/gcc/arm-none-eabi/10.3.1/thumb/v7-m/nofp\libgcc.a

.debug_info     0x0000000000000000     0xce3d
 .debug_info    0x0000000000000000      0x156 ./src/ap/ap.o
 .debug_info    0x0000000000000156      0x5b4 ./src/bsp/bsp.o
 .debug_info    0x000000000000070a      0x217 ./src/bsp/stm32f1xx_hal_msp.o
 .debug_info    0x0000000000000921      0x65a ./src/bsp/stm32f1xx_it.o
 .debug_info    0x0000000000000f7b      0x236 ./src/bsp/system_stm32f1xx.o
 .debug_info    0x00000000000011b1       0x22 ./src/bsp/startup/startup_stm32f103c8tx.o
 .debug_info    0x00000000000011d3      0x3fe ./src/hw/driver/led.o
 .debug_info    0x00000000000015d1       0xab ./src/hw/hw.o
 .debug_info    0x000000000000167c      0x734 ./src/lib/cube_f103/Drivers/STM32F1xx_HAL_Driver/Src/stm32f1xx_hal.o
 .debug_info    0x0000000000001db0      0xb20 ./src/lib/cube_f103/Drivers/STM32F1xx_HAL_Driver/Src/stm32f1xx_hal_cortex.o
 .debug_info    0x00000000000028d0      0x615 ./src/lib/cube_f103/Drivers/STM32F1xx_HAL_Driver/Src/stm32f1xx_hal_gpio.o
 .debug_info    0x0000000000002ee5     0x182e ./src/lib/cube_f103/Drivers/STM32F1xx_HAL_Driver/Src/stm32f1xx_hal_pcd.o
 .debug_info    0x0000000000004713      0x71a ./src/lib/cube_f103/Drivers/STM32F1xx_HAL_Driver/Src/stm32f1xx_hal_pcd_ex.o
 .debug_info    0x0000000000004e2d      0x865 ./src/lib/cube_f103/Drivers/STM32F1xx_HAL_Driver/Src/stm32f1xx_hal_rcc.o
 .debug_info    0x0000000000005692      0x3e6 ./src/lib/cube_f103/Drivers/STM32F1xx_HAL_Driver/Src/stm32f1xx_hal_rcc_ex.o
 .debug_info    0x0000000000005a78     0x18d8 ./src/lib/cube_f103/Drivers/STM32F1xx_HAL_Driver/Src/stm32f1xx_ll_usb.o
 .debug_info    0x0000000000007350     0x10e3 ./src/lib/cube_f103/Middlewares/ST/STM32_USB_Device_Library/Class/CDC/Src/usbd_cdc.o
 .debug_info    0x0000000000008433      0xb02 ./src/lib/cube_f103/Middlewares/ST/STM32_USB_Device_Library/Core/Src/usbd_core.o
 .debug_info    0x0000000000008f35      0x9b6 ./src/lib/cube_f103/Middlewares/ST/STM32_USB_Device_Library/Core/Src/usbd_ctlreq.o
 .debug_info    0x00000000000098eb      0x715 ./src/lib/cube_f103/Middlewares/ST/STM32_USB_Device_Library/Core/Src/usbd_ioreq.o
 .debug_info    0x000000000000a000      0x679 ./src/lib/cube_f103/USB_DEVICE/App/usb_device.o
 .debug_info    0x000000000000a679      0x962 ./src/lib/cube_f103/USB_DEVICE/App/usbd_cdc_if.o
 .debug_info    0x000000000000afdb      0x484 ./src/lib/cube_f103/USB_DEVICE/App/usbd_desc.o
 .debug_info    0x000000000000b45f     0x1932 ./src/lib/cube_f103/USB_DEVICE/Target/usbd_conf.o
 .debug_info    0x000000000000cd91       0xac ./src/main.o

.debug_abbrev   0x0000000000000000     0x2c2a
 .debug_abbrev  0x0000000000000000       0xdd ./src/ap/ap.o
 .debug_abbrev  0x00000000000000dd      0x1f5 ./src/bsp/bsp.o
 .debug_abbrev  0x00000000000002d2       0xd4 ./src/bsp/stm32f1xx_hal_msp.o
 .debug_abbrev  0x00000000000003a6      0x188 ./src/bsp/stm32f1xx_it.o
 .debug_abbrev  0x000000000000052e      0x13b ./src/bsp/system_stm32f1xx.o
 .debug_abbrev  0x0000000000000669       0x12 ./src/bsp/startup/startup_stm32f103c8tx.o
 .debug_abbrev  0x000000000000067b      0x19b ./src/hw/driver/led.o
 .debug_abbrev  0x0000000000000816       0x6f ./src/hw/hw.o
 .debug_abbrev  0x0000000000000885      0x1fb ./src/lib/cube_f103/Drivers/STM32F1xx_HAL_Driver/Src/stm32f1xx_hal.o
 .debug_abbrev  0x0000000000000a80      0x2ed ./src/lib/cube_f103/Drivers/STM32F1xx_HAL_Driver/Src/stm32f1xx_hal_cortex.o
 .debug_abbrev  0x0000000000000d6d      0x1bb ./src/lib/cube_f103/Drivers/STM32F1xx_HAL_Driver/Src/stm32f1xx_hal_gpio.o
 .debug_abbrev  0x0000000000000f28      0x2c0 ./src/lib/cube_f103/Drivers/STM32F1xx_HAL_Driver/Src/stm32f1xx_hal_pcd.o
 .debug_abbrev  0x00000000000011e8      0x17f ./src/lib/cube_f103/Drivers/STM32F1xx_HAL_Driver/Src/stm32f1xx_hal_pcd_ex.o
 .debug_abbrev  0x0000000000001367      0x2a8 ./src/lib/cube_f103/Drivers/STM32F1xx_HAL_Driver/Src/stm32f1xx_hal_rcc.o
 .debug_abbrev  0x000000000000160f      0x182 ./src/lib/cube_f103/Drivers/STM32F1xx_HAL_Driver/Src/stm32f1xx_hal_rcc_ex.o
 .debug_abbrev  0x0000000000001791      0x1d4 ./src/lib/cube_f103/Drivers/STM32F1xx_HAL_Driver/Src/stm32f1xx_ll_usb.o
 .debug_abbrev  0x0000000000001965      0x2c0 ./src/lib/cube_f103/Middlewares/ST/STM32_USB_Device_Library/Class/CDC/Src/usbd_cdc.o
 .debug_abbrev  0x0000000000001c25      0x236 ./src/lib/cube_f103/Middlewares/ST/STM32_USB_Device_Library/Core/Src/usbd_core.o
 .debug_abbrev  0x0000000000001e5b      0x257 ./src/lib/cube_f103/Middlewares/ST/STM32_USB_Device_Library/Core/Src/usbd_ctlreq.o
 .debug_abbrev  0x00000000000020b2      0x183 ./src/lib/cube_f103/Middlewares/ST/STM32_USB_Device_Library/Core/Src/usbd_ioreq.o
 .debug_abbrev  0x0000000000002235      0x183 ./src/lib/cube_f103/USB_DEVICE/App/usb_device.o
 .debug_abbrev  0x00000000000023b8      0x317 ./src/lib/cube_f103/USB_DEVICE/App/usbd_cdc_if.o
 .debug_abbrev  0x00000000000026cf      0x1fa ./src/lib/cube_f103/USB_DEVICE/App/usbd_desc.o
 .debug_abbrev  0x00000000000028c9      0x305 ./src/lib/cube_f103/USB_DEVICE/Target/usbd_conf.o
 .debug_abbrev  0x0000000000002bce       0x5c ./src/main.o

.debug_aranges  0x0000000000000000      0xb38
 .debug_aranges
                0x0000000000000000       0x28 ./src/ap/ap.o
 .debug_aranges
                0x0000000000000028       0x40 ./src/bsp/bsp.o
 .debug_aranges
                0x0000000000000068       0x20 ./src/bsp/stm32f1xx_hal_msp.o
 .debug_aranges
                0x0000000000000088       0x68 ./src/bsp/stm32f1xx_it.o
 .debug_aranges
                0x00000000000000f0       0x28 ./src/bsp/system_stm32f1xx.o
 .debug_aranges
                0x0000000000000118       0x28 ./src/bsp/startup/startup_stm32f103c8tx.o
 .debug_aranges
                0x0000000000000140       0x38 ./src/hw/driver/led.o
 .debug_aranges
                0x0000000000000178       0x20 ./src/hw/hw.o
 .debug_aranges
                0x0000000000000198       0xe0 ./src/lib/cube_f103/Drivers/STM32F1xx_HAL_Driver/Src/stm32f1xx_hal.o
 .debug_aranges
                0x0000000000000278      0x100 ./src/lib/cube_f103/Drivers/STM32F1xx_HAL_Driver/Src/stm32f1xx_hal_cortex.o
 .debug_aranges
                0x0000000000000378       0x58 ./src/lib/cube_f103/Drivers/STM32F1xx_HAL_Driver/Src/stm32f1xx_hal_gpio.o
 .debug_aranges
                0x00000000000003d0      0x140 ./src/lib/cube_f103/Drivers/STM32F1xx_HAL_Driver/Src/stm32f1xx_hal_pcd.o
 .debug_aranges
                0x0000000000000510       0x38 ./src/lib/cube_f103/Drivers/STM32F1xx_HAL_Driver/Src/stm32f1xx_hal_pcd_ex.o
 .debug_aranges
                0x0000000000000548       0x90 ./src/lib/cube_f103/Drivers/STM32F1xx_HAL_Driver/Src/stm32f1xx_hal_rcc.o
 .debug_aranges
                0x00000000000005d8       0x30 ./src/lib/cube_f103/Drivers/STM32F1xx_HAL_Driver/Src/stm32f1xx_hal_rcc_ex.o
 .debug_aranges
                0x0000000000000608       0xf8 ./src/lib/cube_f103/Drivers/STM32F1xx_HAL_Driver/Src/stm32f1xx_ll_usb.o
 .debug_aranges
                0x0000000000000700       0x90 ./src/lib/cube_f103/Middlewares/ST/STM32_USB_Device_Library/Class/CDC/Src/usbd_cdc.o
 .debug_aranges
                0x0000000000000790       0xb8 ./src/lib/cube_f103/Middlewares/ST/STM32_USB_Device_Library/Core/Src/usbd_core.o
 .debug_aranges
                0x0000000000000848       0x88 ./src/lib/cube_f103/Middlewares/ST/STM32_USB_Device_Library/Core/Src/usbd_ctlreq.o
 .debug_aranges
                0x00000000000008d0       0x50 ./src/lib/cube_f103/Middlewares/ST/STM32_USB_Device_Library/Core/Src/usbd_ioreq.o
 .debug_aranges
                0x0000000000000920       0x20 ./src/lib/cube_f103/USB_DEVICE/App/usb_device.o
 .debug_aranges
                0x0000000000000940       0x60 ./src/lib/cube_f103/USB_DEVICE/App/usbd_cdc_if.o
 .debug_aranges
                0x00000000000009a0       0x60 ./src/lib/cube_f103/USB_DEVICE/App/usbd_desc.o
 .debug_aranges
                0x0000000000000a00      0x118 ./src/lib/cube_f103/USB_DEVICE/Target/usbd_conf.o
 .debug_aranges
                0x0000000000000b18       0x20 ./src/main.o

.debug_ranges   0x0000000000000000      0x9b0
 .debug_ranges  0x0000000000000000       0x18 ./src/ap/ap.o
 .debug_ranges  0x0000000000000018       0x30 ./src/bsp/bsp.o
 .debug_ranges  0x0000000000000048       0x10 ./src/bsp/stm32f1xx_hal_msp.o
 .debug_ranges  0x0000000000000058       0x58 ./src/bsp/stm32f1xx_it.o
 .debug_ranges  0x00000000000000b0       0x18 ./src/bsp/system_stm32f1xx.o
 .debug_ranges  0x00000000000000c8       0x20 ./src/bsp/startup/startup_stm32f103c8tx.o
 .debug_ranges  0x00000000000000e8       0x28 ./src/hw/driver/led.o
 .debug_ranges  0x0000000000000110       0x10 ./src/hw/hw.o
 .debug_ranges  0x0000000000000120       0xd0 ./src/lib/cube_f103/Drivers/STM32F1xx_HAL_Driver/Src/stm32f1xx_hal.o
 .debug_ranges  0x00000000000001f0       0xf0 ./src/lib/cube_f103/Drivers/STM32F1xx_HAL_Driver/Src/stm32f1xx_hal_cortex.o
 .debug_ranges  0x00000000000002e0       0x48 ./src/lib/cube_f103/Drivers/STM32F1xx_HAL_Driver/Src/stm32f1xx_hal_gpio.o
 .debug_ranges  0x0000000000000328      0x130 ./src/lib/cube_f103/Drivers/STM32F1xx_HAL_Driver/Src/stm32f1xx_hal_pcd.o
 .debug_ranges  0x0000000000000458       0x28 ./src/lib/cube_f103/Drivers/STM32F1xx_HAL_Driver/Src/stm32f1xx_hal_pcd_ex.o
 .debug_ranges  0x0000000000000480       0x80 ./src/lib/cube_f103/Drivers/STM32F1xx_HAL_Driver/Src/stm32f1xx_hal_rcc.o
 .debug_ranges  0x0000000000000500       0x20 ./src/lib/cube_f103/Drivers/STM32F1xx_HAL_Driver/Src/stm32f1xx_hal_rcc_ex.o
 .debug_ranges  0x0000000000000520       0xe8 ./src/lib/cube_f103/Drivers/STM32F1xx_HAL_Driver/Src/stm32f1xx_ll_usb.o
 .debug_ranges  0x0000000000000608       0x80 ./src/lib/cube_f103/Middlewares/ST/STM32_USB_Device_Library/Class/CDC/Src/usbd_cdc.o
 .debug_ranges  0x0000000000000688       0xa8 ./src/lib/cube_f103/Middlewares/ST/STM32_USB_Device_Library/Core/Src/usbd_core.o
 .debug_ranges  0x0000000000000730       0x78 ./src/lib/cube_f103/Middlewares/ST/STM32_USB_Device_Library/Core/Src/usbd_ctlreq.o
 .debug_ranges  0x00000000000007a8       0x40 ./src/lib/cube_f103/Middlewares/ST/STM32_USB_Device_Library/Core/Src/usbd_ioreq.o
 .debug_ranges  0x00000000000007e8       0x10 ./src/lib/cube_f103/USB_DEVICE/App/usb_device.o
 .debug_ranges  0x00000000000007f8       0x50 ./src/lib/cube_f103/USB_DEVICE/App/usbd_cdc_if.o
 .debug_ranges  0x0000000000000848       0x50 ./src/lib/cube_f103/USB_DEVICE/App/usbd_desc.o
 .debug_ranges  0x0000000000000898      0x108 ./src/lib/cube_f103/USB_DEVICE/Target/usbd_conf.o
 .debug_ranges  0x00000000000009a0       0x10 ./src/main.o

.debug_macro    0x0000000000000000    0x1a86a
 .debug_macro   0x0000000000000000      0x355 ./src/ap/ap.o
 .debug_macro   0x0000000000000355      0xa60 ./src/ap/ap.o
 .debug_macro   0x0000000000000db5       0x22 ./src/ap/ap.o
 .debug_macro   0x0000000000000dd7       0x4c ./src/ap/ap.o
 .debug_macro   0x0000000000000e23       0x18 ./src/ap/ap.o
 .debug_macro   0x0000000000000e3b       0x94 ./src/ap/ap.o
 .debug_macro   0x0000000000000ecf       0x3c ./src/ap/ap.o
 .debug_macro   0x0000000000000f0b       0x34 ./src/ap/ap.o
 .debug_macro   0x0000000000000f3f       0x16 ./src/ap/ap.o
 .debug_macro   0x0000000000000f55       0x57 ./src/ap/ap.o
 .debug_macro   0x0000000000000fac       0x97 ./src/ap/ap.o
 .debug_macro   0x0000000000001043      0x341 ./src/ap/ap.o
 .debug_macro   0x0000000000001384       0xfd ./src/ap/ap.o
 .debug_macro   0x0000000000001481       0x10 ./src/ap/ap.o
 .debug_macro   0x0000000000001491       0x16 ./src/ap/ap.o
 .debug_macro   0x00000000000014a7       0x43 ./src/ap/ap.o
 .debug_macro   0x00000000000014ea       0x34 ./src/ap/ap.o
 .debug_macro   0x000000000000151e       0x10 ./src/ap/ap.o
 .debug_macro   0x000000000000152e       0x58 ./src/ap/ap.o
 .debug_macro   0x0000000000001586       0x71 ./src/ap/ap.o
 .debug_macro   0x00000000000015f7       0x1c ./src/ap/ap.o
 .debug_macro   0x0000000000001613      0x12a ./src/ap/ap.o
 .debug_macro   0x000000000000173d       0x10 ./src/ap/ap.o
 .debug_macro   0x000000000000174d       0x6a ./src/ap/ap.o
 .debug_macro   0x00000000000017b7       0x1c ./src/ap/ap.o
 .debug_macro   0x00000000000017d3       0x52 ./src/ap/ap.o
 .debug_macro   0x0000000000001825       0x22 ./src/ap/ap.o
 .debug_macro   0x0000000000001847       0x10 ./src/ap/ap.o
 .debug_macro   0x0000000000001857       0x52 ./src/ap/ap.o
 .debug_macro   0x00000000000018a9       0xd5 ./src/ap/ap.o
 .debug_macro   0x000000000000197e       0x1c ./src/ap/ap.o
 .debug_macro   0x000000000000199a       0x3d ./src/ap/ap.o
 .debug_macro   0x00000000000019d7       0x16 ./src/ap/ap.o
 .debug_macro   0x00000000000019ed      0x145 ./src/ap/ap.o
 .debug_macro   0x0000000000001b32      0x103 ./src/ap/ap.o
 .debug_macro   0x0000000000001c35      0x1df ./src/ap/ap.o
 .debug_macro   0x0000000000001e14       0x22 ./src/ap/ap.o
 .debug_macro   0x0000000000001e36       0x1c ./src/ap/ap.o
 .debug_macro   0x0000000000001e52      0x215 ./src/ap/ap.o
 .debug_macro   0x0000000000002067       0x2e ./src/ap/ap.o
 .debug_macro   0x0000000000002095       0x22 ./src/ap/ap.o
 .debug_macro   0x00000000000020b7       0x1c ./src/ap/ap.o
 .debug_macro   0x00000000000020d3       0x22 ./src/ap/ap.o
 .debug_macro   0x00000000000020f5       0xbd ./src/ap/ap.o
 .debug_macro   0x00000000000021b2      0xd23 ./src/ap/ap.o
 .debug_macro   0x0000000000002ed5     0xe09e ./src/ap/ap.o
 .debug_macro   0x0000000000010f73       0x6d ./src/ap/ap.o
 .debug_macro   0x0000000000010fe0     0x348d ./src/ap/ap.o
 .debug_macro   0x000000000001446d       0x56 ./src/ap/ap.o
 .debug_macro   0x00000000000144c3      0x5bc ./src/ap/ap.o
 .debug_macro   0x0000000000014a7f      0x289 ./src/ap/ap.o
 .debug_macro   0x0000000000014d08      0x1cb ./src/ap/ap.o
 .debug_macro   0x0000000000014ed3      0x114 ./src/ap/ap.o
 .debug_macro   0x0000000000014fe7      0x1b2 ./src/ap/ap.o
 .debug_macro   0x0000000000015199       0x27 ./src/ap/ap.o
 .debug_macro   0x00000000000151c0      0x136 ./src/ap/ap.o
 .debug_macro   0x00000000000152f6      0x1bc ./src/ap/ap.o
 .debug_macro   0x00000000000154b2       0x34 ./src/ap/ap.o
 .debug_macro   0x00000000000154e6       0x3c ./src/ap/ap.o
 .debug_macro   0x0000000000015522       0x57 ./src/ap/ap.o
 .debug_macro   0x0000000000015579       0x87 ./src/ap/ap.o
 .debug_macro   0x0000000000015600      0x240 ./src/ap/ap.o
 .debug_macro   0x0000000000015840      0x140 ./src/ap/ap.o
 .debug_macro   0x0000000000015980       0xab ./src/ap/ap.o
 .debug_macro   0x0000000000015a2b      0x242 ./src/ap/ap.o
 .debug_macro   0x0000000000015c6d       0x83 ./src/ap/ap.o
 .debug_macro   0x0000000000015cf0       0x10 ./src/ap/ap.o
 .debug_macro   0x0000000000015d00      0x3ef ./src/bsp/bsp.o
 .debug_macro   0x00000000000160ef       0x16 ./src/bsp/bsp.o
 .debug_macro   0x0000000000016105       0x35 ./src/bsp/bsp.o
 .debug_macro   0x000000000001613a       0x16 ./src/bsp/bsp.o
 .debug_macro   0x0000000000016150       0x29 ./src/bsp/bsp.o
 .debug_macro   0x0000000000016179       0x16 ./src/bsp/bsp.o
 .debug_macro   0x000000000001618f       0x20 ./src/bsp/bsp.o
 .debug_macro   0x00000000000161af       0x5f ./src/bsp/bsp.o
 .debug_macro   0x000000000001620e      0x1c8 ./src/bsp/bsp.o
 .debug_macro   0x00000000000163d6      0x35f ./src/bsp/stm32f1xx_hal_msp.o
 .debug_macro   0x0000000000016735      0x369 ./src/bsp/stm32f1xx_it.o
 .debug_macro   0x0000000000016a9e       0xc8 ./src/bsp/system_stm32f1xx.o
 .debug_macro   0x0000000000016b66       0x8e ./src/bsp/system_stm32f1xx.o
 .debug_macro   0x0000000000016bf4       0x51 ./src/bsp/system_stm32f1xx.o
 .debug_macro   0x0000000000016c45      0x33d ./src/hw/driver/led.o
 .debug_macro   0x0000000000016f82      0x34b ./src/hw/hw.o
 .debug_macro   0x00000000000172cd      0x1c7 ./src/lib/cube_f103/Drivers/STM32F1xx_HAL_Driver/Src/stm32f1xx_hal.o
 .debug_macro   0x0000000000017494       0x5c ./src/lib/cube_f103/Drivers/STM32F1xx_HAL_Driver/Src/stm32f1xx_hal.o
 .debug_macro   0x00000000000174f0      0x1a3 ./src/lib/cube_f103/Drivers/STM32F1xx_HAL_Driver/Src/stm32f1xx_hal_cortex.o
 .debug_macro   0x0000000000017693      0x20e ./src/lib/cube_f103/Drivers/STM32F1xx_HAL_Driver/Src/stm32f1xx_hal_gpio.o
 .debug_macro   0x00000000000178a1      0x1af ./src/lib/cube_f103/Drivers/STM32F1xx_HAL_Driver/Src/stm32f1xx_hal_pcd.o
 .debug_macro   0x0000000000017a50      0x1a3 ./src/lib/cube_f103/Drivers/STM32F1xx_HAL_Driver/Src/stm32f1xx_hal_pcd_ex.o
 .debug_macro   0x0000000000017bf3      0x1b5 ./src/lib/cube_f103/Drivers/STM32F1xx_HAL_Driver/Src/stm32f1xx_hal_rcc.o
 .debug_macro   0x0000000000017da8      0x1a3 ./src/lib/cube_f103/Drivers/STM32F1xx_HAL_Driver/Src/stm32f1xx_hal_rcc_ex.o
 .debug_macro   0x0000000000017f4b      0x1a3 ./src/lib/cube_f103/Drivers/STM32F1xx_HAL_Driver/Src/stm32f1xx_ll_usb.o
 .debug_macro   0x00000000000180ee      0x41c ./src/lib/cube_f103/Middlewares/ST/STM32_USB_Device_Library/Class/CDC/Src/usbd_cdc.o
 .debug_macro   0x000000000001850a       0x8f ./src/lib/cube_f103/Middlewares/ST/STM32_USB_Device_Library/Class/CDC/Src/usbd_cdc.o
 .debug_macro   0x0000000000018599      0x403 ./src/lib/cube_f103/Middlewares/ST/STM32_USB_Device_Library/Core/Src/usbd_core.o
 .debug_macro   0x000000000001899c      0x1ce ./src/lib/cube_f103/Middlewares/ST/STM32_USB_Device_Library/Core/Src/usbd_core.o
 .debug_macro   0x0000000000018b6a      0x40d ./src/lib/cube_f103/Middlewares/ST/STM32_USB_Device_Library/Core/Src/usbd_ctlreq.o
 .debug_macro   0x0000000000018f77      0x409 ./src/lib/cube_f103/Middlewares/ST/STM32_USB_Device_Library/Core/Src/usbd_ioreq.o
 .debug_macro   0x0000000000019380      0x442 ./src/lib/cube_f103/USB_DEVICE/App/usb_device.o
 .debug_macro   0x00000000000197c2       0x52 ./src/lib/cube_f103/USB_DEVICE/App/usb_device.o
 .debug_macro   0x0000000000019814       0x22 ./src/lib/cube_f103/USB_DEVICE/App/usb_device.o
 .debug_macro   0x0000000000019836       0x16 ./src/lib/cube_f103/USB_DEVICE/App/usb_device.o
 .debug_macro   0x000000000001984c      0x42d ./src/lib/cube_f103/USB_DEVICE/App/usbd_cdc_if.o
 .debug_macro   0x0000000000019c79       0x10 ./src/lib/cube_f103/USB_DEVICE/App/usbd_cdc_if.o
 .debug_macro   0x0000000000019c89      0x440 ./src/lib/cube_f103/USB_DEVICE/App/usbd_desc.o
 .debug_macro   0x000000000001a0c9       0x1c ./src/lib/cube_f103/USB_DEVICE/App/usbd_desc.o
 .debug_macro   0x000000000001a0e5      0x426 ./src/lib/cube_f103/USB_DEVICE/Target/usbd_conf.o
 .debug_macro   0x000000000001a50b      0x35f ./src/main.o

.debug_line     0x0000000000000000    0x134e7
 .debug_line    0x0000000000000000      0xa77 ./src/ap/ap.o
 .debug_line    0x0000000000000a77      0xd23 ./src/bsp/bsp.o
 .debug_line    0x000000000000179a      0xac8 ./src/bsp/stm32f1xx_hal_msp.o
 .debug_line    0x0000000000002262      0xba2 ./src/bsp/stm32f1xx_it.o
 .debug_line    0x0000000000002e04      0x554 ./src/bsp/system_stm32f1xx.o
 .debug_line    0x0000000000003358       0x89 ./src/bsp/startup/startup_stm32f103c8tx.o
 .debug_line    0x00000000000033e1      0xad7 ./src/hw/driver/led.o
 .debug_line    0x0000000000003eb8      0xa4c ./src/hw/hw.o
 .debug_line    0x0000000000004904      0xa4e ./src/lib/cube_f103/Drivers/STM32F1xx_HAL_Driver/Src/stm32f1xx_hal.o
 .debug_line    0x0000000000005352      0xc36 ./src/lib/cube_f103/Drivers/STM32F1xx_HAL_Driver/Src/stm32f1xx_hal_cortex.o
 .debug_line    0x0000000000005f88      0xae7 ./src/lib/cube_f103/Drivers/STM32F1xx_HAL_Driver/Src/stm32f1xx_hal_gpio.o
 .debug_line    0x0000000000006a6f     0x147f ./src/lib/cube_f103/Drivers/STM32F1xx_HAL_Driver/Src/stm32f1xx_hal_pcd.o
 .debug_line    0x0000000000007eee      0x81c ./src/lib/cube_f103/Drivers/STM32F1xx_HAL_Driver/Src/stm32f1xx_hal_pcd_ex.o
 .debug_line    0x000000000000870a      0xe5a ./src/lib/cube_f103/Drivers/STM32F1xx_HAL_Driver/Src/stm32f1xx_hal_rcc.o
 .debug_line    0x0000000000009564      0x995 ./src/lib/cube_f103/Drivers/STM32F1xx_HAL_Driver/Src/stm32f1xx_hal_rcc_ex.o
 .debug_line    0x0000000000009ef9     0x1103 ./src/lib/cube_f103/Drivers/STM32F1xx_HAL_Driver/Src/stm32f1xx_ll_usb.o
 .debug_line    0x000000000000affc     0x103b ./src/lib/cube_f103/Middlewares/ST/STM32_USB_Device_Library/Class/CDC/Src/usbd_cdc.o
 .debug_line    0x000000000000c037     0x107f ./src/lib/cube_f103/Middlewares/ST/STM32_USB_Device_Library/Core/Src/usbd_core.o
 .debug_line    0x000000000000d0b6     0x12a1 ./src/lib/cube_f103/Middlewares/ST/STM32_USB_Device_Library/Core/Src/usbd_ctlreq.o
 .debug_line    0x000000000000e357      0xd15 ./src/lib/cube_f103/Middlewares/ST/STM32_USB_Device_Library/Core/Src/usbd_ioreq.o
 .debug_line    0x000000000000f06c      0xd11 ./src/lib/cube_f103/USB_DEVICE/App/usb_device.o
 .debug_line    0x000000000000fd7d      0xe38 ./src/lib/cube_f103/USB_DEVICE/App/usbd_cdc_if.o
 .debug_line    0x0000000000010bb5      0xd9e ./src/lib/cube_f103/USB_DEVICE/App/usbd_desc.o
 .debug_line    0x0000000000011953     0x110b ./src/lib/cube_f103/USB_DEVICE/Target/usbd_conf.o
 .debug_line    0x0000000000012a5e      0xa89 ./src/main.o

.debug_str      0x0000000000000000    0x84d6f
 .debug_str     0x0000000000000000    0x80fdf ./src/ap/ap.o
                                      0x81328 (size before relaxing)
 .debug_str     0x0000000000080fdf      0xe07 ./src/bsp/bsp.o
                                      0x82131 (size before relaxing)
 .debug_str     0x0000000000081de6       0x59 ./src/bsp/stm32f1xx_hal_msp.o
                                      0x81365 (size before relaxing)
 .debug_str     0x0000000000081e3f      0x407 ./src/bsp/stm32f1xx_it.o
                                      0x81739 (size before relaxing)
 .debug_str     0x0000000000082246       0x7d ./src/bsp/system_stm32f1xx.o
                                      0x545bd (size before relaxing)
 .debug_str     0x00000000000822c3       0x7d ./src/bsp/startup/startup_stm32f103c8tx.o
 .debug_str     0x0000000000082340       0x69 ./src/hw/driver/led.o
                                      0x81414 (size before relaxing)
 .debug_str     0x00000000000823a9       0x16 ./src/hw/hw.o
                                      0x812c3 (size before relaxing)
 .debug_str     0x00000000000823bf      0x60d ./src/lib/cube_f103/Drivers/STM32F1xx_HAL_Driver/Src/stm32f1xx_hal.o
                                      0x7dc73 (size before relaxing)
 .debug_str     0x00000000000829cc      0x2a5 ./src/lib/cube_f103/Drivers/STM32F1xx_HAL_Driver/Src/stm32f1xx_hal_cortex.o
                                      0x7dbbf (size before relaxing)
 .debug_str     0x0000000000082c71      0x2f5 ./src/lib/cube_f103/Drivers/STM32F1xx_HAL_Driver/Src/stm32f1xx_hal_gpio.o
                                      0x7d8c6 (size before relaxing)
 .debug_str     0x0000000000082f66      0x5cf ./src/lib/cube_f103/Drivers/STM32F1xx_HAL_Driver/Src/stm32f1xx_hal_pcd.o
                                      0x7de52 (size before relaxing)
 .debug_str     0x0000000000083535      0x182 ./src/lib/cube_f103/Drivers/STM32F1xx_HAL_Driver/Src/stm32f1xx_hal_pcd_ex.o
                                      0x7d9b4 (size before relaxing)
 .debug_str     0x00000000000836b7      0x23b ./src/lib/cube_f103/Drivers/STM32F1xx_HAL_Driver/Src/stm32f1xx_hal_rcc.o
                                      0x7d96f (size before relaxing)
 .debug_str     0x00000000000838f2       0xb1 ./src/lib/cube_f103/Drivers/STM32F1xx_HAL_Driver/Src/stm32f1xx_hal_rcc_ex.o
                                      0x7d6bf (size before relaxing)
 .debug_str     0x00000000000839a3      0x13b ./src/lib/cube_f103/Drivers/STM32F1xx_HAL_Driver/Src/stm32f1xx_ll_usb.o
                                      0x7da06 (size before relaxing)
 .debug_str     0x0000000000083ade      0x979 ./src/lib/cube_f103/Middlewares/ST/STM32_USB_Device_Library/Class/CDC/Src/usbd_cdc.o
                                      0x82b7a (size before relaxing)
 .debug_str     0x0000000000084457      0x293 ./src/lib/cube_f103/Middlewares/ST/STM32_USB_Device_Library/Core/Src/usbd_core.o
                                      0x824b5 (size before relaxing)
 .debug_str     0x00000000000846ea      0x132 ./src/lib/cube_f103/Middlewares/ST/STM32_USB_Device_Library/Core/Src/usbd_ctlreq.o
                                      0x823cf (size before relaxing)
 .debug_str     0x000000000008481c       0x63 ./src/lib/cube_f103/Middlewares/ST/STM32_USB_Device_Library/Core/Src/usbd_ioreq.o
                                      0x822fc (size before relaxing)
 .debug_str     0x000000000008487f      0x115 ./src/lib/cube_f103/USB_DEVICE/App/usb_device.o
                                      0x82685 (size before relaxing)
 .debug_str     0x0000000000084994       0xd4 ./src/lib/cube_f103/USB_DEVICE/App/usbd_cdc_if.o
                                      0x8271c (size before relaxing)
 .debug_str     0x0000000000084a68      0x26a ./src/lib/cube_f103/USB_DEVICE/App/usbd_desc.o
                                      0x82238 (size before relaxing)
 .debug_str     0x0000000000084cd2       0x8a ./src/lib/cube_f103/USB_DEVICE/Target/usbd_conf.o
                                      0x83107 (size before relaxing)
 .debug_str     0x0000000000084d5c       0x13 ./src/main.o
                                      0x812da (size before relaxing)

.comment        0x0000000000000000       0x50
 .comment       0x0000000000000000       0x50 ./src/ap/ap.o
                                         0x51 (size before relaxing)
 .comment       0x0000000000000050       0x51 ./src/bsp/bsp.o
 .comment       0x0000000000000050       0x51 ./src/bsp/stm32f1xx_hal_msp.o
 .comment       0x0000000000000050       0x51 ./src/bsp/stm32f1xx_it.o
 .comment       0x0000000000000050       0x51 ./src/bsp/system_stm32f1xx.o
 .comment       0x0000000000000050       0x51 ./src/hw/driver/led.o
 .comment       0x0000000000000050       0x51 ./src/hw/hw.o
 .comment       0x0000000000000050       0x51 ./src/lib/cube_f103/Drivers/STM32F1xx_HAL_Driver/Src/stm32f1xx_hal.o
 .comment       0x0000000000000050       0x51 ./src/lib/cube_f103/Drivers/STM32F1xx_HAL_Driver/Src/stm32f1xx_hal_cortex.o
 .comment       0x0000000000000050       0x51 ./src/lib/cube_f103/Drivers/STM32F1xx_HAL_Driver/Src/stm32f1xx_hal_gpio.o
 .comment       0x0000000000000050       0x51 ./src/lib/cube_f103/Drivers/STM32F1xx_HAL_Driver/Src/stm32f1xx_hal_pcd.o
 .comment       0x0000000000000050       0x51 ./src/lib/cube_f103/Drivers/STM32F1xx_HAL_Driver/Src/stm32f1xx_hal_pcd_ex.o
 .comment       0x0000000000000050       0x51 ./src/lib/cube_f103/Drivers/STM32F1xx_HAL_Driver/Src/stm32f1xx_hal_rcc.o
 .comment       0x0000000000000050       0x51 ./src/lib/cube_f103/Drivers/STM32F1xx_HAL_Driver/Src/stm32f1xx_hal_rcc_ex.o
 .comment       0x0000000000000050       0x51 ./src/lib/cube_f103/Drivers/STM32F1xx_HAL_Driver/Src/stm32f1xx_ll_usb.o
 .comment       0x0000000000000050       0x51 ./src/lib/cube_f103/Middlewares/ST/STM32_USB_Device_Library/Class/CDC/Src/usbd_cdc.o
 .comment       0x0000000000000050       0x51 ./src/lib/cube_f103/Middlewares/ST/STM32_USB_Device_Library/Core/Src/usbd_core.o
 .comment       0x0000000000000050       0x51 ./src/lib/cube_f103/Middlewares/ST/STM32_USB_Device_Library/Core/Src/usbd_ctlreq.o
 .comment       0x0000000000000050       0x51 ./src/lib/cube_f103/Middlewares/ST/STM32_USB_Device_Library/Core/Src/usbd_ioreq.o
 .comment       0x0000000000000050       0x51 ./src/lib/cube_f103/USB_DEVICE/App/usb_device.o
 .comment       0x0000000000000050       0x51 ./src/lib/cube_f103/USB_DEVICE/App/usbd_cdc_if.o
 .comment       0x0000000000000050       0x51 ./src/lib/cube_f103/USB_DEVICE/App/usbd_desc.o
 .comment       0x0000000000000050       0x51 ./src/lib/cube_f103/USB_DEVICE/Target/usbd_conf.o
 .comment       0x0000000000000050       0x51 ./src/main.o

.debug_frame    0x0000000000000000     0x29ec
 .debug_frame   0x0000000000000000       0x50 ./src/ap/ap.o
 .debug_frame   0x0000000000000050       0xb0 ./src/bsp/bsp.o
 .debug_frame   0x0000000000000100       0x38 ./src/bsp/stm32f1xx_hal_msp.o
 .debug_frame   0x0000000000000138      0x120 ./src/bsp/stm32f1xx_it.o
 .debug_frame   0x0000000000000258       0x58 ./src/bsp/system_stm32f1xx.o
 .debug_frame   0x00000000000002b0       0xa0 ./src/hw/driver/led.o
 .debug_frame   0x0000000000000350       0x2c ./src/hw/hw.o
 .debug_frame   0x000000000000037c      0x334 ./src/lib/cube_f103/Drivers/STM32F1xx_HAL_Driver/Src/stm32f1xx_hal.o
 .debug_frame   0x00000000000006b0      0x428 ./src/lib/cube_f103/Drivers/STM32F1xx_HAL_Driver/Src/stm32f1xx_hal_cortex.o
 .debug_frame   0x0000000000000ad8      0x14c ./src/lib/cube_f103/Drivers/STM32F1xx_HAL_Driver/Src/stm32f1xx_hal_gpio.o
 .debug_frame   0x0000000000000c24      0x59c ./src/lib/cube_f103/Drivers/STM32F1xx_HAL_Driver/Src/stm32f1xx_hal_pcd.o
 .debug_frame   0x00000000000011c0       0xb0 ./src/lib/cube_f103/Drivers/STM32F1xx_HAL_Driver/Src/stm32f1xx_hal_pcd_ex.o
 .debug_frame   0x0000000000001270      0x218 ./src/lib/cube_f103/Drivers/STM32F1xx_HAL_Driver/Src/stm32f1xx_hal_rcc.o
 .debug_frame   0x0000000000001488       0x80 ./src/lib/cube_f103/Drivers/STM32F1xx_HAL_Driver/Src/stm32f1xx_hal_rcc_ex.o
 .debug_frame   0x0000000000001508      0x478 ./src/lib/cube_f103/Drivers/STM32F1xx_HAL_Driver/Src/stm32f1xx_ll_usb.o
 .debug_frame   0x0000000000001980      0x248 ./src/lib/cube_f103/Middlewares/ST/STM32_USB_Device_Library/Class/CDC/Src/usbd_cdc.o
 .debug_frame   0x0000000000001bc8      0x300 ./src/lib/cube_f103/Middlewares/ST/STM32_USB_Device_Library/Core/Src/usbd_core.o
 .debug_frame   0x0000000000001ec8      0x218 ./src/lib/cube_f103/Middlewares/ST/STM32_USB_Device_Library/Core/Src/usbd_ctlreq.o
 .debug_frame   0x00000000000020e0      0x10c ./src/lib/cube_f103/Middlewares/ST/STM32_USB_Device_Library/Core/Src/usbd_ioreq.o
 .debug_frame   0x00000000000021ec       0x2c ./src/lib/cube_f103/USB_DEVICE/App/usb_device.o
 .debug_frame   0x0000000000002218      0x158 ./src/lib/cube_f103/USB_DEVICE/App/usbd_cdc_if.o
 .debug_frame   0x0000000000002370      0x160 ./src/lib/cube_f103/USB_DEVICE/App/usbd_desc.o
 .debug_frame   0x00000000000024d0      0x4a4 ./src/lib/cube_f103/USB_DEVICE/Target/usbd_conf.o
 .debug_frame   0x0000000000002974       0x2c ./src/main.o
 .debug_frame   0x00000000000029a0       0x2c c:/st/stm32cubeide_1.12.1/stm32cubeide/plugins/com.st.stm32cube.ide.mcu.externaltools.gnu-tools-for-stm32.10.3-2021.10.win32_1.0.200.202301161003/tools/bin/../lib/gcc/arm-none-eabi/10.3.1/../../../../arm-none-eabi/lib/thumb/v7-m/nofp\libc_nano.a(lib_a-init.o)
 .debug_frame   0x00000000000029cc       0x20 c:/st/stm32cubeide_1.12.1/stm32cubeide/plugins/com.st.stm32cube.ide.mcu.externaltools.gnu-tools-for-stm32.10.3-2021.10.win32_1.0.200.202301161003/tools/bin/../lib/gcc/arm-none-eabi/10.3.1/../../../../arm-none-eabi/lib/thumb/v7-m/nofp\libc_nano.a(lib_a-memset.o)
