../src/lib/cube_f103/USB_DEVICE/App/usbd_cdc_if.c:43:10:cdcAvailable	16	static
../src/lib/cube_f103/USB_DEVICE/App/usbd_cdc_if.c:53:9:cdcRead	16	static
../src/lib/cube_f103/USB_DEVICE/App/usbd_cdc_if.c:69:6:cdcDataIn	24	static
../src/lib/cube_f103/USB_DEVICE/App/usbd_cdc_if.c:83:10:cdcWrite	24	static
../src/lib/cube_f103/USB_DEVICE/App/usbd_cdc_if.c:111:10:cdcGetBaud	4	static
../src/lib/cube_f103/USB_DEVICE/App/usbd_cdc_if.c:241:15:CDC_Init_FS	8	static
../src/lib/cube_f103/USB_DEVICE/App/usbd_cdc_if.c:255:15:CDC_DeInit_FS	4	static
../src/lib/cube_f103/USB_DEVICE/App/usbd_cdc_if.c:269:15:CDC_Control_FS	16	static
../src/lib/cube_f103/USB_DEVICE/App/usbd_cdc_if.c:363:15:CDC_Receive_FS	24	static
../src/lib/cube_f103/USB_DEVICE/App/usbd_cdc_if.c:390:9:CDC_Transmit_FS	24	static
